Archive member included to satisfy reference by file (symbol)

/home/laura/.pico-sdk/toolchain/14_2_Rel1/bin/../lib/gcc/arm-none-eabi/14.2.1/thumb/v6-m/nofp/libgcc.a(_dvmd_tls.o)
                              CMakeFiles/str-freertos.dir/home/laura/.pico-sdk/sdk/2.1.1/src/rp2_common/pico_divider/divider_hardware.S.o (__aeabi_idiv0)
/home/laura/.pico-sdk/toolchain/14_2_Rel1/bin/../lib/gcc/arm-none-eabi/14.2.1/../../../../arm-none-eabi/lib/thumb/v6-m/nofp/libg.a(libc_a-calloc.o)
                              CMakeFiles/str-freertos.dir/home/laura/.pico-sdk/sdk/2.1.1/src/rp2_common/pico_malloc/malloc.c.o (calloc)
/home/laura/.pico-sdk/toolchain/14_2_Rel1/bin/../lib/gcc/arm-none-eabi/14.2.1/../../../../arm-none-eabi/lib/thumb/v6-m/nofp/libg.a(libc_a-callocr.o)
                              /home/laura/.pico-sdk/toolchain/14_2_Rel1/bin/../lib/gcc/arm-none-eabi/14.2.1/../../../../arm-none-eabi/lib/thumb/v6-m/nofp/libg.a(libc_a-calloc.o) (_calloc_r)
/home/laura/.pico-sdk/toolchain/14_2_Rel1/bin/../lib/gcc/arm-none-eabi/14.2.1/../../../../arm-none-eabi/lib/thumb/v6-m/nofp/libg.a(libc_a-malloc.o)
                              CMakeFiles/str-freertos.dir/home/laura/.pico-sdk/sdk/2.1.1/src/rp2_common/pico_malloc/malloc.c.o (malloc)
/home/laura/.pico-sdk/toolchain/14_2_Rel1/bin/../lib/gcc/arm-none-eabi/14.2.1/../../../../arm-none-eabi/lib/thumb/v6-m/nofp/libg.a(libc_a-mallocr.o)
                              /home/laura/.pico-sdk/toolchain/14_2_Rel1/bin/../lib/gcc/arm-none-eabi/14.2.1/../../../../arm-none-eabi/lib/thumb/v6-m/nofp/libg.a(libc_a-callocr.o) (_malloc_r)
/home/laura/.pico-sdk/toolchain/14_2_Rel1/bin/../lib/gcc/arm-none-eabi/14.2.1/../../../../arm-none-eabi/lib/thumb/v6-m/nofp/libg.a(libc_a-mlock.o)
                              /home/laura/.pico-sdk/toolchain/14_2_Rel1/bin/../lib/gcc/arm-none-eabi/14.2.1/../../../../arm-none-eabi/lib/thumb/v6-m/nofp/libg.a(libc_a-mallocr.o) (__malloc_lock)
/home/laura/.pico-sdk/toolchain/14_2_Rel1/bin/../lib/gcc/arm-none-eabi/14.2.1/../../../../arm-none-eabi/lib/thumb/v6-m/nofp/libg.a(libc_a-realloc.o)
                              CMakeFiles/str-freertos.dir/home/laura/.pico-sdk/sdk/2.1.1/src/rp2_common/pico_malloc/malloc.c.o (realloc)
/home/laura/.pico-sdk/toolchain/14_2_Rel1/bin/../lib/gcc/arm-none-eabi/14.2.1/../../../../arm-none-eabi/lib/thumb/v6-m/nofp/libg.a(libc_a-reallocr.o)
                              /home/laura/.pico-sdk/toolchain/14_2_Rel1/bin/../lib/gcc/arm-none-eabi/14.2.1/../../../../arm-none-eabi/lib/thumb/v6-m/nofp/libg.a(libc_a-realloc.o) (_realloc_r)
/home/laura/.pico-sdk/toolchain/14_2_Rel1/bin/../lib/gcc/arm-none-eabi/14.2.1/../../../../arm-none-eabi/lib/thumb/v6-m/nofp/libg.a(libc_a-ctype_.o)
                              CMakeFiles/str-freertos.dir/include/ssd1306_i2c.c.o (_ctype_)
/home/laura/.pico-sdk/toolchain/14_2_Rel1/bin/../lib/gcc/arm-none-eabi/14.2.1/../../../../arm-none-eabi/lib/thumb/v6-m/nofp/libg.a(libc_a-memcmp.o)
                              CMakeFiles/str-freertos.dir/home/laura/.pico-sdk/sdk/2.1.1/src/rp2_common/pico_atomic/atomic.c.o (memcmp)
/home/laura/.pico-sdk/toolchain/14_2_Rel1/bin/../lib/gcc/arm-none-eabi/14.2.1/../../../../arm-none-eabi/lib/thumb/v6-m/nofp/libg.a(libc_a-memmove.o)
                              /home/laura/.pico-sdk/toolchain/14_2_Rel1/bin/../lib/gcc/arm-none-eabi/14.2.1/../../../../arm-none-eabi/lib/thumb/v6-m/nofp/libg.a(libc_a-reallocr.o) (memmove)
/home/laura/.pico-sdk/toolchain/14_2_Rel1/bin/../lib/gcc/arm-none-eabi/14.2.1/../../../../arm-none-eabi/lib/thumb/v6-m/nofp/libg.a(libc_a-lcltime_r.o)
                              CMakeFiles/str-freertos.dir/home/laura/.pico-sdk/sdk/2.1.1/src/common/pico_util/datetime.c.o (localtime_r)
/home/laura/.pico-sdk/toolchain/14_2_Rel1/bin/../lib/gcc/arm-none-eabi/14.2.1/../../../../arm-none-eabi/lib/thumb/v6-m/nofp/libg.a(libc_a-mktime.o)
                              CMakeFiles/str-freertos.dir/home/laura/.pico-sdk/sdk/2.1.1/src/common/pico_util/datetime.c.o (mktime)
/home/laura/.pico-sdk/toolchain/14_2_Rel1/bin/../lib/gcc/arm-none-eabi/14.2.1/../../../../arm-none-eabi/lib/thumb/v6-m/nofp/libg.a(libc_a-month_lengths.o)
                              /home/laura/.pico-sdk/toolchain/14_2_Rel1/bin/../lib/gcc/arm-none-eabi/14.2.1/../../../../arm-none-eabi/lib/thumb/v6-m/nofp/libg.a(libc_a-lcltime_r.o) (__month_lengths)
/home/laura/.pico-sdk/toolchain/14_2_Rel1/bin/../lib/gcc/arm-none-eabi/14.2.1/../../../../arm-none-eabi/lib/thumb/v6-m/nofp/libg.a(libc_a-tzcalc_limits.o)
                              /home/laura/.pico-sdk/toolchain/14_2_Rel1/bin/../lib/gcc/arm-none-eabi/14.2.1/../../../../arm-none-eabi/lib/thumb/v6-m/nofp/libg.a(libc_a-lcltime_r.o) (__tzcalc_limits)
/home/laura/.pico-sdk/toolchain/14_2_Rel1/bin/../lib/gcc/arm-none-eabi/14.2.1/../../../../arm-none-eabi/lib/thumb/v6-m/nofp/libg.a(libc_a-tzlock.o)
[...]
Memory Configuration

Name             Origin             Length             Attributes
FLASH            0x10000000         0x00200000         xr
RAM              0x20000000         0x00040000         xrw
SCRATCH_X        0x20040000         0x00001000         xrw
SCRATCH_Y        0x20041000         0x00001000         xrw
*default*        0x00000000         0xffffffff

Linker script and memory map

LOAD /home/laura/.pico-sdk/toolchain/14_2_Rel1/bin/../lib/gcc/arm-none-eabi/14.2.1/thumb/v6-m/nofp/crti.o
LOAD /home/laura/.pico-sdk/toolchain/14_2_Rel1/bin/../lib/gcc/arm-none-eabi/14.2.1/thumb/v6-m/nofp/crtbegin.o
LOAD /home/laura/.pico-sdk/toolchain/14_2_Rel1/bin/../lib/gcc/arm-none-eabi/14.2.1/../../../../arm-none-eabi/lib/thumb/v6-m/nofp/crt0.o

.flash_begin    0x10000000        0x0
                0x10000000                        __flash_binary_start = .

.boot2          0x10000000      0x100
                0x10000000                        __boot2_start__ = .
 *(.boot2)
 .boot2         0x10000000      0x100 pico-sdk/src/rp2040/boot_stage2/CMakeFiles/bs2_default_library.dir/./bs2_default_padded_checksummed.S.o
                0x10000100                        __boot2_end__ = .
                0x00000001                        ASSERT (((__boot2_end__ - __boot2_start__) == 0x100), ERROR: Pico second stage bootloader must be 256 bytes in size)

.text           0x10000100     0xb6c0
                0x10000100                        __logical_binary_start = .
 *(.vectors)
 .vectors       0x10000100       0xd4 CMakeFiles/str-freertos.dir/home/laura/.pico-sdk/sdk/2.1.1/src/rp2_common/pico_crt0/crt0.S.o
                0x10000100                __vectors
                0x10000100                __VECTOR_TABLE
                0x100001c0                isr_invalid
                0x100001c0                __default_isrs_start
                0x100001c2                isr_nmi
                0x100001c4                isr_hardfault
                0x100001c6                isr_svcall
                0x100001c8                isr_pendsv
                0x100001ca                isr_systick
                0x100001cc                isr_irq30
                0x100001cc                __unhandled_user_irq
                0x100001cc                isr_irq13
                0x100001cc                isr_irq27
                0x100001cc                isr_irq31
                0x100001cc                isr_irq5
                0x100001cc                isr_irq11
                0x100001cc                isr_irq23
                0x100001cc                isr_irq18
                0x100001cc                isr_irq28
                0x100001cc                isr_irq19
                0x100001cc                isr_irq0
                0x100001cc                isr_irq6
                0x100001cc                isr_irq22
                0x100001cc                isr_irq17
                0x100001cc                isr_irq14
                0x100001cc                isr_irq2
                0x100001cc                isr_irq10
                0x100001cc                isr_irq8
                0x100001cc                isr_irq24
                0x100001cc                isr_irq1
                0x100001cc                isr_irq7
                0x100001cc                isr_irq21
                0x100001cc                isr_irq20
                0x100001cc                isr_irq15
                0x100001cc                isr_irq25
                0x100001cc                isr_irq4
                0x100001cc                isr_irq16
                0x100001cc                isr_irq29
                0x100001cc                isr_irq26
                0x100001cc                __default_isrs_end
                0x100001cc                isr_irq3
                0x100001cc                isr_irq12
                0x100001cc                isr_irq9
                0x100001d2                unhandled_user_irq_num_in_r0
 *(.binary_info_header)
 .binary_info_header
                0x100001d4       0x14 CMakeFiles/str-freertos.dir/home/laura/.pico-sdk/sdk/2.1.1/src/rp2_common/pico_crt0/crt0.S.o
                0x100001e8                        __binary_info_header_end = .
 *(.embedded_block)
                0x100001e8                        __embedded_block_end = .
 *(.reset)
 .reset         0x100001e8       0x9c CMakeFiles/str-freertos.dir/home/laura/.pico-sdk/sdk/2.1.1/src/rp2_common/pico_crt0/crt0.S.o
                0x100001e8                _entry_point
 *(.init)
 .init          0x10000284        0x4 /home/laura/.pico-sdk/toolchain/14_2_Rel1/bin/../lib/gcc/arm-none-eabi/14.2.1/thumb/v6-m/nofp/crti.o
                0x10000284                _init
 *(EXCLUDE_FILE(*libm.a: *libc.a:*lib_a-mem*.o *libgcc.a:) .text*)
 .text.register_tm_clones
                0x10000288       0x28 /home/laura/.pico-sdk/toolchain/14_2_Rel1/bin/../lib/gcc/arm-none-eabi/14.2.1/thumb/v6-m/nofp/crtbegin.o
 .text.frame_dummy
                0x100002b0       0x24 /home/laura/.pico-sdk/toolchain/14_2_Rel1/bin/../lib/gcc/arm-none-eabi/14.2.1/thumb/v6-m/nofp/crtbegin.o
 .text.task_monitor_rpm
                0x100002d4       0x5c CMakeFiles/str-freertos.dir/src/main.c.o
                0x100002d4                task_monitor_rpm
 .text.task_monitor_velocidade
                0x10000330       0x74 CMakeFiles/str-freertos.dir/src/main.c.o
                0x10000330                task_monitor_velocidade
 .text.task_monitor_temperatura
                0x100003a4       0xb4 CMakeFiles/str-freertos.dir/src/main.c.o
                0x100003a4                task_monitor_temperatura
 .text.task_monitor_combustivel
                0x10000458       0x9c CMakeFiles/str-freertos.dir/src/main.c.o
                0x10000458                task_monitor_combustivel
 .text.task_logica_abs
                0x100004f4       0xcc CMakeFiles/str-freertos.dir/src/main.c.o
                0x100004f4                task_logica_abs
 .text.task_logica_airbag
                0x100005c0       0x70 CMakeFiles/str-freertos.dir/src/main.c.o
                0x100005c0                task_logica_airbag
 .text.task_comando_piloto
                0x10000630       0xc0 CMakeFiles/str-freertos.dir/src/main.c.o
                0x10000630                task_comando_piloto
 .text.task_gerencia_display
                0x100006f0      0x150 CMakeFiles/str-freertos.dir/src/main.c.o
                0x100006f0                task_gerencia_display
 .text.gpio_callback_isr
                0x10000840       0x5c CMakeFiles/str-freertos.dir/src/main.c.o
                0x10000840                gpio_callback_isr
 .text.init_hardware
                0x1000089c      0x12c CMakeFiles/str-freertos.dir/src/main.c.o
                0x1000089c                init_hardware
 .text.startup.main
                0x100009c8      0x180 CMakeFiles/str-freertos.dir/src/main.c.o
                0x100009c8                main
 .text.calculate_render_area_buffer_length
                0x10000b48       0x18 CMakeFiles/str-freertos.dir/include/ssd1306_i2c.c.o
                0x10000b48                calculate_render_area_buffer_length
 .text.ssd1306_init
                0x10000b60       0x58 CMakeFiles/str-freertos.dir/include/ssd1306_i2c.c.o
                0x10000b60                ssd1306_init
 .text.render_on_display
                0x10000bb8       0x98 CMakeFiles/str-freertos.dir/include/ssd1306_i2c.c.o
                0x10000bb8                render_on_display
 .text.ssd1306_draw_string
                0x10000c50      0x190 CMakeFiles/str-freertos.dir/include/ssd1306_i2c.c.o
                0x10000c50                ssd1306_draw_string
 .text.ws2818b_program_init
                0x10000de0       0xdc CMakeFiles/str-freertos.dir/include/neopixel.c.o
                0x10000de0                ws2818b_program_init
 .text.npInit   0x10000ebc       0xf0 CMakeFiles/str-freertos.dir/include/neopixel.c.o
                0x10000ebc                npInit
 .text.npSetLED
                0x10000fac       0x18 CMakeFiles/str-freertos.dir/include/neopixel.c.o
                0x10000fac                npSetLED
 .text.npClear  0x10000fc4       0x8c CMakeFiles/str-freertos.dir/include/neopixel.c.o
                0x10000fc4                npClear
 .text.npWrite  0x10001050       0x68 CMakeFiles/str-freertos.dir/include/neopixel.c.o
                0x10001050                npWrite
 .text.gpio_default_irq_handler
                0x100010b8      0x2c8 CMakeFiles/str-freertos.dir/home/laura/.pico-sdk/sdk/2.1.1/src/rp2_common/hardware_gpio/gpio.c.o
 .text.gpio_set_function
                0x10001380       0x34 CMakeFiles/str-freertos.dir/home/laura/.pico-sdk/sdk/2.1.1/src/rp2_common/hardware_gpio/gpio.c.o
                0x10001380                gpio_set_function
 .text.gpio_set_pulls
                0x100013b4       0x28 CMakeFiles/str-freertos.dir/home/laura/.pico-sdk/sdk/2.1.1/src/rp2_common/hardware_gpio/gpio.c.o
                0x100013b4                gpio_set_pulls
 .text.gpio_set_irq_enabled_with_callback
                0x100013dc       0xd0 CMakeFiles/str-freertos.dir/home/laura/.pico-sdk/sdk/2.1.1/src/rp2_common/hardware_gpio/gpio.c.o
                0x100013dc                gpio_set_irq_enabled_with_callback
 .text.gpio_set_input_enabled
                0x100014ac       0x28 CMakeFiles/str-freertos.dir/home/laura/.pico-sdk/sdk/2.1.1/src/rp2_common/hardware_gpio/gpio.c.o
                0x100014ac                gpio_set_input_enabled
 .text.gpio_init
                0x100014d4       0x40 CMakeFiles/str-freertos.dir/home/laura/.pico-sdk/sdk/2.1.1/src/rp2_common/hardware_gpio/gpio.c.o
                0x100014d4                gpio_init
 .text.rp2040_chip_version
                0x10001514        0xc CMakeFiles/str-freertos.dir/home/laura/.pico-sdk/sdk/2.1.1/src/rp2040/pico_platform/platform.c.o
                0x10001514                rp2040_chip_version
 .text.panic    0x10001520       0x30 CMakeFiles/str-freertos.dir/home/laura/.pico-sdk/sdk/2.1.1/src/rp2_common/pico_platform_panic/panic.c.o
                0x10001520                panic
 .text.panic_unsupported
                0x10001550        0xc CMakeFiles/str-freertos.dir/home/laura/.pico-sdk/sdk/2.1.1/src/rp2_common/pico_platform_panic/panic.c.o
                0x10001550                panic_unsupported
 .text.hw_claim_lock
                0x1000155c       0x18 CMakeFiles/str-freertos.dir/home/laura/.pico-sdk/sdk/2.1.1/src/common/hardware_claim/claim.c.o
                0x1000155c                hw_claim_lock
 .text.hw_claim_unlock
                0x10001574       0x14 CMakeFiles/str-freertos.dir/home/laura/.pico-sdk/sdk/2.1.1/src/common/hardware_claim/claim.c.o
                0x10001574                hw_claim_unlock
 .text.hw_claim_or_assert
                0x10001588       0x44 CMakeFiles/str-freertos.dir/home/laura/.pico-sdk/sdk/2.1.1/src/common/hardware_claim/claim.c.o
                0x10001588                hw_claim_or_assert
 .text.hw_claim_unused_from_range
                0x100015cc       0x88 CMakeFiles/str-freertos.dir/home/laura/.pico-sdk/sdk/2.1.1/src/common/hardware_claim/claim.c.o
                0x100015cc                hw_claim_unused_from_range
 .text.next_striped_spin_lock_num
                0x10001654       0x18 CMakeFiles/str-freertos.dir/home/laura/.pico-sdk/sdk/2.1.1/src/rp2_common/hardware_sync/sync.c.o
                0x10001654                next_striped_spin_lock_num
 .text.spin_lock_claim_unused
                0x1000166c       0x24 CMakeFiles/str-freertos.dir/home/laura/.pico-sdk/sdk/2.1.1/src/rp2_common/hardware_sync/sync.c.o
                0x1000166c                spin_lock_claim_unused
 .text.spin_locks_reset
                0x10001690       0x1c CMakeFiles/str-freertos.dir/home/laura/.pico-sdk/sdk/2.1.1/src/rp2_common/hardware_sync_spin_lock/sync_spin_lock.c.o
                0x10001690                spin_locks_reset
 .text.runtime_init_per_core_irq_priorities
                0x100016ac       0x24 CMakeFiles/str-freertos.dir/home/laura/.pico-sdk/sdk/2.1.1/src/rp2_common/hardware_irq/irq.c.o
                0x100016ac                runtime_init_per_core_irq_priorities
 .text.irq_set_enabled
                0x100016d0       0x24 CMakeFiles/str-freertos.dir/home/laura/.pico-sdk/sdk/2.1.1/src/rp2_common/hardware_irq/irq.c.o
                0x100016d0                irq_set_enabled
 .text.irq_is_enabled
                0x100016f4       0x18 CMakeFiles/str-freertos.dir/home/laura/.pico-sdk/sdk/2.1.1/src/rp2_common/hardware_irq/irq.c.o
                0x100016f4                irq_is_enabled
 .text.irq_set_pending
                0x1000170c       0x10 CMakeFiles/str-freertos.dir/home/laura/.pico-sdk/sdk/2.1.1/src/rp2_common/hardware_irq/irq.c.o
                0x1000170c                irq_set_pending
 .text.irq_has_shared_handler
                0x1000171c       0x24 CMakeFiles/str-freertos.dir/home/laura/.pico-sdk/sdk/2.1.1/src/rp2_common/hardware_irq/irq.c.o
                0x1000171c                irq_has_shared_handler
 .text.irq_set_exclusive_handler
                0x10001740       0x54 CMakeFiles/str-freertos.dir/home/laura/.pico-sdk/sdk/2.1.1/src/rp2_common/hardware_irq/irq.c.o
                0x10001740                irq_set_exclusive_handler
 .text.irq_add_shared_handler
                0x10001794      0x1f4 CMakeFiles/str-freertos.dir/home/laura/.pico-sdk/sdk/2.1.1/src/rp2_common/hardware_irq/irq.c.o
                0x10001794                irq_add_shared_handler
 .text.irq_remove_handler
                0x10001988      0x1d4 CMakeFiles/str-freertos.dir/home/laura/.pico-sdk/sdk/2.1.1/src/rp2_common/hardware_irq/irq.c.o
                0x10001988                irq_remove_handler
 .text.irq_set_priority
                0x10001b5c       0x28 CMakeFiles/str-freertos.dir/home/laura/.pico-sdk/sdk/2.1.1/src/rp2_common/hardware_irq/irq.c.o
                0x10001b5c                irq_set_priority
 .text.irq_add_tail_to_free_list
                0x10001b84       0xb4 CMakeFiles/str-freertos.dir/home/laura/.pico-sdk/sdk/2.1.1/src/rp2_common/hardware_irq/irq.c.o
                0x10001b84                irq_add_tail_to_free_list
 .text.user_irq_claim_unused
                0x10001c38       0x2c CMakeFiles/str-freertos.dir/home/laura/.pico-sdk/sdk/2.1.1/src/rp2_common/hardware_irq/irq.c.o
                0x10001c38                user_irq_claim_unused
 .text.lock_init
                0x10001c64       0x10 CMakeFiles/str-freertos.dir/home/laura/.pico-sdk/sdk/2.1.1/src/common/pico_sync/lock_core.c.o
                0x10001c64                lock_init
 .text.runtime_init_mutex
                0x10001c74       0x54 CMakeFiles/str-freertos.dir/home/laura/.pico-sdk/sdk/2.1.1/src/common/pico_sync/mutex.c.o
                0x10001c74                runtime_init_mutex
 .text.mutex_init
                0x10001cc8       0x1c CMakeFiles/str-freertos.dir/home/laura/.pico-sdk/sdk/2.1.1/src/common/pico_sync/mutex.c.o
                0x10001cc8                mutex_init
 .text.critical_section_init
                0x10001ce4       0x1c CMakeFiles/str-freertos.dir/home/laura/.pico-sdk/sdk/2.1.1/src/common/pico_sync/critical_section.c.o
                0x10001ce4                critical_section_init
 .text.critical_section_init_with_lock_num
                0x10001d00       0x14 CMakeFiles/str-freertos.dir/home/laura/.pico-sdk/sdk/2.1.1/src/common/pico_sync/critical_section.c.o
                0x10001d00                critical_section_init_with_lock_num
 .text.alarm_pool_irq_handler
                0x10001d14      0x300 CMakeFiles/str-freertos.dir/home/laura/.pico-sdk/sdk/2.1.1/src/common/pico_time/time.c.o
 .text.sleep_until_callback
                0x10002014       0x24 CMakeFiles/str-freertos.dir/home/laura/.pico-sdk/sdk/2.1.1/src/common/pico_time/time.c.o
 .text.runtime_init_default_alarm_pool
                0x10002038       0xdc CMakeFiles/str-freertos.dir/home/laura/.pico-sdk/sdk/2.1.1/src/common/pico_time/time.c.o
                0x10002038                runtime_init_default_alarm_pool
 .text.alarm_pool_get_default
                0x10002114        0x8 CMakeFiles/str-freertos.dir/home/laura/.pico-sdk/sdk/2.1.1/src/common/pico_time/time.c.o
                0x10002114                alarm_pool_get_default
 .text.alarm_pool_add_alarm_at
                0x1000211c       0xd0 CMakeFiles/str-freertos.dir/home/laura/.pico-sdk/sdk/2.1.1/src/common/pico_time/time.c.o
                0x1000211c                alarm_pool_add_alarm_at
 .text.alarm_pool_add_alarm_at_force_in_context
                0x100021ec       0xb0 CMakeFiles/str-freertos.dir/home/laura/.pico-sdk/sdk/2.1.1/src/common/pico_time/time.c.o
                0x100021ec                alarm_pool_add_alarm_at_force_in_context
 .text.alarm_pool_cancel_alarm
                0x1000229c       0x74 CMakeFiles/str-freertos.dir/home/laura/.pico-sdk/sdk/2.1.1/src/common/pico_time/time.c.o
                0x1000229c                alarm_pool_cancel_alarm
 .text.alarm_pool_core_num
                0x10002310        0x4 CMakeFiles/str-freertos.dir/home/laura/.pico-sdk/sdk/2.1.1/src/common/pico_time/time.c.o
                0x10002310                alarm_pool_core_num
 .text.sleep_us
                0x10002314       0xe8 CMakeFiles/str-freertos.dir/home/laura/.pico-sdk/sdk/2.1.1/src/common/pico_time/time.c.o
                0x10002314                sleep_us
 .text.sleep_ms
                0x100023fc       0xf8 CMakeFiles/str-freertos.dir/home/laura/.pico-sdk/sdk/2.1.1/src/common/pico_time/time.c.o
                0x100023fc                sleep_ms
 .text.best_effort_wfe_or_timeout
                0x100024f4      0x10c CMakeFiles/str-freertos.dir/home/laura/.pico-sdk/sdk/2.1.1/src/common/pico_time/time.c.o
                0x100024f4                best_effort_wfe_or_timeout
 .text.timer_hardware_alarm_claim
                0x10002600       0x14 CMakeFiles/str-freertos.dir/home/laura/.pico-sdk/sdk/2.1.1/src/rp2_common/hardware_timer/timer.c.o
                0x10002600                timer_hardware_alarm_claim
 .text.timer_time_us_64
                0x10002614       0x10 CMakeFiles/str-freertos.dir/home/laura/.pico-sdk/sdk/2.1.1/src/rp2_common/hardware_timer/timer.c.o
                0x10002614                timer_time_us_64
 .text.time_us_64
                0x10002624       0x14 CMakeFiles/str-freertos.dir/home/laura/.pico-sdk/sdk/2.1.1/src/rp2_common/hardware_timer/timer.c.o
                0x10002624                time_us_64
 .text.busy_wait_until
                0x10002638       0x20 CMakeFiles/str-freertos.dir/home/laura/.pico-sdk/sdk/2.1.1/src/rp2_common/hardware_timer/timer.c.o
                0x10002638                busy_wait_until
 .text.clock_configure_int_divider
                0x10002658       0xf4 CMakeFiles/str-freertos.dir/home/laura/.pico-sdk/sdk/2.1.1/src/rp2_common/hardware_clocks/clocks.c.o
                0x10002658                clock_configure_int_divider
 .text.clock_configure_undivided
                0x1000274c       0xe8 CMakeFiles/str-freertos.dir/home/laura/.pico-sdk/sdk/2.1.1/src/rp2_common/hardware_clocks/clocks.c.o
                0x1000274c                clock_configure_undivided
 .text.clock_get_hz
                0x10002834        0xc CMakeFiles/str-freertos.dir/home/laura/.pico-sdk/sdk/2.1.1/src/rp2_common/hardware_clocks/clocks.c.o
                0x10002834                clock_get_hz
 .text.pll_init
                0x10002840       0xa4 CMakeFiles/str-freertos.dir/home/laura/.pico-sdk/sdk/2.1.1/src/rp2_common/hardware_pll/pll.c.o
                0x10002840                pll_init
 .text.watchdog_reboot
                0x100028e4       0x9c CMakeFiles/str-freertos.dir/home/laura/.pico-sdk/sdk/2.1.1/src/rp2_common/hardware_watchdog/watchdog.c.o
                0x100028e4                watchdog_reboot
 .text.tick_start
                0x10002980       0x10 CMakeFiles/str-freertos.dir/home/laura/.pico-sdk/sdk/2.1.1/src/rp2_common/hardware_ticks/ticks.c.o
                0x10002980                tick_start
 .text.rom_func_lookup
                0x10002990       0x10 CMakeFiles/str-freertos.dir/home/laura/.pico-sdk/sdk/2.1.1/src/rp2_common/pico_bootrom/bootrom.c.o
                0x10002990                rom_func_lookup
 .text.rom_data_lookup
                0x100029a0       0x10 CMakeFiles/str-freertos.dir/home/laura/.pico-sdk/sdk/2.1.1/src/rp2_common/pico_bootrom/bootrom.c.o
                0x100029a0                rom_data_lookup
 .text.rom_funcs_lookup
                0x100029b0       0x44 CMakeFiles/str-freertos.dir/home/laura/.pico-sdk/sdk/2.1.1/src/rp2_common/pico_bootrom/bootrom.c.o
                0x100029b0                rom_funcs_lookup
 .text.rom_reset_usb_boot_extra
                0x100029f4       0x24 CMakeFiles/str-freertos.dir/home/laura/.pico-sdk/sdk/2.1.1/src/rp2_common/pico_bootrom/bootrom.c.o
                0x100029f4                rom_reset_usb_boot_extra
 .text.xosc_init
                0x10002a18       0x28 CMakeFiles/str-freertos.dir/home/laura/.pico-sdk/sdk/2.1.1/src/rp2_common/hardware_xosc/xosc.c.o
                0x10002a18                xosc_init
 .text.first_per_core_initializer
                0x10002a40        0x4 CMakeFiles/str-freertos.dir/home/laura/.pico-sdk/sdk/2.1.1/src/rp2_common/pico_runtime/runtime.c.o
 .text.hard_assertion_failure
                0x10002a44        0xc CMakeFiles/str-freertos.dir/home/laura/.pico-sdk/sdk/2.1.1/src/rp2_common/pico_runtime/runtime.c.o
                0x10002a44                hard_assertion_failure
 .text.runtime_run_initializers
                0x10002a50       0x28 CMakeFiles/str-freertos.dir/home/laura/.pico-sdk/sdk/2.1.1/src/rp2_common/pico_runtime/runtime.c.o
                0x10002a50                runtime_run_initializers
 .text.runtime_init_early_resets
                0x10002a78       0x2c CMakeFiles/str-freertos.dir/home/laura/.pico-sdk/sdk/2.1.1/src/rp2_common/pico_runtime_init/runtime_init.c.o
                0x10002a78                runtime_init_early_resets
 .text.runtime_init_usb_power_down
                0x10002aa4       0x1c CMakeFiles/str-freertos.dir/home/laura/.pico-sdk/sdk/2.1.1/src/rp2_common/pico_runtime_init/runtime_init.c.o
                0x10002aa4                runtime_init_usb_power_down
 .text.runtime_init_post_clock_resets
                0x10002ac0       0x20 CMakeFiles/str-freertos.dir/home/laura/.pico-sdk/sdk/2.1.1/src/rp2_common/pico_runtime_init/runtime_init.c.o
                0x10002ac0                runtime_init_post_clock_resets
 .text.runtime_init_rp2040_gpio_ie_disable
                0x10002ae0       0x14 CMakeFiles/str-freertos.dir/home/laura/.pico-sdk/sdk/2.1.1/src/rp2_common/pico_runtime_init/runtime_init.c.o
                0x10002ae0                runtime_init_rp2040_gpio_ie_disable
 .text.runtime_init_spin_locks_reset
                0x10002af4        0x8 CMakeFiles/str-freertos.dir/home/laura/.pico-sdk/sdk/2.1.1/src/rp2_common/pico_runtime_init/runtime_init.c.o
                0x10002af4                runtime_init_spin_locks_reset
 .text.runtime_init_install_ram_vector_table
                0x10002afc       0x1c CMakeFiles/str-freertos.dir/home/laura/.pico-sdk/sdk/2.1.1/src/rp2_common/pico_runtime_init/runtime_init.c.o
                0x10002afc                runtime_init_install_ram_vector_table
 .text.runtime_init_clocks
                0x10002b18       0xd8 CMakeFiles/str-freertos.dir/home/laura/.pico-sdk/sdk/2.1.1/src/rp2_common/pico_runtime_init/runtime_init_clocks.c.o
                0x10002b18                runtime_init_clocks
 .text          0x10002bf0       0x10 CMakeFiles/str-freertos.dir/home/laura/.pico-sdk/sdk/2.1.1/src/rp2_common/pico_bit_ops/bit_ops_aeabi.S.o
 .text.__wrap___aeabi_idiv
                0x10002c00       0x50 CMakeFiles/str-freertos.dir/home/laura/.pico-sdk/sdk/2.1.1/src/rp2_common/pico_divider/divider_hardware.S.o
                0x10002c00                __wrap___aeabi_idivmod
                0x10002c00                divmod_s32s32
                0x10002c00                div_s32s32
                0x10002c00                __wrap___aeabi_idiv
                0x10002c08                divmod_s32s32_unsafe
                0x10002c34                divmod_s32s32_savestate
 .text.__wrap___aeabi_uidiv
                0x10002c50       0x4c CMakeFiles/str-freertos.dir/home/laura/.pico-sdk/sdk/2.1.1/src/rp2_common/pico_divider/divider_hardware.S.o
                0x10002c50                __wrap___aeabi_uidiv
                0x10002c50                __wrap___aeabi_uidivmod
                0x10002c50                div_u32u32
                0x10002c50                divmod_u32u32
                0x10002c58                divmod_u32u32_unsafe
                0x10002c80                divmod_u32u32_savestate
 .text.__wrap___aeabi_ldiv
                0x10002c9c      0x424 CMakeFiles/str-freertos.dir/home/laura/.pico-sdk/sdk/2.1.1/src/rp2_common/pico_divider/divider_hardware.S.o
                0x10002c9c                div_s64s64
                0x10002c9c                divmod_s64s64
                0x10002c9c                __wrap___aeabi_ldivmod
                0x10002ccc                div_u64u64
                0x10002ccc                divmod_u64u64
                0x10002ccc                __wrap___aeabi_uldivmod
                0x10002cdc                divmod_u64u64_savestate
                0x10002cfc                divmod_s64s64_unsafe
                0x10002d84                divmod_u64u64_unsafe
 .text.__wrap___aeabi_darithmetic
                0x100030c0       0x80 CMakeFiles/str-freertos.dir/home/laura/.pico-sdk/sdk/2.1.1/src/rp2_common/pico_double/double_aeabi_rp2040.S.o
                0x100030c0                __wrap___aeabi_drsub
                0x100030c6                __wrap___aeabi_dsub
                0x100030d8                __wrap___aeabi_dadd
                0x100030ea                __wrap___aeabi_ddiv
                0x10003126                __wrap___aeabi_dmul
 .text.__wrap___aeabi_cdcmple
                0x10003140       0x6c CMakeFiles/str-freertos.dir/home/laura/.pico-sdk/sdk/2.1.1/src/rp2_common/pico_double/double_aeabi_rp2040.S.o
                0x10003140                __wrap___aeabi_cdrcmple
                0x10003150                __wrap___aeabi_cdcmple
                0x10003150                __wrap___aeabi_cdcmpeq
 .text.__wrap___aeabi_dcmplt
                0x100031ac        0xc CMakeFiles/str-freertos.dir/home/laura/.pico-sdk/sdk/2.1.1/src/rp2_common/pico_double/double_aeabi_rp2040.S.o
                0x100031ac                __wrap___aeabi_dcmplt
 .text.__wrap___aeabi_dcmple
                0x100031b8       0x10 CMakeFiles/str-freertos.dir/home/laura/.pico-sdk/sdk/2.1.1/src/rp2_common/pico_double/double_aeabi_rp2040.S.o
                0x100031b8                __wrap___aeabi_dcmple
 .text.__wrap___aeabi_dcmpge
                0x100031c8       0x10 CMakeFiles/str-freertos.dir/home/laura/.pico-sdk/sdk/2.1.1/src/rp2_common/pico_double/double_aeabi_rp2040.S.o
                0x100031c8                __wrap___aeabi_dcmpge
 .text.__wrap___aeabi_dcmpgt
                0x100031d8        0xa CMakeFiles/str-freertos.dir/home/laura/.pico-sdk/sdk/2.1.1/src/rp2_common/pico_double/double_aeabi_rp2040.S.o
                0x100031d8                __wrap___aeabi_dcmpgt
 .text.__wrap___aeabi_dcmpun
                0x100031e2       0x18 CMakeFiles/str-freertos.dir/home/laura/.pico-sdk/sdk/2.1.1/src/rp2_common/pico_double/double_aeabi_rp2040.S.o
                0x100031e2                __wrap___aeabi_dcmpun
 *fill*         0x100031fa        0x2 
 .text.__wrap___aeabi_i2d
                0x100031fc       0x38 CMakeFiles/str-freertos.dir/home/laura/.pico-sdk/sdk/2.1.1/src/rp2_common/pico_double/double_aeabi_rp2040.S.o
                0x100031fc                __wrap___aeabi_ui2d
                0x100031fc                uint2double
                0x10003204                __wrap___aeabi_i2d
                0x10003204                int2double
 .text.__wrap___aeabi_d2iz
                0x10003234       0x48 CMakeFiles/str-freertos.dir/home/laura/.pico-sdk/sdk/2.1.1/src/rp2_common/pico_double/double_aeabi_rp2040.S.o
                0x10003234                __wrap___aeabi_d2iz
                0x10003234                double2int_z
 .text.__wrap___aeabi_d2uiz
                0x1000327c       0x18 CMakeFiles/str-freertos.dir/home/laura/.pico-sdk/sdk/2.1.1/src/rp2_common/pico_double/double_aeabi_rp2040.S.o
                0x1000327c                double2uint_z
                0x1000327c                double2uint
                0x1000327c                __wrap___aeabi_d2uiz
 .text.__aeabi_double_init
                0x10003294       0xa4 CMakeFiles/str-freertos.dir/home/laura/.pico-sdk/sdk/2.1.1/src/rp2_common/pico_double/double_init_rom_rp2040.c.o
                0x10003294                __aeabi_double_init
 .text.double_table_shim_on_use_helper
                0x10003338       0x2c CMakeFiles/str-freertos.dir/home/laura/.pico-sdk/sdk/2.1.1/src/rp2_common/pico_double/double_v1_rom_shim_rp2040.S.o
                0x10003338                double_table_shim_on_use_helper
 .text.__wrap___aeabi_dsub
                0x10003364       0x10 CMakeFiles/str-freertos.dir/home/laura/.pico-sdk/sdk/2.1.1/src/rp2_common/pico_double/double_v1_rom_shim_rp2040.S.o
                0x10003364                drsub_shim
                0x1000336a                dsub_shim
 .text.dadd_shim
                0x10003374      0x15c CMakeFiles/str-freertos.dir/home/laura/.pico-sdk/sdk/2.1.1/src/rp2_common/pico_double/double_v1_rom_shim_rp2040.S.o
                0x10003374                dadd_shim
 .text.dmul_shim
                0x100034d0      0x15c CMakeFiles/str-freertos.dir/home/laura/.pico-sdk/sdk/2.1.1/src/rp2_common/pico_double/double_v1_rom_shim_rp2040.S.o
                0x100034d0                dmul_shim
 .text.ddiv_shim
                0x1000362c      0x1b0 CMakeFiles/str-freertos.dir/home/laura/.pico-sdk/sdk/2.1.1/src/rp2_common/pico_double/double_v1_rom_shim_rp2040.S.o
                0x1000362c                ddiv_shim
 .text.double2uint_shim
                0x100037dc        0xe CMakeFiles/str-freertos.dir/home/laura/.pico-sdk/sdk/2.1.1/src/rp2_common/pico_double/double_v1_rom_shim_rp2040.S.o
                0x100037dc                double2uint_shim
                0x100037de                double2ufix_shim
 *fill*         0x100037ea        0x2 
 .text.double2uint64_shim
                0x100037ec       0x70 CMakeFiles/str-freertos.dir/home/laura/.pico-sdk/sdk/2.1.1/src/rp2_common/pico_double/double_v1_rom_shim_rp2040.S.o
                0x100037ec                double2uint64_shim
                0x100037ee                double2ufix64_shim
                0x1000380e                d2fix_a
 .text.dunpacks
                0x1000385c       0x3c CMakeFiles/str-freertos.dir/home/laura/.pico-sdk/sdk/2.1.1/src/rp2_common/pico_double/double_v1_rom_shim_rp2040.S.o
                0x1000385c                dunpacks
 .text.__aeabi_lmul
                0x10003898       0x32 CMakeFiles/str-freertos.dir/home/laura/.pico-sdk/sdk/2.1.1/src/rp2_common/pico_int64_ops/pico_int64_ops_aeabi.S.o
                0x10003898                __wrap___aeabi_lmul
 *fill*         0x100038ca        0x2 
 .text.__wrap___aeabi_farithmetic
                0x100038cc       0x48 CMakeFiles/str-freertos.dir/home/laura/.pico-sdk/sdk/2.1.1/src/rp2_common/pico_float/float_aeabi_rp2040.S.o
                0x100038cc                __wrap___aeabi_frsub
                0x100038d2                __wrap___aeabi_fsub
                0x100038d8                __wrap___aeabi_fadd
                0x100038de                __wrap___aeabi_fdiv
                0x10003906                __wrap___aeabi_fmul
 .text.__wrap___aeabi_cfcmple
                0x10003914       0x50 CMakeFiles/str-freertos.dir/home/laura/.pico-sdk/sdk/2.1.1/src/rp2_common/pico_float/float_aeabi_rp2040.S.o
                0x10003914                __wrap___aeabi_cfrcmple
                0x10003920                __wrap___aeabi_cfcmpeq
                0x10003920                __wrap___aeabi_cfcmple
 .text.__wrap___aeabi_fcmplt
                0x10003964        0xc CMakeFiles/str-freertos.dir/home/laura/.pico-sdk/sdk/2.1.1/src/rp2_common/pico_float/float_aeabi_rp2040.S.o
                0x10003964                __wrap___aeabi_fcmplt
 .text.__wrap___aeabi_fcmpgt
                0x10003970        0xa CMakeFiles/str-freertos.dir/home/laura/.pico-sdk/sdk/2.1.1/src/rp2_common/pico_float/float_aeabi_rp2040.S.o
                0x10003970                __wrap___aeabi_fcmpgt
 .text.__wrap___aeabi_ui2f
                0x1000397a        0xa CMakeFiles/str-freertos.dir/home/laura/.pico-sdk/sdk/2.1.1/src/rp2_common/pico_float/float_aeabi_rp2040.S.o
                0x1000397a                uint2float
                0x1000397a                __wrap___aeabi_ui2f
 .text.__wrap___aeabi_i2f
                0x10003984       0x44 CMakeFiles/str-freertos.dir/home/laura/.pico-sdk/sdk/2.1.1/src/rp2_common/pico_float/float_aeabi_rp2040.S.o
                0x10003984                int2float
                0x10003984                __wrap___aeabi_i2f
 .text.__wrap___aeabi_f2iz
                0x100039c8       0x4e CMakeFiles/str-freertos.dir/home/laura/.pico-sdk/sdk/2.1.1/src/rp2_common/pico_float/float_aeabi_rp2040.S.o
                0x100039c8                __wrap___aeabi_f2iz
                0x100039c8                float2int_z
 *fill*         0x10003a16        0x2 
 .text.float2int
                0x10003a18       0x14 CMakeFiles/str-freertos.dir/home/laura/.pico-sdk/sdk/2.1.1/src/rp2_common/pico_float/float_aeabi_rp2040.S.o
                0x10003a18                float2int
 .text.__wrap___aeabi_f2uiz
                0x10003a2c        0xc CMakeFiles/str-freertos.dir/home/laura/.pico-sdk/sdk/2.1.1/src/rp2_common/pico_float/float_aeabi_rp2040.S.o
                0x10003a2c                float2uint
                0x10003a2c                float2uint_z
                0x10003a2c                __wrap___aeabi_f2uiz
 .text.__wrap___aeabi_f2d
                0x10003a38       0x14 CMakeFiles/str-freertos.dir/home/laura/.pico-sdk/sdk/2.1.1/src/rp2_common/pico_float/float_aeabi_rp2040.S.o
                0x10003a38                __wrap___aeabi_f2d
 .text.__aeabi_float_init
                0x10003a4c       0x64 CMakeFiles/str-freertos.dir/home/laura/.pico-sdk/sdk/2.1.1/src/rp2_common/pico_float/float_init_rom_rp2040.c.o
                0x10003a4c                __aeabi_float_init
 .text.float_table_shim_on_use_helper
                0x10003ab0       0x2c CMakeFiles/str-freertos.dir/home/laura/.pico-sdk/sdk/2.1.1/src/rp2_common/pico_float/float_v1_rom_shim_rp2040.S.o
                0x10003ab0                float_table_shim_on_use_helper
 .text.float232_shims
                0x10003adc       0x18 CMakeFiles/str-freertos.dir/home/laura/.pico-sdk/sdk/2.1.1/src/rp2_common/pico_float/float_v1_rom_shim_rp2040.S.o
                0x10003adc                float2int_shim
                0x10003ade                float2fix_shim
 .text.float2double_shim
                0x10003af4       0x30 CMakeFiles/str-freertos.dir/home/laura/.pico-sdk/sdk/2.1.1/src/rp2_common/pico_float/float_v1_rom_shim_rp2040.S.o
                0x10003af4                float2double_shim
 .text.__wrap_malloc
                0x10003b24       0x3c CMakeFiles/str-freertos.dir/home/laura/.pico-sdk/sdk/2.1.1/src/rp2_common/pico_malloc/malloc.c.o
                0x10003b24                __wrap_malloc
 .text.__wrap_calloc
                0x10003b60       0x44 CMakeFiles/str-freertos.dir/home/laura/.pico-sdk/sdk/2.1.1/src/rp2_common/pico_malloc/malloc.c.o
                0x10003b60                __wrap_calloc
 .text.__wrap_free
                0x10003ba4       0x20 CMakeFiles/str-freertos.dir/home/laura/.pico-sdk/sdk/2.1.1/src/rp2_common/pico_malloc/malloc.c.o
                0x10003ba4                __wrap_free
 .text          0x10003bc4       0x10 CMakeFiles/str-freertos.dir/home/laura/.pico-sdk/sdk/2.1.1/src/rp2_common/pico_mem_ops/mem_ops_aeabi.S.o
                0x10003bc4                __aeabi_mem_init
 .text.memset   0x10003bd4        0xc CMakeFiles/str-freertos.dir/home/laura/.pico-sdk/sdk/2.1.1/src/rp2_common/pico_mem_ops/mem_ops_aeabi.S.o
                0x10003bd4                __wrap_memset
 .text.memcpy   0x10003be0        0xc CMakeFiles/str-freertos.dir/home/laura/.pico-sdk/sdk/2.1.1/src/rp2_common/pico_mem_ops/mem_ops_aeabi.S.o
                0x10003be0                __wrap___aeabi_memcpy
                0x10003be0                __wrap_memcpy
 .text._out_buffer
                0x10003bec        0x8 CMakeFiles/str-freertos.dir/home/laura/.pico-sdk/sdk/2.1.1/src/rp2_common/pico_printf/printf.c.o
 .text._out_null
                0x10003bf4        0x4 CMakeFiles/str-freertos.dir/home/laura/.pico-sdk/sdk/2.1.1/src/rp2_common/pico_printf/printf.c.o
 .text._out_rev
                0x10003bf8       0xac CMakeFiles/str-freertos.dir/home/laura/.pico-sdk/sdk/2.1.1/src/rp2_common/pico_printf/printf.c.o
 .text._ntoa_format
                0x10003ca4      0x1cc CMakeFiles/str-freertos.dir/home/laura/.pico-sdk/sdk/2.1.1/src/rp2_common/pico_printf/printf.c.o
 .text._out_char
                0x10003e70       0x10 CMakeFiles/str-freertos.dir/home/laura/.pico-sdk/sdk/2.1.1/src/rp2_common/pico_printf/printf.c.o
 .text._out_fct
                0x10003e80       0x10 CMakeFiles/str-freertos.dir/home/laura/.pico-sdk/sdk/2.1.1/src/rp2_common/pico_printf/printf.c.o
 .text._ftoa    0x10003e90      0x4a8 CMakeFiles/str-freertos.dir/home/laura/.pico-sdk/sdk/2.1.1/src/rp2_common/pico_printf/printf.c.o
 .text._etoa    0x10004338      0x57c CMakeFiles/str-freertos.dir/home/laura/.pico-sdk/sdk/2.1.1/src/rp2_common/pico_printf/printf.c.o
 .text._vsnprintf
                0x100048b4      0xbe0 CMakeFiles/str-freertos.dir/home/laura/.pico-sdk/sdk/2.1.1/src/rp2_common/pico_printf/printf.c.o
 .text.__wrap_sprintf
                0x10005494       0x2c CMakeFiles/str-freertos.dir/home/laura/.pico-sdk/sdk/2.1.1/src/rp2_common/pico_printf/printf.c.o
                0x10005494                __wrap_sprintf
 .text.vfctprintf
                0x100054c0       0x24 CMakeFiles/str-freertos.dir/home/laura/.pico-sdk/sdk/2.1.1/src/rp2_common/pico_printf/printf.c.o
                0x100054c0                vfctprintf
 .text.weak_raw_vprintf
                0x100054e4       0x30 CMakeFiles/str-freertos.dir/home/laura/.pico-sdk/sdk/2.1.1/src/rp2_common/pico_printf/printf.c.o
                0x100054e4                weak_raw_vprintf
 .text._exit    0x10005514        0x4 CMakeFiles/str-freertos.dir/home/laura/.pico-sdk/sdk/2.1.1/src/rp2_common/pico_clib_interface/newlib_interface.c.o
                0x10005514                _exit
 .text._sbrk    0x10005518       0x34 CMakeFiles/str-freertos.dir/home/laura/.pico-sdk/sdk/2.1.1/src/rp2_common/pico_clib_interface/newlib_interface.c.o
                0x10005518                _sbrk
 .text.exit     0x1000554c        0x8 CMakeFiles/str-freertos.dir/home/laura/.pico-sdk/sdk/2.1.1/src/rp2_common/pico_clib_interface/newlib_interface.c.o
                0x1000554c                exit
 .text.runtime_init
                0x10005554       0x2c CMakeFiles/str-freertos.dir/home/laura/.pico-sdk/sdk/2.1.1/src/rp2_common/pico_clib_interface/newlib_interface.c.o
                0x10005554                runtime_init
 .text.stdio_out_chars_no_crlf
                0x10005580       0x10 CMakeFiles/str-freertos.dir/home/laura/.pico-sdk/sdk/2.1.1/src/rp2_common/pico_stdio/stdio.c.o
 .text.stdio_out_chars_crlf
                0x10005590       0xb0 CMakeFiles/str-freertos.dir/home/laura/.pico-sdk/sdk/2.1.1/src/rp2_common/pico_stdio/stdio.c.o
 .text.stdio_buffered_printer
                0x10005640       0x64 CMakeFiles/str-freertos.dir/home/laura/.pico-sdk/sdk/2.1.1/src/rp2_common/pico_stdio/stdio.c.o
 .text.stdio_put_string
                0x100056a4       0xfc CMakeFiles/str-freertos.dir/home/laura/.pico-sdk/sdk/2.1.1/src/rp2_common/pico_stdio/stdio.c.o
                0x100056a4                stdio_put_string
 .text.stdio_set_driver_enabled
                0x100057a0       0x30 CMakeFiles/str-freertos.dir/home/laura/.pico-sdk/sdk/2.1.1/src/rp2_common/pico_stdio/stdio.c.o
                0x100057a0                stdio_set_driver_enabled
 .text.stdio_init_all
                0x100057d0        0x8 CMakeFiles/str-freertos.dir/home/laura/.pico-sdk/sdk/2.1.1/src/rp2_common/pico_stdio/stdio.c.o
                0x100057d0                stdio_init_all
 .text.__wrap_putchar
                0x100057d8       0x94 CMakeFiles/str-freertos.dir/home/laura/.pico-sdk/sdk/2.1.1/src/rp2_common/pico_stdio/stdio.c.o
                0x100057d8                stdio_putchar
                0x100057d8                __wrap_putchar
 .text.__wrap_puts
                0x1000586c       0x3c CMakeFiles/str-freertos.dir/home/laura/.pico-sdk/sdk/2.1.1/src/rp2_common/pico_stdio/stdio.c.o
                0x1000586c                __wrap_puts
                0x1000586c                stdio_puts
 .text.__wrap_vprintf
                0x100058a8       0xcc CMakeFiles/str-freertos.dir/home/laura/.pico-sdk/sdk/2.1.1/src/rp2_common/pico_stdio/stdio.c.o
                0x100058a8                __wrap_vprintf
                0x100058a8                stdio_vprintf
 .text.__wrap_printf
                0x10005974       0x18 CMakeFiles/str-freertos.dir/home/laura/.pico-sdk/sdk/2.1.1/src/rp2_common/pico_stdio/stdio.c.o
                0x10005974                stdio_printf
                0x10005974                __wrap_printf
 .text.resetd_init
                0x1000598c        0x4 CMakeFiles/str-freertos.dir/home/laura/.pico-sdk/sdk/2.1.1/src/rp2_common/pico_stdio_usb/reset_interface.c.o
 .text.resetd_reset
                0x10005990        0xc CMakeFiles/str-freertos.dir/home/laura/.pico-sdk/sdk/2.1.1/src/rp2_common/pico_stdio_usb/reset_interface.c.o
 .text.resetd_open
                0x1000599c       0x28 CMakeFiles/str-freertos.dir/home/laura/.pico-sdk/sdk/2.1.1/src/rp2_common/pico_stdio_usb/reset_interface.c.o
 .text.resetd_xfer_cb
                0x100059c4        0x4 CMakeFiles/str-freertos.dir/home/laura/.pico-sdk/sdk/2.1.1/src/rp2_common/pico_stdio_usb/reset_interface.c.o
 .text.resetd_control_xfer_cb
                0x100059c8       0x54 CMakeFiles/str-freertos.dir/home/laura/.pico-sdk/sdk/2.1.1/src/rp2_common/pico_stdio_usb/reset_interface.c.o
 .text.tud_descriptor_bos_cb
                0x10005a1c        0x8 CMakeFiles/str-freertos.dir/home/laura/.pico-sdk/sdk/2.1.1/src/rp2_common/pico_stdio_usb/reset_interface.c.o
                0x10005a1c                tud_descriptor_bos_cb
 .text.tud_vendor_control_xfer_cb
                0x10005a24       0x34 CMakeFiles/str-freertos.dir/home/laura/.pico-sdk/sdk/2.1.1/src/rp2_common/pico_stdio_usb/reset_interface.c.o
                0x10005a24                tud_vendor_control_xfer_cb
 .text.usbd_app_driver_get_cb
                0x10005a58        0xc CMakeFiles/str-freertos.dir/home/laura/.pico-sdk/sdk/2.1.1/src/rp2_common/pico_stdio_usb/reset_interface.c.o
                0x10005a58                usbd_app_driver_get_cb
 .text.tud_cdc_line_coding_cb
                0x10005a64       0x2c CMakeFiles/str-freertos.dir/home/laura/.pico-sdk/sdk/2.1.1/src/rp2_common/pico_stdio_usb/reset_interface.c.o
                0x10005a64                tud_cdc_line_coding_cb
 .text.stdio_usb_set_chars_available_callback
                0x10005a90       0x14 CMakeFiles/str-freertos.dir/home/laura/.pico-sdk/sdk/2.1.1/src/rp2_common/pico_stdio_usb/stdio_usb.c.o
                0x10005a90                stdio_usb_set_chars_available_callback
 .text.usb_irq  0x10005aa4       0x10 CMakeFiles/str-freertos.dir/home/laura/.pico-sdk/sdk/2.1.1/src/rp2_common/pico_stdio_usb/stdio_usb.c.o
 .text.timer_task
                0x10005ab4       0x64 CMakeFiles/str-freertos.dir/home/laura/.pico-sdk/sdk/2.1.1/src/rp2_common/pico_stdio_usb/stdio_usb.c.o
 .text.stdio_usb_in_chars
                0x10005b18       0x8c CMakeFiles/str-freertos.dir/home/laura/.pico-sdk/sdk/2.1.1/src/rp2_common/pico_stdio_usb/stdio_usb.c.o
                0x10005b18                stdio_usb_in_chars
 .text.stdio_usb_out_flush
                0x10005ba4       0x4c CMakeFiles/str-freertos.dir/home/laura/.pico-sdk/sdk/2.1.1/src/rp2_common/pico_stdio_usb/stdio_usb.c.o
 .text.stdio_usb_out_chars
                0x10005bf0      0x100 CMakeFiles/str-freertos.dir/home/laura/.pico-sdk/sdk/2.1.1/src/rp2_common/pico_stdio_usb/stdio_usb.c.o
 .text.low_priority_worker_irq
                0x10005cf0       0xc8 CMakeFiles/str-freertos.dir/home/laura/.pico-sdk/sdk/2.1.1/src/rp2_common/pico_stdio_usb/stdio_usb.c.o
 .text.stdio_usb_init
                0x10005db8       0xe8 CMakeFiles/str-freertos.dir/home/laura/.pico-sdk/sdk/2.1.1/src/rp2_common/pico_stdio_usb/stdio_usb.c.o
                0x10005db8                stdio_usb_init
 .text.tud_descriptor_device_cb
                0x10005ea0        0x8 CMakeFiles/str-freertos.dir/home/laura/.pico-sdk/sdk/2.1.1/src/rp2_common/pico_stdio_usb/stdio_usb_descriptors.c.o
                0x10005ea0                tud_descriptor_device_cb
 .text.tud_descriptor_configuration_cb
                0x10005ea8        0x8 CMakeFiles/str-freertos.dir/home/laura/.pico-sdk/sdk/2.1.1/src/rp2_common/pico_stdio_usb/stdio_usb_descriptors.c.o
                0x10005ea8                tud_descriptor_configuration_cb
 .text.tud_descriptor_string_cb
                0x10005eb0       0x78 CMakeFiles/str-freertos.dir/home/laura/.pico-sdk/sdk/2.1.1/src/rp2_common/pico_stdio_usb/stdio_usb_descriptors.c.o
                0x10005eb0                tud_descriptor_string_cb
 .text.startup._retrieve_unique_id_on_boot
                0x10005f28       0x10 CMakeFiles/str-freertos.dir/home/laura/.pico-sdk/sdk/2.1.1/src/rp2_common/pico_unique_id/unique_id.c.o
 .text.pico_get_unique_board_id_string
                0x10005f38      0x1a8 CMakeFiles/str-freertos.dir/home/laura/.pico-sdk/sdk/2.1.1/src/rp2_common/pico_unique_id/unique_id.c.o
                0x10005f38                pico_get_unique_board_id_string
 .text.flash_get_unique_id
                0x100060e0       0x3c CMakeFiles/str-freertos.dir/home/laura/.pico-sdk/sdk/2.1.1/src/rp2_common/hardware_flash/flash.c.o
                0x100060e0                flash_get_unique_id
 .text.dcd_init
                0x1000611c       0x90 CMakeFiles/str-freertos.dir/home/laura/.pico-sdk/sdk/2.1.1/lib/tinyusb/src/portable/raspberrypi/rp2040/dcd_rp2040.c.o
                0x1000611c                dcd_init
 .text.dcd_int_enable
                0x100061ac        0xc CMakeFiles/str-freertos.dir/home/laura/.pico-sdk/sdk/2.1.1/lib/tinyusb/src/portable/raspberrypi/rp2040/dcd_rp2040.c.o
                0x100061ac                dcd_int_enable
 .text.dcd_set_address
                0x100061b8       0x14 CMakeFiles/str-freertos.dir/home/laura/.pico-sdk/sdk/2.1.1/lib/tinyusb/src/portable/raspberrypi/rp2040/dcd_rp2040.c.o
                0x100061b8                dcd_set_address
 .text.dcd_sof_enable
                0x100061cc       0x1c CMakeFiles/str-freertos.dir/home/laura/.pico-sdk/sdk/2.1.1/lib/tinyusb/src/portable/raspberrypi/rp2040/dcd_rp2040.c.o
                0x100061cc                dcd_sof_enable
 .text.dcd_edpt0_status_complete
                0x100061e8       0x1c CMakeFiles/str-freertos.dir/home/laura/.pico-sdk/sdk/2.1.1/lib/tinyusb/src/portable/raspberrypi/rp2040/dcd_rp2040.c.o
                0x100061e8                dcd_edpt0_status_complete
 .text.dcd_edpt_open
                0x10006204      0x114 CMakeFiles/str-freertos.dir/home/laura/.pico-sdk/sdk/2.1.1/lib/tinyusb/src/portable/raspberrypi/rp2040/dcd_rp2040.c.o
                0x10006204                dcd_edpt_open
 .text.dcd_edpt_close_all
                0x10006318        0x8 CMakeFiles/str-freertos.dir/home/laura/.pico-sdk/sdk/2.1.1/lib/tinyusb/src/portable/raspberrypi/rp2040/dcd_rp2040.c.o
                0x10006318                dcd_edpt_close_all
 .text.dcd_edpt_xfer
                0x10006320       0x24 CMakeFiles/str-freertos.dir/home/laura/.pico-sdk/sdk/2.1.1/lib/tinyusb/src/portable/raspberrypi/rp2040/dcd_rp2040.c.o
                0x10006320                dcd_edpt_xfer
 .text.dcd_edpt_stall
                0x10006344       0x3c CMakeFiles/str-freertos.dir/home/laura/.pico-sdk/sdk/2.1.1/lib/tinyusb/src/portable/raspberrypi/rp2040/dcd_rp2040.c.o
                0x10006344                dcd_edpt_stall
 .text.dcd_edpt_clear_stall
                0x10006380       0x30 CMakeFiles/str-freertos.dir/home/laura/.pico-sdk/sdk/2.1.1/lib/tinyusb/src/portable/raspberrypi/rp2040/dcd_rp2040.c.o
                0x10006380                dcd_edpt_clear_stall
 .text.rp2040_usb_init
                0x100063b0       0x40 CMakeFiles/str-freertos.dir/home/laura/.pico-sdk/sdk/2.1.1/lib/tinyusb/src/portable/raspberrypi/rp2040/rp2040_usb.c.o
                0x100063b0                rp2040_usb_init
 .text.hw_endpoint_xfer_start
                0x100063f0       0x40 CMakeFiles/str-freertos.dir/home/laura/.pico-sdk/sdk/2.1.1/lib/tinyusb/src/portable/raspberrypi/rp2040/rp2040_usb.c.o
                0x100063f0                hw_endpoint_xfer_start
 .text.tud_event_hook_cb
                0x10006430        0x4 CMakeFiles/str-freertos.dir/home/laura/.pico-sdk/sdk/2.1.1/lib/tinyusb/src/device/usbd.c.o
                0x10006430                tud_event_hook_cb
 .text.tud_sof_cb
                0x10006434        0x4 CMakeFiles/str-freertos.dir/home/laura/.pico-sdk/sdk/2.1.1/lib/tinyusb/src/device/usbd.c.o
                0x10006434                tud_sof_cb
 .text.tud_descriptor_device_qualifier_cb
                0x10006438        0x4 CMakeFiles/str-freertos.dir/home/laura/.pico-sdk/sdk/2.1.1/lib/tinyusb/src/device/usbd.c.o
                0x10006438                tud_descriptor_device_qualifier_cb
 .text.tud_descriptor_other_speed_configuration_cb
                0x1000643c        0x4 CMakeFiles/str-freertos.dir/home/laura/.pico-sdk/sdk/2.1.1/lib/tinyusb/src/device/usbd.c.o
                0x1000643c                tud_descriptor_other_speed_configuration_cb
 .text.tud_mount_cb
                0x10006440        0x4 CMakeFiles/str-freertos.dir/home/laura/.pico-sdk/sdk/2.1.1/lib/tinyusb/src/device/usbd.c.o
                0x10006440                tud_mount_cb
 .text.tud_umount_cb
                0x10006444        0x4 CMakeFiles/str-freertos.dir/home/laura/.pico-sdk/sdk/2.1.1/lib/tinyusb/src/device/usbd.c.o
                0x10006444                tud_umount_cb
 .text.tud_suspend_cb
                0x10006448        0x4 CMakeFiles/str-freertos.dir/home/laura/.pico-sdk/sdk/2.1.1/lib/tinyusb/src/device/usbd.c.o
                0x10006448                tud_suspend_cb
 .text.tud_resume_cb
                0x1000644c        0x4 CMakeFiles/str-freertos.dir/home/laura/.pico-sdk/sdk/2.1.1/lib/tinyusb/src/device/usbd.c.o
                0x1000644c                tud_resume_cb
 .text.tud_mounted
                0x10006450       0x10 CMakeFiles/str-freertos.dir/home/laura/.pico-sdk/sdk/2.1.1/lib/tinyusb/src/device/usbd.c.o
                0x10006450                tud_mounted
 .text.tud_suspended
                0x10006460       0x10 CMakeFiles/str-freertos.dir/home/laura/.pico-sdk/sdk/2.1.1/lib/tinyusb/src/device/usbd.c.o
                0x10006460                tud_suspended
 .text.tud_rhport_init
                0x10006470       0xf4 CMakeFiles/str-freertos.dir/home/laura/.pico-sdk/sdk/2.1.1/lib/tinyusb/src/device/usbd.c.o
                0x10006470                tud_rhport_init
 .text.tud_task_ext
                0x10006564      0x800 CMakeFiles/str-freertos.dir/home/laura/.pico-sdk/sdk/2.1.1/lib/tinyusb/src/device/usbd.c.o
                0x10006564                tud_task_ext
 .text.usbd_open_edpt_pair
                0x10006d64       0x9c CMakeFiles/str-freertos.dir/home/laura/.pico-sdk/sdk/2.1.1/lib/tinyusb/src/device/usbd.c.o
                0x10006d64                usbd_open_edpt_pair
 .text.usbd_edpt_open
                0x10006e00       0x34 CMakeFiles/str-freertos.dir/home/laura/.pico-sdk/sdk/2.1.1/lib/tinyusb/src/device/usbd.c.o
                0x10006e00                usbd_edpt_open
 .text.usbd_edpt_claim
                0x10006e34       0x28 CMakeFiles/str-freertos.dir/home/laura/.pico-sdk/sdk/2.1.1/lib/tinyusb/src/device/usbd.c.o
                0x10006e34                usbd_edpt_claim
 .text.usbd_edpt_release
                0x10006e5c       0x28 CMakeFiles/str-freertos.dir/home/laura/.pico-sdk/sdk/2.1.1/lib/tinyusb/src/device/usbd.c.o
                0x10006e5c                usbd_edpt_release
 .text.usbd_edpt_xfer
                0x10006e84       0x4c CMakeFiles/str-freertos.dir/home/laura/.pico-sdk/sdk/2.1.1/lib/tinyusb/src/device/usbd.c.o
                0x10006e84                usbd_edpt_xfer
 .text.tud_control_status
                0x10006ed0       0x2c CMakeFiles/str-freertos.dir/home/laura/.pico-sdk/sdk/2.1.1/lib/tinyusb/src/device/usbd_control.c.o
                0x10006ed0                tud_control_status
 .text.tud_control_xfer
                0x10006efc       0xa8 CMakeFiles/str-freertos.dir/home/laura/.pico-sdk/sdk/2.1.1/lib/tinyusb/src/device/usbd_control.c.o
                0x10006efc                tud_control_xfer
 .text.usbd_control_reset
                0x10006fa4       0x14 CMakeFiles/str-freertos.dir/home/laura/.pico-sdk/sdk/2.1.1/lib/tinyusb/src/device/usbd_control.c.o
                0x10006fa4                usbd_control_reset
 .text.usbd_control_set_complete_callback
                0x10006fb8        0xc CMakeFiles/str-freertos.dir/home/laura/.pico-sdk/sdk/2.1.1/lib/tinyusb/src/device/usbd_control.c.o
                0x10006fb8                usbd_control_set_complete_callback
 .text.usbd_control_set_request
                0x10006fc4       0x1c CMakeFiles/str-freertos.dir/home/laura/.pico-sdk/sdk/2.1.1/lib/tinyusb/src/device/usbd_control.c.o
                0x10006fc4                usbd_control_set_request
 .text.usbd_control_xfer_cb
                0x10006fe0       0xec CMakeFiles/str-freertos.dir/home/laura/.pico-sdk/sdk/2.1.1/lib/tinyusb/src/device/usbd_control.c.o
                0x10006fe0                usbd_control_xfer_cb
 .text._prep_out_transaction.isra.0
                0x100070cc       0x6c CMakeFiles/str-freertos.dir/home/laura/.pico-sdk/sdk/2.1.1/lib/tinyusb/src/class/cdc/cdc_device.c.o
 .text.tud_cdc_n_connected
                0x10007138       0x2c CMakeFiles/str-freertos.dir/home/laura/.pico-sdk/sdk/2.1.1/lib/tinyusb/src/class/cdc/cdc_device.c.o
                0x10007138                tud_cdc_n_connected
 .text.tud_cdc_n_available
                0x10007164       0x14 CMakeFiles/str-freertos.dir/home/laura/.pico-sdk/sdk/2.1.1/lib/tinyusb/src/class/cdc/cdc_device.c.o
                0x10007164                tud_cdc_n_available
 .text.tud_cdc_n_read
                0x10007178       0x88 CMakeFiles/str-freertos.dir/home/laura/.pico-sdk/sdk/2.1.1/lib/tinyusb/src/class/cdc/cdc_device.c.o
                0x10007178                tud_cdc_n_read
 .text.tud_cdc_n_write_flush
                0x10007200       0x74 CMakeFiles/str-freertos.dir/home/laura/.pico-sdk/sdk/2.1.1/lib/tinyusb/src/class/cdc/cdc_device.c.o
                0x10007200                tud_cdc_n_write_flush
 .text.tud_cdc_n_write
                0x10007274       0x40 CMakeFiles/str-freertos.dir/home/laura/.pico-sdk/sdk/2.1.1/lib/tinyusb/src/class/cdc/cdc_device.c.o
                0x10007274                tud_cdc_n_write
 .text.tud_cdc_n_write_available
                0x100072b4       0x14 CMakeFiles/str-freertos.dir/home/laura/.pico-sdk/sdk/2.1.1/lib/tinyusb/src/class/cdc/cdc_device.c.o
                0x100072b4                tud_cdc_n_write_available
 .text.cdcd_init
                0x100072c8       0x70 CMakeFiles/str-freertos.dir/home/laura/.pico-sdk/sdk/2.1.1/lib/tinyusb/src/class/cdc/cdc_device.c.o
                0x100072c8                cdcd_init
 .text.cdcd_deinit
                0x10007338       0x30 CMakeFiles/str-freertos.dir/home/laura/.pico-sdk/sdk/2.1.1/lib/tinyusb/src/class/cdc/cdc_device.c.o
                0x10007338                cdcd_deinit
 .text.cdcd_reset
                0x10007368       0x4c CMakeFiles/str-freertos.dir/home/laura/.pico-sdk/sdk/2.1.1/lib/tinyusb/src/class/cdc/cdc_device.c.o
                0x10007368                cdcd_reset
 .text.cdcd_open
                0x100073b4       0xa4 CMakeFiles/str-freertos.dir/home/laura/.pico-sdk/sdk/2.1.1/lib/tinyusb/src/class/cdc/cdc_device.c.o
                0x100073b4                cdcd_open
 .text.cdcd_control_xfer_cb
                0x10007458       0xe8 CMakeFiles/str-freertos.dir/home/laura/.pico-sdk/sdk/2.1.1/lib/tinyusb/src/class/cdc/cdc_device.c.o
                0x10007458                cdcd_control_xfer_cb
 .text.cdcd_xfer_cb
                0x10007540      0x100 CMakeFiles/str-freertos.dir/home/laura/.pico-sdk/sdk/2.1.1/lib/tinyusb/src/class/cdc/cdc_device.c.o
                0x10007540                cdcd_xfer_cb
 .text.vendord_init
                0x10007640       0x5c CMakeFiles/str-freertos.dir/home/laura/.pico-sdk/sdk/2.1.1/lib/tinyusb/src/class/vendor/vendor_device.c.o
                0x10007640                vendord_init
 .text.vendord_deinit
                0x1000769c       0x1c CMakeFiles/str-freertos.dir/home/laura/.pico-sdk/sdk/2.1.1/lib/tinyusb/src/class/vendor/vendor_device.c.o
                0x1000769c                vendord_deinit
 .text.vendord_reset
                0x100076b8       0x28 CMakeFiles/str-freertos.dir/home/laura/.pico-sdk/sdk/2.1.1/lib/tinyusb/src/class/vendor/vendor_device.c.o
                0x100076b8                vendord_reset
 .text.vendord_open
                0x100076e0      0x120 CMakeFiles/str-freertos.dir/home/laura/.pico-sdk/sdk/2.1.1/lib/tinyusb/src/class/vendor/vendor_device.c.o
                0x100076e0                vendord_open
 .text.vendord_xfer_cb
                0x10007800       0x9c CMakeFiles/str-freertos.dir/home/laura/.pico-sdk/sdk/2.1.1/lib/tinyusb/src/class/vendor/vendor_device.c.o
                0x10007800                vendord_xfer_cb
 .text.tusb_rhport_init
                0x1000789c       0x4c CMakeFiles/str-freertos.dir/home/laura/.pico-sdk/sdk/2.1.1/lib/tinyusb/src/tusb.c.o
                0x1000789c                tusb_rhport_init
 .text.tu_edpt_claim
                0x100078e8       0x50 CMakeFiles/str-freertos.dir/home/laura/.pico-sdk/sdk/2.1.1/lib/tinyusb/src/tusb.c.o
                0x100078e8                tu_edpt_claim
 .text.tu_edpt_release
                0x10007938       0x38 CMakeFiles/str-freertos.dir/home/laura/.pico-sdk/sdk/2.1.1/lib/tinyusb/src/tusb.c.o
                0x10007938                tu_edpt_release
 .text.tu_edpt_validate
                0x10007970       0x7c CMakeFiles/str-freertos.dir/home/laura/.pico-sdk/sdk/2.1.1/lib/tinyusb/src/tusb.c.o
                0x10007970                tu_edpt_validate
 .text.tu_edpt_bind_driver
                0x100079ec       0x34 CMakeFiles/str-freertos.dir/home/laura/.pico-sdk/sdk/2.1.1/lib/tinyusb/src/tusb.c.o
                0x100079ec                tu_edpt_bind_driver
 .text.tu_edpt_stream_init
                0x10007a20       0x6c CMakeFiles/str-freertos.dir/home/laura/.pico-sdk/sdk/2.1.1/lib/tinyusb/src/tusb.c.o
                0x10007a20                tu_edpt_stream_init
 .text.tu_edpt_stream_deinit
                0x10007a8c        0x4 CMakeFiles/str-freertos.dir/home/laura/.pico-sdk/sdk/2.1.1/lib/tinyusb/src/tusb.c.o
                0x10007a8c                tu_edpt_stream_deinit
 .text.tu_edpt_stream_write_zlp_if_needed
                0x10007a90       0x68 CMakeFiles/str-freertos.dir/home/laura/.pico-sdk/sdk/2.1.1/lib/tinyusb/src/tusb.c.o
                0x10007a90                tu_edpt_stream_write_zlp_if_needed
 .text.tu_edpt_stream_write_xfer
                0x10007af8       0x68 CMakeFiles/str-freertos.dir/home/laura/.pico-sdk/sdk/2.1.1/lib/tinyusb/src/tusb.c.o
                0x10007af8                tu_edpt_stream_write_xfer
 .text.tu_edpt_stream_read_xfer
                0x10007b60       0xd8 CMakeFiles/str-freertos.dir/home/laura/.pico-sdk/sdk/2.1.1/lib/tinyusb/src/tusb.c.o
                0x10007b60                tu_edpt_stream_read_xfer
 .text.tu_fifo_config
                0x10007c38       0x6c CMakeFiles/str-freertos.dir/home/laura/.pico-sdk/sdk/2.1.1/lib/tinyusb/src/common/tusb_fifo.c.o
                0x10007c38                tu_fifo_config
 .text.tu_fifo_count
                0x10007ca4       0x2c CMakeFiles/str-freertos.dir/home/laura/.pico-sdk/sdk/2.1.1/lib/tinyusb/src/common/tusb_fifo.c.o
                0x10007ca4                tu_fifo_count
 .text.tu_fifo_empty
                0x10007cd0       0x10 CMakeFiles/str-freertos.dir/home/laura/.pico-sdk/sdk/2.1.1/lib/tinyusb/src/common/tusb_fifo.c.o
                0x10007cd0                tu_fifo_empty
 .text.tu_fifo_remaining
                0x10007ce0       0x2c CMakeFiles/str-freertos.dir/home/laura/.pico-sdk/sdk/2.1.1/lib/tinyusb/src/common/tusb_fifo.c.o
                0x10007ce0                tu_fifo_remaining
 .text.tu_fifo_read
                0x10007d0c       0x9c CMakeFiles/str-freertos.dir/home/laura/.pico-sdk/sdk/2.1.1/lib/tinyusb/src/common/tusb_fifo.c.o
                0x10007d0c                tu_fifo_read
 .text.tu_fifo_read_n
                0x10007da8       0xe8 CMakeFiles/str-freertos.dir/home/laura/.pico-sdk/sdk/2.1.1/lib/tinyusb/src/common/tusb_fifo.c.o
                0x10007da8                tu_fifo_read_n
 .text.tu_fifo_write
                0x10007e90       0xa4 CMakeFiles/str-freertos.dir/home/laura/.pico-sdk/sdk/2.1.1/lib/tinyusb/src/common/tusb_fifo.c.o
                0x10007e90                tu_fifo_write
 .text.tu_fifo_write_n
                0x10007f34      0x178 CMakeFiles/str-freertos.dir/home/laura/.pico-sdk/sdk/2.1.1/lib/tinyusb/src/common/tusb_fifo.c.o
                0x10007f34                tu_fifo_write_n
 .text.tu_fifo_clear
                0x100080ac       0x40 CMakeFiles/str-freertos.dir/home/laura/.pico-sdk/sdk/2.1.1/lib/tinyusb/src/common/tusb_fifo.c.o
                0x100080ac                tu_fifo_clear
 .text.tu_fifo_set_overwritable
                0x100080ec       0x48 CMakeFiles/str-freertos.dir/home/laura/.pico-sdk/sdk/2.1.1/lib/tinyusb/src/common/tusb_fifo.c.o
                0x100080ec                tu_fifo_set_overwritable
 .text.i2c_write_blocking_internal.constprop.0
                0x10008134       0xf8 CMakeFiles/str-freertos.dir/home/laura/.pico-sdk/sdk/2.1.1/src/rp2_common/hardware_i2c/i2c.c.o
 .text.i2c_set_baudrate
                0x1000822c       0xc0 CMakeFiles/str-freertos.dir/home/laura/.pico-sdk/sdk/2.1.1/src/rp2_common/hardware_i2c/i2c.c.o
                0x1000822c                i2c_set_baudrate
 .text.i2c_init
                0x100082ec       0x50 CMakeFiles/str-freertos.dir/home/laura/.pico-sdk/sdk/2.1.1/src/rp2_common/hardware_i2c/i2c.c.o
                0x100082ec                i2c_init
 .text.i2c_write_blocking
                0x1000833c       0x14 CMakeFiles/str-freertos.dir/home/laura/.pico-sdk/sdk/2.1.1/src/rp2_common/hardware_i2c/i2c.c.o
                0x1000833c                i2c_write_blocking
 .text.pio_claim_unused_sm
                0x10008350       0x38 CMakeFiles/str-freertos.dir/home/laura/.pico-sdk/sdk/2.1.1/src/rp2_common/hardware_pio/pio.c.o
                0x10008350                pio_claim_unused_sm
 .text.pio_add_program
                0x10008388       0xf8 CMakeFiles/str-freertos.dir/home/laura/.pico-sdk/sdk/2.1.1/src/rp2_common/hardware_pio/pio.c.o
                0x10008388                pio_add_program
 .text.pio_sm_set_consecutive_pindirs
                0x10008480       0xb4 CMakeFiles/str-freertos.dir/home/laura/.pico-sdk/sdk/2.1.1/src/rp2_common/hardware_pio/pio.c.o
                0x10008480                pio_sm_set_consecutive_pindirs
 .text.pio_sm_init
                0x10008534       0x9c CMakeFiles/str-freertos.dir/home/laura/.pico-sdk/sdk/2.1.1/src/rp2_common/hardware_pio/pio.c.o
                0x10008534                pio_sm_init
 .text.adc_init
                0x100085d0       0x38 CMakeFiles/str-freertos.dir/home/laura/.pico-sdk/sdk/2.1.1/src/rp2_common/hardware_adc/adc.c.o
                0x100085d0                adc_init
 .text.pvPortMalloc
                0x10008608      0x124 CMakeFiles/str-freertos.dir/FreeRTOS/portable/MemMang/heap_4.c.o
                0x10008608                pvPortMalloc
 .text.vPortFree
                0x1000872c       0x98 CMakeFiles/str-freertos.dir/FreeRTOS/portable/MemMang/heap_4.c.o
                0x1000872c                vPortFree
 *fill*         0x100087c4        0xc 
 .text.vPortStartFirstTask
                0x100087d0       0x34 CMakeFiles/str-freertos.dir/FreeRTOS/portable/ThirdParty/GCC/RP2040/port.c.o
 *fill*         0x10008804        0xc 
 .text.xPortPendSVHandler
                0x10008810       0x64 CMakeFiles/str-freertos.dir/FreeRTOS/portable/ThirdParty/GCC/RP2040/port.c.o
                0x10008810                xPortPendSVHandler
 .text.prvTaskExitError
                0x10008874        0x8 CMakeFiles/str-freertos.dir/FreeRTOS/portable/ThirdParty/GCC/RP2040/port.c.o
 .text.prvFIFOInterruptHandler
                0x1000887c       0x78 CMakeFiles/str-freertos.dir/FreeRTOS/portable/ThirdParty/GCC/RP2040/port.c.o
 .text.vPortSVCHandler
                0x100088f4        0x4 CMakeFiles/str-freertos.dir/FreeRTOS/portable/ThirdParty/GCC/RP2040/port.c.o
                0x100088f4                vPortSVCHandler
 .text.pxPortInitialiseStack
                0x100088f8       0x20 CMakeFiles/str-freertos.dir/FreeRTOS/portable/ThirdParty/GCC/RP2040/port.c.o
                0x100088f8                pxPortInitialiseStack
 .text.vPortYield
                0x10008918       0x18 CMakeFiles/str-freertos.dir/FreeRTOS/portable/ThirdParty/GCC/RP2040/port.c.o
                0x10008918                vPortYield
 .text.vPortEnterCritical
                0x10008930       0x18 CMakeFiles/str-freertos.dir/FreeRTOS/portable/ThirdParty/GCC/RP2040/port.c.o
                0x10008930                vPortEnterCritical
 .text.vPortExitCritical
                0x10008948       0x14 CMakeFiles/str-freertos.dir/FreeRTOS/portable/ThirdParty/GCC/RP2040/port.c.o
                0x10008948                vPortExitCritical
 .text.ulSetInterruptMaskFromISR
                0x1000895c        0x8 CMakeFiles/str-freertos.dir/FreeRTOS/portable/ThirdParty/GCC/RP2040/port.c.o
                0x1000895c                ulSetInterruptMaskFromISR
 .text.vClearInterruptMaskFromISR
                0x10008964        0x8 CMakeFiles/str-freertos.dir/FreeRTOS/portable/ThirdParty/GCC/RP2040/port.c.o
                0x10008964                vClearInterruptMaskFromISR
 .text.xPortSysTickHandler
                0x1000896c       0x24 CMakeFiles/str-freertos.dir/FreeRTOS/portable/ThirdParty/GCC/RP2040/port.c.o
                0x1000896c                xPortSysTickHandler
 .text.vPortSetupTimerInterrupt
                0x10008990       0x34 CMakeFiles/str-freertos.dir/FreeRTOS/portable/ThirdParty/GCC/RP2040/port.c.o
                0x10008990                vPortSetupTimerInterrupt
 .text.xPortStartScheduler
                0x100089c4       0x9c CMakeFiles/str-freertos.dir/FreeRTOS/portable/ThirdParty/GCC/RP2040/port.c.o
                0x100089c4                xPortStartScheduler
 .text.ulPortLockGetCurrentOwnerId
                0x10008a60       0x2c CMakeFiles/str-freertos.dir/FreeRTOS/portable/ThirdParty/GCC/RP2040/port.c.o
                0x10008a60                ulPortLockGetCurrentOwnerId
 .text.vPortLockInternalSpinUnlockWithWait
                0x10008a8c       0x68 CMakeFiles/str-freertos.dir/FreeRTOS/portable/ThirdParty/GCC/RP2040/port.c.o
                0x10008a8c                vPortLockInternalSpinUnlockWithWait
 .text.vPortLockInternalSpinUnlockWithNotify
                0x10008af4       0xc8 CMakeFiles/str-freertos.dir/FreeRTOS/portable/ThirdParty/GCC/RP2040/port.c.o
                0x10008af4                vPortLockInternalSpinUnlockWithNotify
 .text.xPortLockInternalSpinUnlockWithBestEffortWaitOrTimeout
                0x10008bbc       0xf4 CMakeFiles/str-freertos.dir/FreeRTOS/portable/ThirdParty/GCC/RP2040/port.c.o
                0x10008bbc                xPortLockInternalSpinUnlockWithBestEffortWaitOrTimeout
 .text.startup.prvRuntimeInitializer
                0x10008cb0       0x28 CMakeFiles/str-freertos.dir/FreeRTOS/portable/ThirdParty/GCC/RP2040/port.c.o
 .text.vEventGroupSetBitsCallback
                0x10008cd8       0x90 CMakeFiles/str-freertos.dir/FreeRTOS/event_groups.c.o
                0x10008cd8                vEventGroupSetBitsCallback
 .text.xEventGroupCreate
                0x10008d68       0x18 CMakeFiles/str-freertos.dir/FreeRTOS/event_groups.c.o
                0x10008d68                xEventGroupCreate
 .text.xEventGroupWaitBits
                0x10008d80       0xb8 CMakeFiles/str-freertos.dir/FreeRTOS/event_groups.c.o
                0x10008d80                xEventGroupWaitBits
 .text.xEventGroupSetBits
                0x10008e38       0x9c CMakeFiles/str-freertos.dir/FreeRTOS/event_groups.c.o
                0x10008e38                xEventGroupSetBits
 .text.xEventGroupSetBitsFromISR
                0x10008ed4       0x18 CMakeFiles/str-freertos.dir/FreeRTOS/event_groups.c.o
                0x10008ed4                xEventGroupSetBitsFromISR
 .text.vListInitialise
                0x10008eec       0x18 CMakeFiles/str-freertos.dir/FreeRTOS/list.c.o
                0x10008eec                vListInitialise
 .text.vListInitialiseItem
                0x10008f04        0x8 CMakeFiles/str-freertos.dir/FreeRTOS/list.c.o
                0x10008f04                vListInitialiseItem
 .text.vListInsert
                0x10008f0c       0x30 CMakeFiles/str-freertos.dir/FreeRTOS/list.c.o
                0x10008f0c                vListInsert
 .text.uxListRemove
                0x10008f3c       0x20 CMakeFiles/str-freertos.dir/FreeRTOS/list.c.o
                0x10008f3c                uxListRemove
 .text.prvUnlockQueue
                0x10008f5c      0x17c CMakeFiles/str-freertos.dir/FreeRTOS/queue.c.o
 .text.prvNotifyQueueSetContainer
                0x100090d8       0x90 CMakeFiles/str-freertos.dir/FreeRTOS/queue.c.o
 .text.xQueueGenericCreate
                0x10009168       0xa4 CMakeFiles/str-freertos.dir/FreeRTOS/queue.c.o
                0x10009168                xQueueGenericCreate
 .text.xQueueGenericSend
                0x1000920c      0x1d4 CMakeFiles/str-freertos.dir/FreeRTOS/queue.c.o
                0x1000920c                xQueueGenericSend
 .text.xQueueGenericSendFromISR
                0x100093e0      0x150 CMakeFiles/str-freertos.dir/FreeRTOS/queue.c.o
                0x100093e0                xQueueGenericSendFromISR
 .text.xQueueGiveFromISR
                0x10009530       0x7c CMakeFiles/str-freertos.dir/FreeRTOS/queue.c.o
                0x10009530                xQueueGiveFromISR
 .text.xQueueReceive
                0x100095ac      0x11c CMakeFiles/str-freertos.dir/FreeRTOS/queue.c.o
                0x100095ac                xQueueReceive
 .text.xQueueSemaphoreTake
                0x100096c8      0x144 CMakeFiles/str-freertos.dir/FreeRTOS/queue.c.o
                0x100096c8                xQueueSemaphoreTake
 .text.vQueueAddToRegistry
                0x1000980c      0x118 CMakeFiles/str-freertos.dir/FreeRTOS/queue.c.o
                0x1000980c                vQueueAddToRegistry
 .text.vQueueWaitForMessageRestricted
                0x10009924       0x48 CMakeFiles/str-freertos.dir/FreeRTOS/queue.c.o
                0x10009924                vQueueWaitForMessageRestricted
 .text.prvAddNewTaskToReadyList
                0x1000996c      0x124 CMakeFiles/str-freertos.dir/FreeRTOS/tasks.c.o
 .text.prvCreateTask
                0x10009a90      0x130 CMakeFiles/str-freertos.dir/FreeRTOS/tasks.c.o
 .text.prvIdleTask
                0x10009bc0       0x60 CMakeFiles/str-freertos.dir/FreeRTOS/tasks.c.o
 .text.xTaskIncrementTick.part.0
                0x10009c20      0x194 CMakeFiles/str-freertos.dir/FreeRTOS/tasks.c.o
 .text.xTaskCreate
                0x10009db4       0x24 CMakeFiles/str-freertos.dir/FreeRTOS/tasks.c.o
                0x10009db4                xTaskCreate
 .text.vTaskStartScheduler
                0x10009dd8       0x74 CMakeFiles/str-freertos.dir/FreeRTOS/tasks.c.o
                0x10009dd8                vTaskStartScheduler
 .text.vTaskSuspendAll
                0x10009e4c       0x10 CMakeFiles/str-freertos.dir/FreeRTOS/tasks.c.o
                0x10009e4c                vTaskSuspendAll
 .text.xTaskResumeAll
                0x10009e5c      0x188 CMakeFiles/str-freertos.dir/FreeRTOS/tasks.c.o
                0x10009e5c                xTaskResumeAll
 .text.xTaskDelayUntil
                0x10009fe4       0xb4 CMakeFiles/str-freertos.dir/FreeRTOS/tasks.c.o
                0x10009fe4                xTaskDelayUntil
 .text.vTaskDelay
                0x1000a098       0x84 CMakeFiles/str-freertos.dir/FreeRTOS/tasks.c.o
                0x1000a098                vTaskDelay
 .text.xTaskGetTickCount
                0x1000a11c        0xc CMakeFiles/str-freertos.dir/FreeRTOS/tasks.c.o
                0x1000a11c                xTaskGetTickCount
 .text.uxTaskGetNumberOfTasks
                0x1000a128        0xc CMakeFiles/str-freertos.dir/FreeRTOS/tasks.c.o
                0x1000a128                uxTaskGetNumberOfTasks
 .text.xTaskIncrementTick
                0x1000a134       0x24 CMakeFiles/str-freertos.dir/FreeRTOS/tasks.c.o
                0x1000a134                xTaskIncrementTick
 .text.vTaskSwitchContext
                0x1000a158       0x7c CMakeFiles/str-freertos.dir/FreeRTOS/tasks.c.o
                0x1000a158                vTaskSwitchContext
 .text.vTaskPlaceOnEventList
                0x1000a1d4       0xa0 CMakeFiles/str-freertos.dir/FreeRTOS/tasks.c.o
                0x1000a1d4                vTaskPlaceOnEventList
 .text.vTaskPlaceOnUnorderedEventList
                0x1000a274       0xc4 CMakeFiles/str-freertos.dir/FreeRTOS/tasks.c.o
                0x1000a274                vTaskPlaceOnUnorderedEventList
 .text.vTaskPlaceOnEventListRestricted
                0x1000a338       0xf4 CMakeFiles/str-freertos.dir/FreeRTOS/tasks.c.o
                0x1000a338                vTaskPlaceOnEventListRestricted
 .text.xTaskRemoveFromEventList
                0x1000a42c       0xcc CMakeFiles/str-freertos.dir/FreeRTOS/tasks.c.o
                0x1000a42c                xTaskRemoveFromEventList
 .text.vTaskRemoveFromUnorderedEventList
                0x1000a4f8       0x94 CMakeFiles/str-freertos.dir/FreeRTOS/tasks.c.o
                0x1000a4f8                vTaskRemoveFromUnorderedEventList
 .text.vTaskInternalSetTimeOutState
                0x1000a58c       0x18 CMakeFiles/str-freertos.dir/FreeRTOS/tasks.c.o
                0x1000a58c                vTaskInternalSetTimeOutState
 .text.xTaskCheckForTimeOut
                0x1000a5a4       0x74 CMakeFiles/str-freertos.dir/FreeRTOS/tasks.c.o
                0x1000a5a4                xTaskCheckForTimeOut
 .text.vTaskMissedYield
                0x1000a618        0xc CMakeFiles/str-freertos.dir/FreeRTOS/tasks.c.o
                0x1000a618                vTaskMissedYield
 .text.xTaskGetCurrentTaskHandle
                0x1000a624        0xc CMakeFiles/str-freertos.dir/FreeRTOS/tasks.c.o
                0x1000a624                xTaskGetCurrentTaskHandle
 .text.xTaskPriorityInherit
                0x1000a630       0x94 CMakeFiles/str-freertos.dir/FreeRTOS/tasks.c.o
                0x1000a630                xTaskPriorityInherit
 .text.xTaskPriorityDisinherit
                0x1000a6c4       0x64 CMakeFiles/str-freertos.dir/FreeRTOS/tasks.c.o
                0x1000a6c4                xTaskPriorityDisinherit
 .text.vTaskPriorityDisinheritAfterTimeout
                0x1000a728       0x7c CMakeFiles/str-freertos.dir/FreeRTOS/tasks.c.o
                0x1000a728                vTaskPriorityDisinheritAfterTimeout
 .text.uxTaskResetEventItemValue
                0x1000a7a4       0x18 CMakeFiles/str-freertos.dir/FreeRTOS/tasks.c.o
                0x1000a7a4                uxTaskResetEventItemValue
 .text.pvTaskIncrementMutexHeldCount
                0x1000a7bc       0x14 CMakeFiles/str-freertos.dir/FreeRTOS/tasks.c.o
                0x1000a7bc                pvTaskIncrementMutexHeldCount
 .text.prvTimerTask
                0x1000a7d0      0x39c CMakeFiles/str-freertos.dir/FreeRTOS/timers.c.o
 .text.xTimerCreateTimerTask
                0x1000ab6c       0x8c CMakeFiles/str-freertos.dir/FreeRTOS/timers.c.o
                0x1000ab6c                xTimerCreateTimerTask
 .text.xTimerPendFunctionCallFromISR
                0x1000abf8       0x2c CMakeFiles/str-freertos.dir/FreeRTOS/timers.c.o
                0x1000abf8                xTimerPendFunctionCallFromISR
 .text.exception_set_exclusive_handler
                0x1000ac24       0x48 CMakeFiles/str-freertos.dir/home/laura/.pico-sdk/sdk/2.1.1/src/rp2_common/hardware_exception/exception.c.o
                0x1000ac24                exception_set_exclusive_handler
 .text.calloc   0x1000ac6c       0x18 /home/laura/.pico-sdk/toolchain/14_2_Rel1/bin/../lib/gcc/arm-none-eabi/14.2.1/../../../../arm-none-eabi/lib/thumb/v6-m/nofp/libg.a(libc_a-calloc.o)
                0x1000ac6c                calloc
 .text._calloc_r
                0x1000ac84       0xa8 /home/laura/.pico-sdk/toolchain/14_2_Rel1/bin/../lib/gcc/arm-none-eabi/14.2.1/../../../../arm-none-eabi/lib/thumb/v6-m/nofp/libg.a(libc_a-callocr.o)
                0x1000ac84                _calloc_r
 .text.malloc   0x1000ad2c       0x14 /home/laura/.pico-sdk/toolchain/14_2_Rel1/bin/../lib/gcc/arm-none-eabi/14.2.1/../../../../arm-none-eabi/lib/thumb/v6-m/nofp/libg.a(libc_a-malloc.o)
                0x1000ad2c                malloc
 .text.free     0x1000ad40       0x14 /home/laura/.pico-sdk/toolchain/14_2_Rel1/bin/../lib/gcc/arm-none-eabi/14.2.1/../../../../arm-none-eabi/lib/thumb/v6-m/nofp/libg.a(libc_a-malloc.o)
                0x1000ad40                free
 .text._malloc_r
                0x1000ad54      0x5cc /home/laura/.pico-sdk/toolchain/14_2_Rel1/bin/../lib/gcc/arm-none-eabi/14.2.1/../../../../arm-none-eabi/lib/thumb/v6-m/nofp/libg.a(libc_a-mallocr.o)
                0x1000ad54                _malloc_r
 .text.__malloc_lock
                0x1000b320       0x10 /home/laura/.pico-sdk/toolchain/14_2_Rel1/bin/../lib/gcc/arm-none-eabi/14.2.1/../../../../arm-none-eabi/lib/thumb/v6-m/nofp/libg.a(libc_a-mlock.o)
                0x1000b320                __malloc_lock
 .text.__malloc_unlock
                0x1000b330       0x10 /home/laura/.pico-sdk/toolchain/14_2_Rel1/bin/../lib/gcc/arm-none-eabi/14.2.1/../../../../arm-none-eabi/lib/thumb/v6-m/nofp/libg.a(libc_a-mlock.o)
                0x1000b330                __malloc_unlock
 .text._sbrk_r  0x1000b340       0x24 /home/laura/.pico-sdk/toolchain/14_2_Rel1/bin/../lib/gcc/arm-none-eabi/14.2.1/../../../../arm-none-eabi/lib/thumb/v6-m/nofp/libg.a(libc_a-sbrkr.o)
                0x1000b340                _sbrk_r
 .text.__errno  0x1000b364        0xc /home/laura/.pico-sdk/toolchain/14_2_Rel1/bin/../lib/gcc/arm-none-eabi/14.2.1/../../../../arm-none-eabi/lib/thumb/v6-m/nofp/libg.a(libc_a-errno.o)
                0x1000b364                __errno
 .text.__retarget_lock_acquire_recursive
                0x1000b370        0x4 /home/laura/.pico-sdk/toolchain/14_2_Rel1/bin/../lib/gcc/arm-none-eabi/14.2.1/../../../../arm-none-eabi/lib/thumb/v6-m/nofp/libg.a(libc_a-lock.o)
                0x1000b370                __retarget_lock_acquire_recursive
 .text.__retarget_lock_release_recursive
                0x1000b374        0x4 /home/laura/.pico-sdk/toolchain/14_2_Rel1/bin/../lib/gcc/arm-none-eabi/14.2.1/../../../../arm-none-eabi/lib/thumb/v6-m/nofp/libg.a(libc_a-lock.o)
                0x1000b374                __retarget_lock_release_recursive
 .text.sysconf  0x1000b378       0x1c /home/laura/.pico-sdk/toolchain/14_2_Rel1/bin/../lib/gcc/arm-none-eabi/14.2.1/../../../../arm-none-eabi/lib/thumb/v6-m/nofp/libg.a(libc_a-sysconf.o)
                0x1000b378                sysconf
 .text.strcpy   0x1000b394       0x10 /home/laura/.pico-sdk/toolchain/14_2_Rel1/bin/../lib/gcc/arm-none-eabi/14.2.1/../../../../arm-none-eabi/lib/thumb/v6-m/nofp/libg.a(libc_a-strcpy.o)
                0x1000b394                strcpy
 .text.strlen   0x1000b3a4       0x5c /home/laura/.pico-sdk/toolchain/14_2_Rel1/bin/../lib/gcc/arm-none-eabi/14.2.1/../../../../arm-none-eabi/lib/thumb/v6-m/nofp/libg.a(libc_a-strlen-stub.o)
                0x1000b3a4                strlen
 .text._malloc_trim_r
                0x1000b400       0xb4 /home/laura/.pico-sdk/toolchain/14_2_Rel1/bin/../lib/gcc/arm-none-eabi/14.2.1/../../../../arm-none-eabi/lib/thumb/v6-m/nofp/libg.a(libc_a-freer.o)
                0x1000b400                _malloc_trim_r
 .text._free_r  0x1000b4b4      0x1f0 /home/laura/.pico-sdk/toolchain/14_2_Rel1/bin/../lib/gcc/arm-none-eabi/14.2.1/../../../../arm-none-eabi/lib/thumb/v6-m/nofp/libg.a(libc_a-freer.o)
                0x1000b4b4                _free_r
 *(.fini)
 .fini          0x1000b6a4        0x4 /home/laura/.pico-sdk/toolchain/14_2_Rel1/bin/../lib/gcc/arm-none-eabi/14.2.1/thumb/v6-m/nofp/crti.o
                0x1000b6a4                _fini
 .fini.__stub   0x1000b6a8       0xd0 linker stubs
 *crtbegin.o(.ctors)
 *crtbegin?.o(.ctors)
 *(EXCLUDE_FILE(*crtend.o *crtend?.o) .ctors)
 *(SORT_BY_NAME(.ctors.*))
 *(.ctors)
 *crtbegin.o(.dtors)
 *crtbegin?.o(.dtors)
 *(EXCLUDE_FILE(*crtend.o *crtend?.o) .dtors)
 *(SORT_BY_NAME(.dtors.*))
 *(.dtors)
                0x1000b778                        . = ALIGN (0x4)
                0x1000b778                        PROVIDE (__preinit_array_start = .)
 *(SORT_BY_NAME(.preinit_array.*))
 .preinit_array.00100
                0x1000b778        0x4 CMakeFiles/str-freertos.dir/home/laura/.pico-sdk/sdk/2.1.1/src/rp2_common/pico_runtime_init/runtime_init.c.o
                0x1000b778                __pre_init_runtime_init_early_resets
 .preinit_array.00101
                0x1000b77c        0x4 CMakeFiles/str-freertos.dir/home/laura/.pico-sdk/sdk/2.1.1/src/rp2_common/pico_runtime_init/runtime_init.c.o
                0x1000b77c                __pre_init_runtime_init_usb_power_down
 .preinit_array.00275
                0x1000b780        0x4 CMakeFiles/str-freertos.dir/home/laura/.pico-sdk/sdk/2.1.1/src/rp2_common/pico_bit_ops/bit_ops_aeabi.S.o
 .preinit_array.00300
                0x1000b784        0x4 CMakeFiles/str-freertos.dir/home/laura/.pico-sdk/sdk/2.1.1/src/rp2_common/pico_mem_ops/mem_ops_aeabi.S.o
 .preinit_array.00350
                0x1000b788        0x4 CMakeFiles/str-freertos.dir/home/laura/.pico-sdk/sdk/2.1.1/src/rp2_common/pico_double/double_aeabi_rp2040.S.o
 .preinit_array.00350
                0x1000b78c        0x4 CMakeFiles/str-freertos.dir/home/laura/.pico-sdk/sdk/2.1.1/src/rp2_common/pico_float/float_aeabi_rp2040.S.o
 .preinit_array.00500
                0x1000b790        0x4 CMakeFiles/str-freertos.dir/home/laura/.pico-sdk/sdk/2.1.1/src/rp2_common/pico_runtime_init/runtime_init.c.o
                0x1000b790                __pre_init_runtime_init_clocks
 .preinit_array.00600
                0x1000b794        0x4 CMakeFiles/str-freertos.dir/home/laura/.pico-sdk/sdk/2.1.1/src/rp2_common/pico_runtime_init/runtime_init.c.o
                0x1000b794                __pre_init_runtime_init_post_clock_resets
 .preinit_array.00700
                0x1000b798        0x4 CMakeFiles/str-freertos.dir/home/laura/.pico-sdk/sdk/2.1.1/src/rp2_common/pico_runtime_init/runtime_init.c.o
                0x1000b798                __pre_init_runtime_init_rp2040_gpio_ie_disable
 .preinit_array.01000
                0x1000b79c        0x4 CMakeFiles/str-freertos.dir/home/laura/.pico-sdk/sdk/2.1.1/src/rp2_common/pico_runtime_init/runtime_init.c.o
                0x1000b79c                __pre_init_runtime_init_spin_locks_reset
 .preinit_array.01100
                0x1000b7a0        0x4 CMakeFiles/str-freertos.dir/home/laura/.pico-sdk/sdk/2.1.1/src/common/pico_sync/mutex.c.o
                0x1000b7a0                __pre_init_runtime_init_mutex
 .preinit_array.10080
                0x1000b7a4        0x4 CMakeFiles/str-freertos.dir/home/laura/.pico-sdk/sdk/2.1.1/src/rp2_common/pico_runtime_init/runtime_init.c.o
                0x1000b7a4                __pre_init_runtime_init_install_ram_vector_table
 .preinit_array.11000
                0x1000b7a8        0x4 CMakeFiles/str-freertos.dir/home/laura/.pico-sdk/sdk/2.1.1/src/common/pico_time/time.c.o
                0x1000b7a8                __pre_init_runtime_init_default_alarm_pool
 .preinit_array.YYYYY
                0x1000b7ac        0x4 CMakeFiles/str-freertos.dir/home/laura/.pico-sdk/sdk/2.1.1/src/rp2_common/pico_runtime/runtime.c.o
                0x1000b7ac                __pre_init_first_per_core_initializer
 .preinit_array.ZZZZZ.01200
                0x1000b7b0        0x4 CMakeFiles/str-freertos.dir/home/laura/.pico-sdk/sdk/2.1.1/src/rp2_common/hardware_irq/irq.c.o
                0x1000b7b0                __pre_init_runtime_init_per_core_irq_priorities
 *(.preinit_array)
                0x1000b7b4                        PROVIDE (__preinit_array_end = .)
                0x1000b7b4                        . = ALIGN (0x4)
                0x1000b7b4                        PROVIDE (__init_array_start = .)
 *(SORT_BY_NAME(.init_array.*))
 *(.init_array)
 .init_array    0x1000b7b4        0x4 /home/laura/.pico-sdk/toolchain/14_2_Rel1/bin/../lib/gcc/arm-none-eabi/14.2.1/thumb/v6-m/nofp/crtbegin.o
 .init_array    0x1000b7b8        0x4 CMakeFiles/str-freertos.dir/home/laura/.pico-sdk/sdk/2.1.1/src/rp2_common/pico_unique_id/unique_id.c.o
 .init_array    0x1000b7bc        0x4 CMakeFiles/str-freertos.dir/FreeRTOS/portable/ThirdParty/GCC/RP2040/port.c.o
                0x1000b7c0                        PROVIDE (__init_array_end = .)
                0x1000b7c0                        . = ALIGN (0x4)
                [!provide]                        PROVIDE (__fini_array_start = .)
 *(SORT_BY_NAME(.fini_array.*))
 *(.fini_array)
                [!provide]                        PROVIDE (__fini_array_end = .)
 *(.eh_frame*)
 .eh_frame      0x1000b7c0        0x0 /home/laura/.pico-sdk/toolchain/14_2_Rel1/bin/../lib/gcc/arm-none-eabi/14.2.1/thumb/v6-m/nofp/crtbegin.o
                0x1000b7c0                        . = ALIGN (0x4)

.glue_7         0x1000b7c0        0x0
 .glue_7        0x1000b7c0        0x0 linker stubs

.glue_7t        0x1000b7c0        0x0
 .glue_7t       0x1000b7c0        0x0 linker stubs

.vfp11_veneer   0x1000b7c0        0x0
 .vfp11_veneer  0x1000b7c0        0x0 linker stubs

.v4_bx          0x1000b7c0        0x0
 .v4_bx         0x1000b7c0        0x0 linker stubs

.iplt           0x1000b7c0        0x0
 .iplt          0x1000b7c0        0x0 /home/laura/.pico-sdk/toolchain/14_2_Rel1/bin/../lib/gcc/arm-none-eabi/14.2.1/thumb/v6-m/nofp/crtbegin.o

.rodata         0x1000b7c0      0xc24
 *(EXCLUDE_FILE(*libm.a: *libc.a:*lib_a-mem*.o *libgcc.a:) .rodata*)
 .rodata.task_logica_abs.str1.4
                0x1000b7c0      0x398 CMakeFiles/str-freertos.dir/src/main.c.o
                                 0x43 (size before relaxing)
 .rodata.task_logica_airbag.str1.4
                0x1000bb58       0x47 CMakeFiles/str-freertos.dir/src/main.c.o
 .rodata.task_comando_piloto.str1.4
                0x1000bb58       0x3b CMakeFiles/str-freertos.dir/src/main.c.o
 .rodata.task_gerencia_display.str1.4
                0x1000bb58       0x2d CMakeFiles/str-freertos.dir/src/main.c.o
 .rodata.main.str1.4
                0x1000bb58       0xd6 CMakeFiles/str-freertos.dir/src/main.c.o
 .rodata        0x1000bb58       0x39 CMakeFiles/str-freertos.dir/src/main.c.o
 *fill*         0x1000bb91        0x3 
 .rodata.ssd1306_draw_string
                0x1000bb94       0xe0 CMakeFiles/str-freertos.dir/include/ssd1306_i2c.c.o
 *fill*         0x1000bc74        0x4 
 .rodata.font   0x1000bc78      0x168 CMakeFiles/str-freertos.dir/include/ssd1306_i2c.c.o
 .rodata        0x1000bde0       0x1a CMakeFiles/str-freertos.dir/include/ssd1306_i2c.c.o
 *fill*         0x1000bdfa        0x2 
 .rodata.ws2818b_program
                0x1000bdfc        0x8 CMakeFiles/str-freertos.dir/include/neopixel.c.o
 .rodata.ws2818b_program_instructions
                0x1000be04        0x8 CMakeFiles/str-freertos.dir/include/neopixel.c.o
 .rodata.panic.str1.4
                0x1000be0c       0x12 CMakeFiles/str-freertos.dir/home/laura/.pico-sdk/sdk/2.1.1/src/rp2_common/pico_platform_panic/panic.c.o
 .rodata.panic_unsupported.str1.4
                0x1000be0c        0xe CMakeFiles/str-freertos.dir/home/laura/.pico-sdk/sdk/2.1.1/src/rp2_common/pico_platform_panic/panic.c.o
 .rodata.spin_lock_claim_unused.str1.4
                0x1000be0c       0x1b CMakeFiles/str-freertos.dir/home/laura/.pico-sdk/sdk/2.1.1/src/rp2_common/hardware_sync/sync.c.o
 .rodata.user_irq_claim_unused.str1.4
                0x1000be0c       0x1b CMakeFiles/str-freertos.dir/home/laura/.pico-sdk/sdk/2.1.1/src/rp2_common/hardware_irq/irq.c.o
 .rodata.timer_hardware_alarm_claim.str1.4
                0x1000be0c       0x22 CMakeFiles/str-freertos.dir/home/laura/.pico-sdk/sdk/2.1.1/src/rp2_common/hardware_timer/timer.c.o
 .rodata.hard_assertion_failure.str1.4
                0x1000be0c        0xc CMakeFiles/str-freertos.dir/home/laura/.pico-sdk/sdk/2.1.1/src/rp2_common/pico_runtime/runtime.c.o
 .rodata.__wrap_malloc.str1.4
                0x1000be0c        0xe CMakeFiles/str-freertos.dir/home/laura/.pico-sdk/sdk/2.1.1/src/rp2_common/pico_malloc/malloc.c.o
 .rodata.str1.4
                0x1000be0c       0x44 CMakeFiles/str-freertos.dir/home/laura/.pico-sdk/sdk/2.1.1/src/rp2_common/pico_standard_binary_info/standard_binary_info.c.o
 .rodata.__bi_84
                0x1000be0c        0xc CMakeFiles/str-freertos.dir/home/laura/.pico-sdk/sdk/2.1.1/src/rp2_common/pico_standard_binary_info/standard_binary_info.c.o
 .rodata.__bi_78
                0x1000be18        0xc CMakeFiles/str-freertos.dir/home/laura/.pico-sdk/sdk/2.1.1/src/rp2_common/pico_standard_binary_info/standard_binary_info.c.o
 .rodata.__bi_54
                0x1000be24        0xc CMakeFiles/str-freertos.dir/home/laura/.pico-sdk/sdk/2.1.1/src/rp2_common/pico_standard_binary_info/standard_binary_info.c.o
 .rodata.__bi_48
                0x1000be30        0xc CMakeFiles/str-freertos.dir/home/laura/.pico-sdk/sdk/2.1.1/src/rp2_common/pico_standard_binary_info/standard_binary_info.c.o
 .rodata.__bi_42
                0x1000be3c        0xc CMakeFiles/str-freertos.dir/home/laura/.pico-sdk/sdk/2.1.1/src/rp2_common/pico_standard_binary_info/standard_binary_info.c.o
 .rodata.__bi_34
                0x1000be48        0xc CMakeFiles/str-freertos.dir/home/laura/.pico-sdk/sdk/2.1.1/src/rp2_common/pico_standard_binary_info/standard_binary_info.c.o
 .rodata.__bi_26
                0x1000be54        0xc CMakeFiles/str-freertos.dir/home/laura/.pico-sdk/sdk/2.1.1/src/rp2_common/pico_standard_binary_info/standard_binary_info.c.o
 .rodata._ftoa.str1.4
                0x1000be60       0x15 CMakeFiles/str-freertos.dir/home/laura/.pico-sdk/sdk/2.1.1/src/rp2_common/pico_printf/printf.c.o
 .rodata._vsnprintf
                0x1000be60      0x19c CMakeFiles/str-freertos.dir/home/laura/.pico-sdk/sdk/2.1.1/src/rp2_common/pico_printf/printf.c.o
 *fill*         0x1000bffc        0x4 
 .rodata.pow10.0
                0x1000c000       0x50 CMakeFiles/str-freertos.dir/home/laura/.pico-sdk/sdk/2.1.1/src/rp2_common/pico_printf/printf.c.o
 .rodata.crlf_str.0
                0x1000c050        0x2 CMakeFiles/str-freertos.dir/home/laura/.pico-sdk/sdk/2.1.1/src/rp2_common/pico_stdio/stdio.c.o
 *fill*         0x1000c052        0x2 
 .rodata._resetd_driver
                0x1000c054       0x20 CMakeFiles/str-freertos.dir/home/laura/.pico-sdk/sdk/2.1.1/src/rp2_common/pico_stdio_usb/reset_interface.c.o
 .rodata.desc_ms_os_20
                0x1000c074       0xa6 CMakeFiles/str-freertos.dir/home/laura/.pico-sdk/sdk/2.1.1/src/rp2_common/pico_stdio_usb/reset_interface.c.o
 *fill*         0x1000c11a        0x2 
 .rodata.desc_bos
                0x1000c11c       0x21 CMakeFiles/str-freertos.dir/home/laura/.pico-sdk/sdk/2.1.1/src/rp2_common/pico_stdio_usb/reset_interface.c.o
                0x1000c11c                desc_bos
 .rodata.str1.4
                0x1000c13d       0x13 CMakeFiles/str-freertos.dir/home/laura/.pico-sdk/sdk/2.1.1/src/rp2_common/pico_stdio_usb/stdio_usb.c.o
 *fill*         0x1000c13d        0x3 
 .rodata.__bi_197.0
                0x1000c140        0xc CMakeFiles/str-freertos.dir/home/laura/.pico-sdk/sdk/2.1.1/src/rp2_common/pico_stdio_usb/stdio_usb.c.o
 .rodata.str1.4
                0x1000c14c       0x2a CMakeFiles/str-freertos.dir/home/laura/.pico-sdk/sdk/2.1.1/src/rp2_common/pico_stdio_usb/stdio_usb_descriptors.c.o
 .rodata.usbd_desc_str
                0x1000c14c       0x18 CMakeFiles/str-freertos.dir/home/laura/.pico-sdk/sdk/2.1.1/src/rp2_common/pico_stdio_usb/stdio_usb_descriptors.c.o
 .rodata.usbd_desc_cfg
                0x1000c164       0x54 CMakeFiles/str-freertos.dir/home/laura/.pico-sdk/sdk/2.1.1/src/rp2_common/pico_stdio_usb/stdio_usb_descriptors.c.o
 .rodata.usbd_desc_device
                0x1000c1b8       0x12 CMakeFiles/str-freertos.dir/home/laura/.pico-sdk/sdk/2.1.1/src/rp2_common/pico_stdio_usb/stdio_usb_descriptors.c.o
 .rodata.str1.4
                0x1000c1ca       0x14 CMakeFiles/str-freertos.dir/home/laura/.pico-sdk/sdk/2.1.1/lib/tinyusb/src/portable/raspberrypi/rp2040/dcd_rp2040.c.o
 .rodata.str1.4
                0x1000c1ca       0x48 CMakeFiles/str-freertos.dir/home/laura/.pico-sdk/sdk/2.1.1/lib/tinyusb/src/portable/raspberrypi/rp2040/rp2040_usb.c.o
 *fill*         0x1000c1ca        0x2 
 .rodata.tud_task_ext
                0x1000c1cc       0x8c CMakeFiles/str-freertos.dir/home/laura/.pico-sdk/sdk/2.1.1/lib/tinyusb/src/device/usbd.c.o
 .rodata        0x1000c258       0x1c CMakeFiles/str-freertos.dir/home/laura/.pico-sdk/sdk/2.1.1/lib/tinyusb/src/device/usbd.c.o
 .rodata._usbd_driver
                0x1000c274       0x40 CMakeFiles/str-freertos.dir/home/laura/.pico-sdk/sdk/2.1.1/lib/tinyusb/src/device/usbd.c.o
 .rodata.pio_claim_unused_sm.str1.4
                0x1000c2b4       0x24 CMakeFiles/str-freertos.dir/home/laura/.pico-sdk/sdk/2.1.1/src/rp2_common/hardware_pio/pio.c.o
 .rodata.uxTopUsedPriority
                0x1000c2b4        0x4 CMakeFiles/str-freertos.dir/FreeRTOS/tasks.c.o
 .rodata.prvTimerTask
                0x1000c2b8       0x28 CMakeFiles/str-freertos.dir/FreeRTOS/timers.c.o
 .rodata.xTimerCreateTimerTask.str1.4