Archive member included to satisfy reference by file (symbol)

C:/Users/gmira/.pico-sdk/toolchain/14_2_Rel1/bin/../lib/gcc/arm-none-eabi/14.2.1/thumb/v6-m/nofp\libgcc.a(_dvmd_tls.o)
                              CMakeFiles/str-freertos.dir/C_/Users/gmira/.pico-sdk/sdk/2.1.1/src/rp2_common/pico_divider/divider_hardware.S.obj (__aeabi_idiv0)
C:/Users/gmira/.pico-sdk/toolchain/14_2_Rel1/bin/../lib/gcc/arm-none-eabi/14.2.1/thumb/v6-m/nofp\libg.a(libc_a-calloc.o)
                              CMakeFiles/str-freertos.dir/C_/Users/gmira/.pico-sdk/sdk/2.1.1/src/rp2_common/pico_malloc/malloc.c.obj (calloc)
C:/Users/gmira/.pico-sdk/toolchain/14_2_Rel1/bin/../lib/gcc/arm-none-eabi/14.2.1/thumb/v6-m/nofp\libg.a(libc_a-callocr.o)
                              C:/Users/gmira/.pico-sdk/toolchain/14_2_Rel1/bin/../lib/gcc/arm-none-eabi/14.2.1/thumb/v6-m/nofp\libg.a(libc_a-calloc.o) (_calloc_r)
C:/Users/gmira/.pico-sdk/toolchain/14_2_Rel1/bin/../lib/gcc/arm-none-eabi/14.2.1/thumb/v6-m/nofp\libg.a(libc_a-malloc.o)
                              CMakeFiles/str-freertos.dir/C_/Users/gmira/.pico-sdk/sdk/2.1.1/src/rp2_common/pico_malloc/malloc.c.obj (malloc)
C:/Users/gmira/.pico-sdk/toolchain/14_2_Rel1/bin/../lib/gcc/arm-none-eabi/14.2.1/thumb/v6-m/nofp\libg.a(libc_a-mallocr.o)
                              C:/Users/gmira/.pico-sdk/toolchain/14_2_Rel1/bin/../lib/gcc/arm-none-eabi/14.2.1/thumb/v6-m/nofp\libg.a(libc_a-callocr.o) (_malloc_r)
C:/Users/gmira/.pico-sdk/toolchain/14_2_Rel1/bin/../lib/gcc/arm-none-eabi/14.2.1/thumb/v6-m/nofp\libg.a(libc_a-mlock.o)
                              C:/Users/gmira/.pico-sdk/toolchain/14_2_Rel1/bin/../lib/gcc/arm-none-eabi/14.2.1/thumb/v6-m/nofp\libg.a(libc_a-mallocr.o) (__malloc_lock)
C:/Users/gmira/.pico-sdk/toolchain/14_2_Rel1/bin/../lib/gcc/arm-none-eabi/14.2.1/thumb/v6-m/nofp\libg.a(libc_a-realloc.o)
                              CMakeFiles/str-freertos.dir/C_/Users/gmira/.pico-sdk/sdk/2.1.1/src/rp2_common/pico_malloc/malloc.c.obj (realloc)
C:/Users/gmira/.pico-sdk/toolchain/14_2_Rel1/bin/../lib/gcc/arm-none-eabi/14.2.1/thumb/v6-m/nofp\libg.a(libc_a-reallocr.o)
                              C:/Users/gmira/.pico-sdk/toolchain/14_2_Rel1/bin/../lib/gcc/arm-none-eabi/14.2.1/thumb/v6-m/nofp\libg.a(libc_a-realloc.o) (_realloc_r)
C:/Users/gmira/.pico-sdk/toolchain/14_2_Rel1/bin/../lib/gcc/arm-none-eabi/14.2.1/thumb/v6-m/nofp\libg.a(libc_a-ctype_.o)
                              CMakeFiles/str-freertos.dir/include/ssd1306_i2c.c.obj (_ctype_)
C:/Users/gmira/.pico-sdk/toolchain/14_2_Rel1/bin/../lib/gcc/arm-none-eabi/14.2.1/thumb/v6-m/nofp\libg.a(libc_a-memcmp.o)
                              CMakeFiles/str-freertos.dir/C_/Users/gmira/.pico-sdk/sdk/2.1.1/src/rp2_common/pico_atomic/atomic.c.obj (memcmp)
C:/Users/gmira/.pico-sdk/toolchain/14_2_Rel1/bin/../lib/gcc/arm-none-eabi/14.2.1/thumb/v6-m/nofp\libg.a(libc_a-memmove.o)
                              C:/Users/gmira/.pico-sdk/toolchain/14_2_Rel1/bin/../lib/gcc/arm-none-eabi/14.2.1/thumb/v6-m/nofp\libg.a(libc_a-reallocr.o) (memmove)
C:/Users/gmira/.pico-sdk/toolchain/14_2_Rel1/bin/../lib/gcc/arm-none-eabi/14.2.1/thumb/v6-m/nofp\libg.a(libc_a-lcltime_r.o)
                              CMakeFiles/str-freertos.dir/C_/Users/gmira/.pico-sdk/sdk/2.1.1/src/common/pico_util/datetime.c.obj (localtime_r)
C:/Users/gmira/.pico-sdk/toolchain/14_2_Rel1/bin/../lib/gcc/arm-none-eabi/14.2.1/thumb/v6-m/nofp\libg.a(libc_a-mktime.o)
                              CMakeFiles/str-freertos.dir/C_/Users/gmira/.pico-sdk/sdk/2.1.1/src/common/pico_util/datetime.c.obj (mktime)
C:/Users/gmira/.pico-sdk/toolchain/14_2_Rel1/bin/../lib/gcc/arm-none-eabi/14.2.1/thumb/v6-m/nofp\libg.a(libc_a-month_lengths.o)
                              C:/Users/gmira/.pico-sdk/toolchain/14_2_Rel1/bin/../lib/gcc/arm-none-eabi/14.2.1/thumb/v6-m/nofp\libg.a(libc_a-lcltime_r.o) (__month_lengths)
C:/Users/gmira/.pico-sdk/toolchain/14_2_Rel1/bin/../lib/gcc/arm-none-eabi/14.2.1/thumb/v6-m/nofp\libg.a(libc_a-tzcalc_limits.o)
                              C:/Users/gmira/.pico-sdk/toolchain/14_2_Rel1/bin/../lib/gcc/arm-none-eabi/14.2.1/thumb/v6-m/nofp\libg.a(libc_a-lcltime_r.o) (__tzcalc_limits)
C:/Users/gmira/.pico-sdk/toolchain/14_2_Rel1/bin/../lib/gcc/arm-none-eabi/14.2.1/thumb/v6-m/nofp\libg.a(libc_a-tzlock.o)
                              C:/Users/gmira/.pico-sdk/toolchain/14_2_Rel1/bin/../lib/gcc/arm-none-eabi/14.2.1/thumb/v6-m/nofp\libg.a(libc_a-lcltime_r.o) (__tz_lock)
C:/Users/gmira/.pico-sdk/toolchain/14_2_Rel1/bin/../lib/gcc/arm-none-eabi/14.2.1/thumb/v6-m/nofp\libg.a(libc_a-tzset.o)
                              C:/Users/gmira/.pico-sdk/toolchain/14_2_Rel1/bin/../lib/gcc/arm-none-eabi/14.2.1/thumb/v6-m/nofp\libg.a(libc_a-lcltime_r.o) (_tzset_unlocked)
C:/Users/gmira/.pico-sdk/toolchain/14_2_Rel1/bin/../lib/gcc/arm-none-eabi/14.2.1/thumb/v6-m/nofp\libg.a(libc_a-tzset_r.o)
[...]
Memory Configuration

Name             Origin             Length             Attributes
FLASH            0x10000000         0x00200000         xr
RAM              0x20000000         0x00040000         xrw
SCRATCH_X        0x20040000         0x00001000         xrw
SCRATCH_Y        0x20041000         0x00001000         xrw
*default*        0x00000000         0xffffffff

Linker script and memory map

LOAD C:/Users/gmira/.pico-sdk/toolchain/14_2_Rel1/bin/../lib/gcc/arm-none-eabi/14.2.1/thumb/v6-m/nofp/crti.o
LOAD C:/Users/gmira/.pico-sdk/toolchain/14_2_Rel1/bin/../lib/gcc/arm-none-eabi/14.2.1/thumb/v6-m/nofp/crtbegin.o
LOAD C:/Users/gmira/.pico-sdk/toolchain/14_2_Rel1/bin/../lib/gcc/arm-none-eabi/14.2.1/thumb/v6-m/nofp/crt0.o

.flash_begin    0x10000000        0x0
                0x10000000                        __flash_binary_start = .

.boot2          0x10000000      0x100
                0x10000000                        __boot2_start__ = .
 *(.boot2)
 .boot2         0x10000000      0x100 pico-sdk/src/rp2040/boot_stage2/CMakeFiles/bs2_default_library.dir/./bs2_default_padded_checksummed.S.obj
                0x10000100                        __boot2_end__ = .
                0x00000001                        ASSERT (((__boot2_end__ - __boot2_start__) == 0x100), ERROR: Pico second stage bootloader must be 256 bytes in size)

.text           0x10000100     0xc120
                0x10000100                        __logical_binary_start = .
 *(.vectors)
 .vectors       0x10000100       0xd4 CMakeFiles/str-freertos.dir/C_/Users/gmira/.pico-sdk/sdk/2.1.1/src/rp2_common/pico_crt0/crt0.S.obj
                0x10000100                __VECTOR_TABLE
                0x10000100                __vectors
                0x100001c0                isr_invalid
                0x100001c0                __default_isrs_start
                0x100001c2                isr_nmi
                0x100001c4                isr_hardfault
                0x100001c6                isr_svcall
                0x100001c8                isr_pendsv
                0x100001ca                isr_systick
                0x100001cc                isr_irq23
                0x100001cc                isr_irq18
                0x100001cc                isr_irq11
                0x100001cc                isr_irq28
                0x100001cc                isr_irq19
                0x100001cc                isr_irq0
                0x100001cc                isr_irq6
                0x100001cc                isr_irq5
                0x100001cc                isr_irq12
                0x100001cc                isr_irq22
                0x100001cc                isr_irq31
                0x100001cc                isr_irq17
                0x100001cc                isr_irq27
                0x100001cc                isr_irq30
                0x100001cc                isr_irq2
                0x100001cc                isr_irq10
                0x100001cc                isr_irq8
                0x100001cc                isr_irq24
                0x100001cc                isr_irq1
                0x100001cc                isr_irq7
                0x100001cc                isr_irq21
                0x100001cc                isr_irq20
                0x100001cc                isr_irq15
                0x100001cc                isr_irq25
                0x100001cc                isr_irq13
                0x100001cc                __unhandled_user_irq
                0x100001cc                isr_irq4
                0x100001cc                isr_irq16
                0x100001cc                isr_irq29
                0x100001cc                isr_irq26
                0x100001cc                __default_isrs_end
                0x100001cc                isr_irq3
                0x100001cc                isr_irq14
                0x100001cc                isr_irq9
                0x100001d2                unhandled_user_irq_num_in_r0
 *(.binary_info_header)
 .binary_info_header
                0x100001d4       0x14 CMakeFiles/str-freertos.dir/C_/Users/gmira/.pico-sdk/sdk/2.1.1/src/rp2_common/pico_crt0/crt0.S.obj
                0x100001e8                        __binary_info_header_end = .
 *(.embedded_block)
                0x100001e8                        __embedded_block_end = .
 *(.reset)
 .reset         0x100001e8       0x9c CMakeFiles/str-freertos.dir/C_/Users/gmira/.pico-sdk/sdk/2.1.1/src/rp2_common/pico_crt0/crt0.S.obj
                0x100001e8                _entry_point
 *(.init)
 .init          0x10000284        0x4 C:/Users/gmira/.pico-sdk/toolchain/14_2_Rel1/bin/../lib/gcc/arm-none-eabi/14.2.1/thumb/v6-m/nofp/crti.o
                0x10000284                _init
 *(EXCLUDE_FILE(*libm.a: *libc.a:*lib_a-mem*.o *libgcc.a:) .text*)
 .text.register_tm_clones
                0x10000288       0x28 C:/Users/gmira/.pico-sdk/toolchain/14_2_Rel1/bin/../lib/gcc/arm-none-eabi/14.2.1/thumb/v6-m/nofp/crtbegin.o
 .text.frame_dummy
                0x100002b0       0x24 C:/Users/gmira/.pico-sdk/toolchain/14_2_Rel1/bin/../lib/gcc/arm-none-eabi/14.2.1/thumb/v6-m/nofp/crtbegin.o
 .text.task_analysis_report
                0x100002d4      0x10c CMakeFiles/str-freertos.dir/src/main.c.obj
                0x100002d4                task_analysis_report
 .text.analysis_trigger_callback
                0x100003e0       0xb0 CMakeFiles/str-freertos.dir/src/main.c.obj
                0x100003e0                analysis_trigger_callback
 .text.gpio_callback_isr
                0x10000490       0x6c CMakeFiles/str-freertos.dir/src/main.c.obj
                0x10000490                gpio_callback_isr
 .text.task_debounce_buttons
                0x100004fc       0xe4 CMakeFiles/str-freertos.dir/src/main.c.obj
                0x100004fc                task_debounce_buttons
 .text.task_monitor_velocidade
                0x100005e0       0x7c CMakeFiles/str-freertos.dir/src/main.c.obj
                0x100005e0                task_monitor_velocidade
 .text.task_monitor_temperatura
                0x1000065c       0x9c CMakeFiles/str-freertos.dir/src/main.c.obj
                0x1000065c                task_monitor_temperatura
 .text.task_monitor_combustivel
                0x100006f8      0x100 CMakeFiles/str-freertos.dir/src/main.c.obj
                0x100006f8                task_monitor_combustivel
 .text.task_gerencia_display
                0x100007f8      0x160 CMakeFiles/str-freertos.dir/src/main.c.obj
                0x100007f8                task_gerencia_display
 .text.task_logica_abs
                0x10000958      0x148 CMakeFiles/str-freertos.dir/src/main.c.obj
                0x10000958                task_logica_abs
 .text.task_logica_airbag
                0x10000aa0      0x1b0 CMakeFiles/str-freertos.dir/src/main.c.obj
                0x10000aa0                task_logica_airbag
 .text.task_comando_piloto
                0x10000c50       0xd0 CMakeFiles/str-freertos.dir/src/main.c.obj
                0x10000c50                task_comando_piloto
 .text.task_monitor_rpm
                0x10000d20      0x11c CMakeFiles/str-freertos.dir/src/main.c.obj
                0x10000d20                task_monitor_rpm
 .text.init_hardware
                0x10000e3c      0x190 CMakeFiles/str-freertos.dir/src/main.c.obj
                0x10000e3c                init_hardware
 .text.startup.main
                0x10000fcc      0x204 CMakeFiles/str-freertos.dir/src/main.c.obj
                0x10000fcc                main
 .text.calculate_render_area_buffer_length
                0x100011d0       0x18 CMakeFiles/str-freertos.dir/include/ssd1306_i2c.c.obj
                0x100011d0                calculate_render_area_buffer_length
 .text.ssd1306_init
                0x100011e8       0x58 CMakeFiles/str-freertos.dir/include/ssd1306_i2c.c.obj
                0x100011e8                ssd1306_init
 .text.render_on_display
                0x10001240       0x98 CMakeFiles/str-freertos.dir/include/ssd1306_i2c.c.obj
                0x10001240                render_on_display
 .text.ssd1306_draw_string
                0x100012d8      0x190 CMakeFiles/str-freertos.dir/include/ssd1306_i2c.c.obj
                0x100012d8                ssd1306_draw_string
 .text.ws2818b_program_init
                0x10001468       0xdc CMakeFiles/str-freertos.dir/include/neopixel.c.obj
                0x10001468                ws2818b_program_init
 .text.npInit   0x10001544       0xf0 CMakeFiles/str-freertos.dir/include/neopixel.c.obj
                0x10001544                npInit
 .text.npSetLED
                0x10001634       0x18 CMakeFiles/str-freertos.dir/include/neopixel.c.obj
                0x10001634                npSetLED
 .text.npClear  0x1000164c       0x8c CMakeFiles/str-freertos.dir/include/neopixel.c.obj
                0x1000164c                npClear
 .text.npWrite  0x100016d8       0x68 CMakeFiles/str-freertos.dir/include/neopixel.c.obj
                0x100016d8                npWrite
 .text.gpio_default_irq_handler
                0x10001740      0x2c8 CMakeFiles/str-freertos.dir/C_/Users/gmira/.pico-sdk/sdk/2.1.1/src/rp2_common/hardware_gpio/gpio.c.obj
 .text.gpio_set_function
                0x10001a08       0x34 CMakeFiles/str-freertos.dir/C_/Users/gmira/.pico-sdk/sdk/2.1.1/src/rp2_common/hardware_gpio/gpio.c.obj
                0x10001a08                gpio_set_function
 .text.gpio_set_pulls
                0x10001a3c       0x28 CMakeFiles/str-freertos.dir/C_/Users/gmira/.pico-sdk/sdk/2.1.1/src/rp2_common/hardware_gpio/gpio.c.obj
                0x10001a3c                gpio_set_pulls
 .text.gpio_set_irq_enabled_with_callback
                0x10001a64       0xd0 CMakeFiles/str-freertos.dir/C_/Users/gmira/.pico-sdk/sdk/2.1.1/src/rp2_common/hardware_gpio/gpio.c.obj
                0x10001a64                gpio_set_irq_enabled_with_callback
 .text.gpio_set_input_enabled
                0x10001b34       0x28 CMakeFiles/str-freertos.dir/C_/Users/gmira/.pico-sdk/sdk/2.1.1/src/rp2_common/hardware_gpio/gpio.c.obj
                0x10001b34                gpio_set_input_enabled
 .text.gpio_init
                0x10001b5c       0x40 CMakeFiles/str-freertos.dir/C_/Users/gmira/.pico-sdk/sdk/2.1.1/src/rp2_common/hardware_gpio/gpio.c.obj
                0x10001b5c                gpio_init
 .text.rp2040_chip_version
                0x10001b9c        0xc CMakeFiles/str-freertos.dir/C_/Users/gmira/.pico-sdk/sdk/2.1.1/src/rp2040/pico_platform/platform.c.obj
                0x10001b9c                rp2040_chip_version
 .text.panic    0x10001ba8       0x30 CMakeFiles/str-freertos.dir/C_/Users/gmira/.pico-sdk/sdk/2.1.1/src/rp2_common/pico_platform_panic/panic.c.obj
                0x10001ba8                panic
 .text.panic_unsupported
                0x10001bd8        0xc CMakeFiles/str-freertos.dir/C_/Users/gmira/.pico-sdk/sdk/2.1.1/src/rp2_common/pico_platform_panic/panic.c.obj
                0x10001bd8                panic_unsupported
 .text.hw_claim_lock
                0x10001be4       0x18 CMakeFiles/str-freertos.dir/C_/Users/gmira/.pico-sdk/sdk/2.1.1/src/common/hardware_claim/claim.c.obj
                0x10001be4                hw_claim_lock
 .text.hw_claim_unlock
                0x10001bfc       0x14 CMakeFiles/str-freertos.dir/C_/Users/gmira/.pico-sdk/sdk/2.1.1/src/common/hardware_claim/claim.c.obj
                0x10001bfc                hw_claim_unlock
 .text.hw_claim_or_assert
                0x10001c10       0x44 CMakeFiles/str-freertos.dir/C_/Users/gmira/.pico-sdk/sdk/2.1.1/src/common/hardware_claim/claim.c.obj
                0x10001c10                hw_claim_or_assert
 .text.hw_claim_unused_from_range
                0x10001c54       0x88 CMakeFiles/str-freertos.dir/C_/Users/gmira/.pico-sdk/sdk/2.1.1/src/common/hardware_claim/claim.c.obj
                0x10001c54                hw_claim_unused_from_range
 .text.next_striped_spin_lock_num
                0x10001cdc       0x18 CMakeFiles/str-freertos.dir/C_/Users/gmira/.pico-sdk/sdk/2.1.1/src/rp2_common/hardware_sync/sync.c.obj
                0x10001cdc                next_striped_spin_lock_num
 .text.spin_lock_claim_unused
                0x10001cf4       0x24 CMakeFiles/str-freertos.dir/C_/Users/gmira/.pico-sdk/sdk/2.1.1/src/rp2_common/hardware_sync/sync.c.obj
                0x10001cf4                spin_lock_claim_unused
 .text.spin_locks_reset
                0x10001d18       0x1c CMakeFiles/str-freertos.dir/C_/Users/gmira/.pico-sdk/sdk/2.1.1/src/rp2_common/hardware_sync_spin_lock/sync_spin_lock.c.obj
                0x10001d18                spin_locks_reset
 .text.runtime_init_per_core_irq_priorities
                0x10001d34       0x24 CMakeFiles/str-freertos.dir/C_/Users/gmira/.pico-sdk/sdk/2.1.1/src/rp2_common/hardware_irq/irq.c.obj
                0x10001d34                runtime_init_per_core_irq_priorities
 .text.irq_set_enabled
                0x10001d58       0x24 CMakeFiles/str-freertos.dir/C_/Users/gmira/.pico-sdk/sdk/2.1.1/src/rp2_common/hardware_irq/irq.c.obj
                0x10001d58                irq_set_enabled
 .text.irq_is_enabled
                0x10001d7c       0x18 CMakeFiles/str-freertos.dir/C_/Users/gmira/.pico-sdk/sdk/2.1.1/src/rp2_common/hardware_irq/irq.c.obj
                0x10001d7c                irq_is_enabled
 .text.irq_set_pending
                0x10001d94       0x10 CMakeFiles/str-freertos.dir/C_/Users/gmira/.pico-sdk/sdk/2.1.1/src/rp2_common/hardware_irq/irq.c.obj
                0x10001d94                irq_set_pending
 .text.irq_has_shared_handler
                0x10001da4       0x24 CMakeFiles/str-freertos.dir/C_/Users/gmira/.pico-sdk/sdk/2.1.1/src/rp2_common/hardware_irq/irq.c.obj
                0x10001da4                irq_has_shared_handler
 .text.irq_set_exclusive_handler
                0x10001dc8       0x54 CMakeFiles/str-freertos.dir/C_/Users/gmira/.pico-sdk/sdk/2.1.1/src/rp2_common/hardware_irq/irq.c.obj
                0x10001dc8                irq_set_exclusive_handler
 .text.irq_add_shared_handler
                0x10001e1c      0x1f4 CMakeFiles/str-freertos.dir/C_/Users/gmira/.pico-sdk/sdk/2.1.1/src/rp2_common/hardware_irq/irq.c.obj
                0x10001e1c                irq_add_shared_handler
 .text.irq_remove_handler
                0x10002010      0x1d4 CMakeFiles/str-freertos.dir/C_/Users/gmira/.pico-sdk/sdk/2.1.1/src/rp2_common/hardware_irq/irq.c.obj
                0x10002010                irq_remove_handler
 .text.irq_set_priority
                0x100021e4       0x28 CMakeFiles/str-freertos.dir/C_/Users/gmira/.pico-sdk/sdk/2.1.1/src/rp2_common/hardware_irq/irq.c.obj
                0x100021e4                irq_set_priority
 .text.irq_add_tail_to_free_list
                0x1000220c       0xb4 CMakeFiles/str-freertos.dir/C_/Users/gmira/.pico-sdk/sdk/2.1.1/src/rp2_common/hardware_irq/irq.c.obj
                0x1000220c                irq_add_tail_to_free_list
 .text.user_irq_claim_unused
                0x100022c0       0x2c CMakeFiles/str-freertos.dir/C_/Users/gmira/.pico-sdk/sdk/2.1.1/src/rp2_common/hardware_irq/irq.c.obj
                0x100022c0                user_irq_claim_unused
 .text.lock_init
                0x100022ec       0x10 CMakeFiles/str-freertos.dir/C_/Users/gmira/.pico-sdk/sdk/2.1.1/src/common/pico_sync/lock_core.c.obj
                0x100022ec                lock_init
 .text.runtime_init_mutex
                0x100022fc       0x54 CMakeFiles/str-freertos.dir/C_/Users/gmira/.pico-sdk/sdk/2.1.1/src/common/pico_sync/mutex.c.obj
                0x100022fc                runtime_init_mutex
 .text.mutex_init
                0x10002350       0x1c CMakeFiles/str-freertos.dir/C_/Users/gmira/.pico-sdk/sdk/2.1.1/src/common/pico_sync/mutex.c.obj
                0x10002350                mutex_init
 .text.critical_section_init
                0x1000236c       0x1c CMakeFiles/str-freertos.dir/C_/Users/gmira/.pico-sdk/sdk/2.1.1/src/common/pico_sync/critical_section.c.obj
                0x1000236c                critical_section_init
 .text.critical_section_init_with_lock_num
                0x10002388       0x14 CMakeFiles/str-freertos.dir/C_/Users/gmira/.pico-sdk/sdk/2.1.1/src/common/pico_sync/critical_section.c.obj
                0x10002388                critical_section_init_with_lock_num
 .text.alarm_pool_irq_handler
                0x1000239c      0x300 CMakeFiles/str-freertos.dir/C_/Users/gmira/.pico-sdk/sdk/2.1.1/src/common/pico_time/time.c.obj
 .text.sleep_until_callback
                0x1000269c       0x24 CMakeFiles/str-freertos.dir/C_/Users/gmira/.pico-sdk/sdk/2.1.1/src/common/pico_time/time.c.obj
 .text.runtime_init_default_alarm_pool
                0x100026c0       0xdc CMakeFiles/str-freertos.dir/C_/Users/gmira/.pico-sdk/sdk/2.1.1/src/common/pico_time/time.c.obj
                0x100026c0                runtime_init_default_alarm_pool
 .text.alarm_pool_get_default
                0x1000279c        0x8 CMakeFiles/str-freertos.dir/C_/Users/gmira/.pico-sdk/sdk/2.1.1/src/common/pico_time/time.c.obj
                0x1000279c                alarm_pool_get_default
 .text.alarm_pool_add_alarm_at
                0x100027a4       0xd0 CMakeFiles/str-freertos.dir/C_/Users/gmira/.pico-sdk/sdk/2.1.1/src/common/pico_time/time.c.obj
                0x100027a4                alarm_pool_add_alarm_at
 .text.alarm_pool_add_alarm_at_force_in_context
                0x10002874       0xb0 CMakeFiles/str-freertos.dir/C_/Users/gmira/.pico-sdk/sdk/2.1.1/src/common/pico_time/time.c.obj
                0x10002874                alarm_pool_add_alarm_at_force_in_context
 .text.alarm_pool_cancel_alarm
                0x10002924       0x74 CMakeFiles/str-freertos.dir/C_/Users/gmira/.pico-sdk/sdk/2.1.1/src/common/pico_time/time.c.obj
                0x10002924                alarm_pool_cancel_alarm
 .text.alarm_pool_core_num
                0x10002998        0x4 CMakeFiles/str-freertos.dir/C_/Users/gmira/.pico-sdk/sdk/2.1.1/src/common/pico_time/time.c.obj
                0x10002998                alarm_pool_core_num
 .text.sleep_us
                0x1000299c       0xe8 CMakeFiles/str-freertos.dir/C_/Users/gmira/.pico-sdk/sdk/2.1.1/src/common/pico_time/time.c.obj
                0x1000299c                sleep_us
 .text.sleep_ms
                0x10002a84       0xf8 CMakeFiles/str-freertos.dir/C_/Users/gmira/.pico-sdk/sdk/2.1.1/src/common/pico_time/time.c.obj
                0x10002a84                sleep_ms
 .text.best_effort_wfe_or_timeout
                0x10002b7c      0x10c CMakeFiles/str-freertos.dir/C_/Users/gmira/.pico-sdk/sdk/2.1.1/src/common/pico_time/time.c.obj
                0x10002b7c                best_effort_wfe_or_timeout
 .text.alarm_pool_add_repeating_timer_us
                0x10002c88      0x124 CMakeFiles/str-freertos.dir/C_/Users/gmira/.pico-sdk/sdk/2.1.1/src/common/pico_time/time.c.obj
                0x10002c88                alarm_pool_add_repeating_timer_us
 .text.timer_hardware_alarm_claim
                0x10002dac       0x14 CMakeFiles/str-freertos.dir/C_/Users/gmira/.pico-sdk/sdk/2.1.1/src/rp2_common/hardware_timer/timer.c.obj
                0x10002dac                timer_hardware_alarm_claim
 .text.timer_time_us_64
                0x10002dc0       0x10 CMakeFiles/str-freertos.dir/C_/Users/gmira/.pico-sdk/sdk/2.1.1/src/rp2_common/hardware_timer/timer.c.obj
                0x10002dc0                timer_time_us_64
 .text.time_us_64
                0x10002dd0       0x14 CMakeFiles/str-freertos.dir/C_/Users/gmira/.pico-sdk/sdk/2.1.1/src/rp2_common/hardware_timer/timer.c.obj
                0x10002dd0                time_us_64
 .text.busy_wait_until
                0x10002de4       0x20 CMakeFiles/str-freertos.dir/C_/Users/gmira/.pico-sdk/sdk/2.1.1/src/rp2_common/hardware_timer/timer.c.obj
                0x10002de4                busy_wait_until
 .text.clock_configure_int_divider
                0x10002e04       0xf4 CMakeFiles/str-freertos.dir/C_/Users/gmira/.pico-sdk/sdk/2.1.1/src/rp2_common/hardware_clocks/clocks.c.obj
                0x10002e04                clock_configure_int_divider
 .text.clock_configure_undivided
                0x10002ef8       0xe8 CMakeFiles/str-freertos.dir/C_/Users/gmira/.pico-sdk/sdk/2.1.1/src/rp2_common/hardware_clocks/clocks.c.obj
                0x10002ef8                clock_configure_undivided
 .text.clock_get_hz
                0x10002fe0        0xc CMakeFiles/str-freertos.dir/C_/Users/gmira/.pico-sdk/sdk/2.1.1/src/rp2_common/hardware_clocks/clocks.c.obj
                0x10002fe0                clock_get_hz
 .text.pll_init
                0x10002fec       0xa4 CMakeFiles/str-freertos.dir/C_/Users/gmira/.pico-sdk/sdk/2.1.1/src/rp2_common/hardware_pll/pll.c.obj
                0x10002fec                pll_init
 .text.watchdog_reboot
                0x10003090       0x9c CMakeFiles/str-freertos.dir/C_/Users/gmira/.pico-sdk/sdk/2.1.1/src/rp2_common/hardware_watchdog/watchdog.c.obj
                0x10003090                watchdog_reboot
 .text.tick_start
                0x1000312c       0x10 CMakeFiles/str-freertos.dir/C_/Users/gmira/.pico-sdk/sdk/2.1.1/src/rp2_common/hardware_ticks/ticks.c.obj
                0x1000312c                tick_start
 .text.rom_func_lookup
                0x1000313c       0x10 CMakeFiles/str-freertos.dir/C_/Users/gmira/.pico-sdk/sdk/2.1.1/src/rp2_common/pico_bootrom/bootrom.c.obj
                0x1000313c                rom_func_lookup
 .text.rom_data_lookup
                0x1000314c       0x10 CMakeFiles/str-freertos.dir/C_/Users/gmira/.pico-sdk/sdk/2.1.1/src/rp2_common/pico_bootrom/bootrom.c.obj
                0x1000314c                rom_data_lookup
 .text.rom_funcs_lookup
                0x1000315c       0x44 CMakeFiles/str-freertos.dir/C_/Users/gmira/.pico-sdk/sdk/2.1.1/src/rp2_common/pico_bootrom/bootrom.c.obj
                0x1000315c                rom_funcs_lookup
 .text.rom_reset_usb_boot_extra
                0x100031a0       0x24 CMakeFiles/str-freertos.dir/C_/Users/gmira/.pico-sdk/sdk/2.1.1/src/rp2_common/pico_bootrom/bootrom.c.obj
                0x100031a0                rom_reset_usb_boot_extra
 .text.xosc_init
                0x100031c4       0x28 CMakeFiles/str-freertos.dir/C_/Users/gmira/.pico-sdk/sdk/2.1.1/src/rp2_common/hardware_xosc/xosc.c.obj
                0x100031c4                xosc_init
 .text.first_per_core_initializer
                0x100031ec        0x4 CMakeFiles/str-freertos.dir/C_/Users/gmira/.pico-sdk/sdk/2.1.1/src/rp2_common/pico_runtime/runtime.c.obj
 .text.hard_assertion_failure
                0x100031f0        0xc CMakeFiles/str-freertos.dir/C_/Users/gmira/.pico-sdk/sdk/2.1.1/src/rp2_common/pico_runtime/runtime.c.obj
                0x100031f0                hard_assertion_failure
 .text.runtime_run_initializers
                0x100031fc       0x28 CMakeFiles/str-freertos.dir/C_/Users/gmira/.pico-sdk/sdk/2.1.1/src/rp2_common/pico_runtime/runtime.c.obj
                0x100031fc                runtime_run_initializers
 .text.runtime_init_early_resets
                0x10003224       0x2c CMakeFiles/str-freertos.dir/C_/Users/gmira/.pico-sdk/sdk/2.1.1/src/rp2_common/pico_runtime_init/runtime_init.c.obj
                0x10003224                runtime_init_early_resets
 .text.runtime_init_usb_power_down
                0x10003250       0x1c CMakeFiles/str-freertos.dir/C_/Users/gmira/.pico-sdk/sdk/2.1.1/src/rp2_common/pico_runtime_init/runtime_init.c.obj
                0x10003250                runtime_init_usb_power_down
 .text.runtime_init_post_clock_resets
                0x1000326c       0x20 CMakeFiles/str-freertos.dir/C_/Users/gmira/.pico-sdk/sdk/2.1.1/src/rp2_common/pico_runtime_init/runtime_init.c.obj
                0x1000326c                runtime_init_post_clock_resets
 .text.runtime_init_rp2040_gpio_ie_disable
                0x1000328c       0x14 CMakeFiles/str-freertos.dir/C_/Users/gmira/.pico-sdk/sdk/2.1.1/src/rp2_common/pico_runtime_init/runtime_init.c.obj
                0x1000328c                runtime_init_rp2040_gpio_ie_disable
 .text.runtime_init_spin_locks_reset
                0x100032a0        0x8 CMakeFiles/str-freertos.dir/C_/Users/gmira/.pico-sdk/sdk/2.1.1/src/rp2_common/pico_runtime_init/runtime_init.c.obj
                0x100032a0                runtime_init_spin_locks_reset
 .text.runtime_init_install_ram_vector_table
                0x100032a8       0x1c CMakeFiles/str-freertos.dir/C_/Users/gmira/.pico-sdk/sdk/2.1.1/src/rp2_common/pico_runtime_init/runtime_init.c.obj
                0x100032a8                runtime_init_install_ram_vector_table
 .text.runtime_init_clocks
                0x100032c4       0xd8 CMakeFiles/str-freertos.dir/C_/Users/gmira/.pico-sdk/sdk/2.1.1/src/rp2_common/pico_runtime_init/runtime_init_clocks.c.obj
                0x100032c4                runtime_init_clocks
 .text          0x1000339c       0x10 CMakeFiles/str-freertos.dir/C_/Users/gmira/.pico-sdk/sdk/2.1.1/src/rp2_common/pico_bit_ops/bit_ops_aeabi.S.obj
 .text.__wrap___aeabi_idiv
                0x100033ac       0x50 CMakeFiles/str-freertos.dir/C_/Users/gmira/.pico-sdk/sdk/2.1.1/src/rp2_common/pico_divider/divider_hardware.S.obj
                0x100033ac                __wrap___aeabi_idivmod
                0x100033ac                divmod_s32s32
                0x100033ac                div_s32s32
                0x100033ac                __wrap___aeabi_idiv
                0x100033b4                divmod_s32s32_unsafe
                0x100033e0                divmod_s32s32_savestate
 .text.__wrap___aeabi_uidiv
                0x100033fc       0x4c CMakeFiles/str-freertos.dir/C_/Users/gmira/.pico-sdk/sdk/2.1.1/src/rp2_common/pico_divider/divider_hardware.S.obj
                0x100033fc                __wrap___aeabi_uidiv
                0x100033fc                __wrap___aeabi_uidivmod
                0x100033fc                div_u32u32
                0x100033fc                divmod_u32u32
                0x10003404                divmod_u32u32_unsafe
                0x1000342c                divmod_u32u32_savestate
 .text.__wrap___aeabi_ldiv
                0x10003448      0x424 CMakeFiles/str-freertos.dir/C_/Users/gmira/.pico-sdk/sdk/2.1.1/src/rp2_common/pico_divider/divider_hardware.S.obj
                0x10003448                div_s64s64
                0x10003448                divmod_s64s64
                0x10003448                __wrap___aeabi_ldivmod
                0x10003478                divmod_u64u64
                0x10003478                div_u64u64
                0x10003478                __wrap___aeabi_uldivmod
                0x10003488                divmod_u64u64_savestate
                0x100034a8                divmod_s64s64_unsafe
                0x10003530                divmod_u64u64_unsafe
 .text.__wrap___aeabi_darithmetic
                0x1000386c       0x80 CMakeFiles/str-freertos.dir/C_/Users/gmira/.pico-sdk/sdk/2.1.1/src/rp2_common/pico_double/double_aeabi_rp2040.S.obj
                0x1000386c                __wrap___aeabi_drsub
                0x10003872                __wrap___aeabi_dsub
                0x10003884                __wrap___aeabi_dadd
                0x10003896                __wrap___aeabi_ddiv
                0x100038d2                __wrap___aeabi_dmul
 .text.__wrap___aeabi_cdcmple
                0x100038ec       0x6c CMakeFiles/str-freertos.dir/C_/Users/gmira/.pico-sdk/sdk/2.1.1/src/rp2_common/pico_double/double_aeabi_rp2040.S.obj
                0x100038ec                __wrap___aeabi_cdrcmple
                0x100038fc                __wrap___aeabi_cdcmpeq
                0x100038fc                __wrap___aeabi_cdcmple
 .text.__wrap___aeabi_dcmplt
                0x10003958        0xc CMakeFiles/str-freertos.dir/C_/Users/gmira/.pico-sdk/sdk/2.1.1/src/rp2_common/pico_double/double_aeabi_rp2040.S.obj
                0x10003958                __wrap___aeabi_dcmplt
 .text.__wrap___aeabi_dcmple
                0x10003964       0x10 CMakeFiles/str-freertos.dir/C_/Users/gmira/.pico-sdk/sdk/2.1.1/src/rp2_common/pico_double/double_aeabi_rp2040.S.obj
                0x10003964                __wrap___aeabi_dcmple
 .text.__wrap___aeabi_dcmpge
                0x10003974       0x10 CMakeFiles/str-freertos.dir/C_/Users/gmira/.pico-sdk/sdk/2.1.1/src/rp2_common/pico_double/double_aeabi_rp2040.S.obj
                0x10003974                __wrap___aeabi_dcmpge
 .text.__wrap___aeabi_dcmpgt
                0x10003984        0xa CMakeFiles/str-freertos.dir/C_/Users/gmira/.pico-sdk/sdk/2.1.1/src/rp2_common/pico_double/double_aeabi_rp2040.S.obj
                0x10003984                __wrap___aeabi_dcmpgt
 .text.__wrap___aeabi_dcmpun
                0x1000398e       0x18 CMakeFiles/str-freertos.dir/C_/Users/gmira/.pico-sdk/sdk/2.1.1/src/rp2_common/pico_double/double_aeabi_rp2040.S.obj
                0x1000398e                __wrap___aeabi_dcmpun
 *fill*         0x100039a6        0x2 
 .text.__wrap___aeabi_i2d
                0x100039a8       0x38 CMakeFiles/str-freertos.dir/C_/Users/gmira/.pico-sdk/sdk/2.1.1/src/rp2_common/pico_double/double_aeabi_rp2040.S.obj
                0x100039a8                uint2double
                0x100039a8                __wrap___aeabi_ui2d
                0x100039b0                int2double
                0x100039b0                __wrap___aeabi_i2d
 .text.__wrap___aeabi_d2iz
                0x100039e0       0x48 CMakeFiles/str-freertos.dir/C_/Users/gmira/.pico-sdk/sdk/2.1.1/src/rp2_common/pico_double/double_aeabi_rp2040.S.obj
                0x100039e0                double2int_z
                0x100039e0                __wrap___aeabi_d2iz
 .text.__wrap___aeabi_d2uiz
                0x10003a28       0x18 CMakeFiles/str-freertos.dir/C_/Users/gmira/.pico-sdk/sdk/2.1.1/src/rp2_common/pico_double/double_aeabi_rp2040.S.obj
                0x10003a28                double2uint
                0x10003a28                __wrap___aeabi_d2uiz
                0x10003a28                double2uint_z
 .text.__wrap___aeabi_d2f
                0x10003a40       0x18 CMakeFiles/str-freertos.dir/C_/Users/gmira/.pico-sdk/sdk/2.1.1/src/rp2_common/pico_double/double_aeabi_rp2040.S.obj
                0x10003a40                __wrap___aeabi_d2f
 .text.__wrap_srqt
                0x10003a58       0x18 CMakeFiles/str-freertos.dir/C_/Users/gmira/.pico-sdk/sdk/2.1.1/src/rp2_common/pico_double/double_aeabi_rp2040.S.obj
                0x10003a58                __wrap_sqrt
 .text.__aeabi_double_init
                0x10003a70       0xa4 CMakeFiles/str-freertos.dir/C_/Users/gmira/.pico-sdk/sdk/2.1.1/src/rp2_common/pico_double/double_init_rom_rp2040.c.obj
                0x10003a70                __aeabi_double_init
 .text.double_table_shim_on_use_helper
                0x10003b14       0x2c CMakeFiles/str-freertos.dir/C_/Users/gmira/.pico-sdk/sdk/2.1.1/src/rp2_common/pico_double/double_v1_rom_shim_rp2040.S.obj
                0x10003b14                double_table_shim_on_use_helper
 .text.__wrap___aeabi_dsub
                0x10003b40       0x10 CMakeFiles/str-freertos.dir/C_/Users/gmira/.pico-sdk/sdk/2.1.1/src/rp2_common/pico_double/double_v1_rom_shim_rp2040.S.obj
                0x10003b40                drsub_shim
                0x10003b46                dsub_shim
 .text.dadd_shim
                0x10003b50      0x15c CMakeFiles/str-freertos.dir/C_/Users/gmira/.pico-sdk/sdk/2.1.1/src/rp2_common/pico_double/double_v1_rom_shim_rp2040.S.obj
                0x10003b50                dadd_shim
 .text.dmul_shim
                0x10003cac      0x15c CMakeFiles/str-freertos.dir/C_/Users/gmira/.pico-sdk/sdk/2.1.1/src/rp2_common/pico_double/double_v1_rom_shim_rp2040.S.obj
                0x10003cac                dmul_shim
 .text.ddiv_shim
                0x10003e08      0x1b0 CMakeFiles/str-freertos.dir/C_/Users/gmira/.pico-sdk/sdk/2.1.1/src/rp2_common/pico_double/double_v1_rom_shim_rp2040.S.obj
                0x10003e08                ddiv_shim
 .text.dsqrt_shim
                0x10003fb8      0x1a8 CMakeFiles/str-freertos.dir/C_/Users/gmira/.pico-sdk/sdk/2.1.1/src/rp2_common/pico_double/double_v1_rom_shim_rp2040.S.obj
                0x10003fd4                dsqrt_shim
 .text.double2uint_shim
                0x10004160        0xe CMakeFiles/str-freertos.dir/C_/Users/gmira/.pico-sdk/sdk/2.1.1/src/rp2_common/pico_double/double_v1_rom_shim_rp2040.S.obj
                0x10004160                double2uint_shim
                0x10004162                double2ufix_shim
 *fill*         0x1000416e        0x2 
 .text.double2uint64_shim
                0x10004170       0x70 CMakeFiles/str-freertos.dir/C_/Users/gmira/.pico-sdk/sdk/2.1.1/src/rp2_common/pico_double/double_v1_rom_shim_rp2040.S.obj
                0x10004170                double2uint64_shim
                0x10004172                double2ufix64_shim
                0x10004192                d2fix_a
 .text.double2float_shim
                0x100041e0       0x5c CMakeFiles/str-freertos.dir/C_/Users/gmira/.pico-sdk/sdk/2.1.1/src/rp2_common/pico_double/double_v1_rom_shim_rp2040.S.obj
                0x100041e0                double2float_shim
 .text.dunpacks
                0x1000423c       0x3c CMakeFiles/str-freertos.dir/C_/Users/gmira/.pico-sdk/sdk/2.1.1/src/rp2_common/pico_double/double_v1_rom_shim_rp2040.S.obj
                0x1000423c                dunpacks
 .text.__aeabi_lmul
                0x10004278       0x32 CMakeFiles/str-freertos.dir/C_/Users/gmira/.pico-sdk/sdk/2.1.1/src/rp2_common/pico_int64_ops/pico_int64_ops_aeabi.S.obj
                0x10004278                __wrap___aeabi_lmul
 *fill*         0x100042aa        0x2 
 .text.__wrap___aeabi_farithmetic
                0x100042ac       0x48 CMakeFiles/str-freertos.dir/C_/Users/gmira/.pico-sdk/sdk/2.1.1/src/rp2_common/pico_float/float_aeabi_rp2040.S.obj
                0x100042ac                __wrap___aeabi_frsub
                0x100042b2                __wrap___aeabi_fsub
                0x100042b8                __wrap___aeabi_fadd
                0x100042be                __wrap___aeabi_fdiv
                0x100042e6                __wrap___aeabi_fmul
 .text.__wrap___aeabi_ui2f
                0x100042f4        0xa CMakeFiles/str-freertos.dir/C_/Users/gmira/.pico-sdk/sdk/2.1.1/src/rp2_common/pico_float/float_aeabi_rp2040.S.obj
                0x100042f4                __wrap___aeabi_ui2f
                0x100042f4                uint2float
 *fill*         0x100042fe        0x2 
 .text.__wrap___aeabi_i2f
                0x10004300       0x44 CMakeFiles/str-freertos.dir/C_/Users/gmira/.pico-sdk/sdk/2.1.1/src/rp2_common/pico_float/float_aeabi_rp2040.S.obj
                0x10004300                __wrap___aeabi_i2f
                0x10004300                int2float
 .text.__wrap___aeabi_f2iz
                0x10004344       0x4e CMakeFiles/str-freertos.dir/C_/Users/gmira/.pico-sdk/sdk/2.1.1/src/rp2_common/pico_float/float_aeabi_rp2040.S.obj
                0x10004344                float2int_z
                0x10004344                __wrap___aeabi_f2iz
 *fill*         0x10004392        0x2 
 .text.float2int
                0x10004394       0x14 CMakeFiles/str-freertos.dir/C_/Users/gmira/.pico-sdk/sdk/2.1.1/src/rp2_common/pico_float/float_aeabi_rp2040.S.obj
                0x10004394                float2int
 .text.__wrap___aeabi_f2uiz
                0x100043a8        0xc CMakeFiles/str-freertos.dir/C_/Users/gmira/.pico-sdk/sdk/2.1.1/src/rp2_common/pico_float/float_aeabi_rp2040.S.obj
                0x100043a8                float2uint_z
                0x100043a8                __wrap___aeabi_f2uiz
                0x100043a8                float2uint
 .text.__wrap___aeabi_ul2f
                0x100043b4       0x20 CMakeFiles/str-freertos.dir/C_/Users/gmira/.pico-sdk/sdk/2.1.1/src/rp2_common/pico_float/float_aeabi_rp2040.S.obj
                0x100043b8                uint642float
                0x100043b8                __wrap___aeabi_ul2f
 .text.__wrap___aeabi_f2d
                0x100043d4       0x14 CMakeFiles/str-freertos.dir/C_/Users/gmira/.pico-sdk/sdk/2.1.1/src/rp2_common/pico_float/float_aeabi_rp2040.S.obj
                0x100043d4                __wrap___aeabi_f2d
 .text.__aeabi_float_init
                0x100043e8       0x64 CMakeFiles/str-freertos.dir/C_/Users/gmira/.pico-sdk/sdk/2.1.1/src/rp2_common/pico_float/float_init_rom_rp2040.c.obj
                0x100043e8                __aeabi_float_init
 .text.float_table_shim_on_use_helper
                0x1000444c       0x2c CMakeFiles/str-freertos.dir/C_/Users/gmira/.pico-sdk/sdk/2.1.1/src/rp2_common/pico_float/float_v1_rom_shim_rp2040.S.obj
                0x1000444c                float_table_shim_on_use_helper
 .text.642float_shims
                0x10004478       0x44 CMakeFiles/str-freertos.dir/C_/Users/gmira/.pico-sdk/sdk/2.1.1/src/rp2_common/pico_float/float_v1_rom_shim_rp2040.S.obj
                0x10004478                uint642float_shim
                0x1000447a                ufix642float_shim
                0x1000448a                int642float_shim
                0x1000448c                fix642float_shim
 .text.float232_shims
                0x100044bc       0x18 CMakeFiles/str-freertos.dir/C_/Users/gmira/.pico-sdk/sdk/2.1.1/src/rp2_common/pico_float/float_v1_rom_shim_rp2040.S.obj
                0x100044bc                float2int_shim
                0x100044be                float2fix_shim
 .text.float2double_shim
                0x100044d4       0x30 CMakeFiles/str-freertos.dir/C_/Users/gmira/.pico-sdk/sdk/2.1.1/src/rp2_common/pico_float/float_v1_rom_shim_rp2040.S.obj
                0x100044d4                float2double_shim
 .text.__wrap_malloc
                0x10004504       0x3c CMakeFiles/str-freertos.dir/C_/Users/gmira/.pico-sdk/sdk/2.1.1/src/rp2_common/pico_malloc/malloc.c.obj
                0x10004504                __wrap_malloc
 .text.__wrap_calloc
                0x10004540       0x44 CMakeFiles/str-freertos.dir/C_/Users/gmira/.pico-sdk/sdk/2.1.1/src/rp2_common/pico_malloc/malloc.c.obj
                0x10004540                __wrap_calloc
 .text.__wrap_free
                0x10004584       0x20 CMakeFiles/str-freertos.dir/C_/Users/gmira/.pico-sdk/sdk/2.1.1/src/rp2_common/pico_malloc/malloc.c.obj
                0x10004584                __wrap_free
 .text          0x100045a4       0x10 CMakeFiles/str-freertos.dir/C_/Users/gmira/.pico-sdk/sdk/2.1.1/src/rp2_common/pico_mem_ops/mem_ops_aeabi.S.obj
                0x100045a4                __aeabi_mem_init
 .text.memset   0x100045b4        0xc CMakeFiles/str-freertos.dir/C_/Users/gmira/.pico-sdk/sdk/2.1.1/src/rp2_common/pico_mem_ops/mem_ops_aeabi.S.obj
                0x100045b4                __wrap_memset
 .text.memcpy   0x100045c0        0xc CMakeFiles/str-freertos.dir/C_/Users/gmira/.pico-sdk/sdk/2.1.1/src/rp2_common/pico_mem_ops/mem_ops_aeabi.S.obj
                0x100045c0                __wrap_memcpy
                0x100045c0                __wrap___aeabi_memcpy
 .text._out_buffer
                0x100045cc        0x8 CMakeFiles/str-freertos.dir/C_/Users/gmira/.pico-sdk/sdk/2.1.1/src/rp2_common/pico_printf/printf.c.obj
 .text._out_null
                0x100045d4        0x4 CMakeFiles/str-freertos.dir/C_/Users/gmira/.pico-sdk/sdk/2.1.1/src/rp2_common/pico_printf/printf.c.obj
 .text._out_rev
                0x100045d8       0xac CMakeFiles/str-freertos.dir/C_/Users/gmira/.pico-sdk/sdk/2.1.1/src/rp2_common/pico_printf/printf.c.obj
 .text._ntoa_format
                0x10004684      0x1cc CMakeFiles/str-freertos.dir/C_/Users/gmira/.pico-sdk/sdk/2.1.1/src/rp2_common/pico_printf/printf.c.obj
 .text._out_char
                0x10004850       0x10 CMakeFiles/str-freertos.dir/C_/Users/gmira/.pico-sdk/sdk/2.1.1/src/rp2_common/pico_printf/printf.c.obj
 .text._out_fct
                0x10004860       0x10 CMakeFiles/str-freertos.dir/C_/Users/gmira/.pico-sdk/sdk/2.1.1/src/rp2_common/pico_printf/printf.c.obj
 .text._ftoa    0x10004870      0x4a8 CMakeFiles/str-freertos.dir/C_/Users/gmira/.pico-sdk/sdk/2.1.1/src/rp2_common/pico_printf/printf.c.obj
 .text._etoa    0x10004d18      0x57c CMakeFiles/str-freertos.dir/C_/Users/gmira/.pico-sdk/sdk/2.1.1/src/rp2_common/pico_printf/printf.c.obj
 .text._vsnprintf
                0x10005294      0xbe0 CMakeFiles/str-freertos.dir/C_/Users/gmira/.pico-sdk/sdk/2.1.1/src/rp2_common/pico_printf/printf.c.obj
 .text.__wrap_sprintf
                0x10005e74       0x2c CMakeFiles/str-freertos.dir/C_/Users/gmira/.pico-sdk/sdk/2.1.1/src/rp2_common/pico_printf/printf.c.obj
                0x10005e74                __wrap_sprintf
 .text.vfctprintf
                0x10005ea0       0x24 CMakeFiles/str-freertos.dir/C_/Users/gmira/.pico-sdk/sdk/2.1.1/src/rp2_common/pico_printf/printf.c.obj
                0x10005ea0                vfctprintf
 .text.weak_raw_vprintf
                0x10005ec4       0x30 CMakeFiles/str-freertos.dir/C_/Users/gmira/.pico-sdk/sdk/2.1.1/src/rp2_common/pico_printf/printf.c.obj
                0x10005ec4                weak_raw_vprintf
 .text._exit    0x10005ef4        0x4 CMakeFiles/str-freertos.dir/C_/Users/gmira/.pico-sdk/sdk/2.1.1/src/rp2_common/pico_clib_interface/newlib_interface.c.obj
                0x10005ef4                _exit
 .text._sbrk    0x10005ef8       0x34 CMakeFiles/str-freertos.dir/C_/Users/gmira/.pico-sdk/sdk/2.1.1/src/rp2_common/pico_clib_interface/newlib_interface.c.obj
                0x10005ef8                _sbrk
 .text.exit     0x10005f2c        0x8 CMakeFiles/str-freertos.dir/C_/Users/gmira/.pico-sdk/sdk/2.1.1/src/rp2_common/pico_clib_interface/newlib_interface.c.obj
                0x10005f2c                exit
 .text.runtime_init
                0x10005f34       0x2c CMakeFiles/str-freertos.dir/C_/Users/gmira/.pico-sdk/sdk/2.1.1/src/rp2_common/pico_clib_interface/newlib_interface.c.obj
                0x10005f34                runtime_init
 .text.stdio_out_chars_no_crlf
                0x10005f60       0x10 CMakeFiles/str-freertos.dir/C_/Users/gmira/.pico-sdk/sdk/2.1.1/src/rp2_common/pico_stdio/stdio.c.obj
 .text.stdio_out_chars_crlf
                0x10005f70       0xb0 CMakeFiles/str-freertos.dir/C_/Users/gmira/.pico-sdk/sdk/2.1.1/src/rp2_common/pico_stdio/stdio.c.obj
 .text.stdio_buffered_printer
                0x10006020       0x64 CMakeFiles/str-freertos.dir/C_/Users/gmira/.pico-sdk/sdk/2.1.1/src/rp2_common/pico_stdio/stdio.c.obj
 .text.stdio_put_string
                0x10006084       0xfc CMakeFiles/str-freertos.dir/C_/Users/gmira/.pico-sdk/sdk/2.1.1/src/rp2_common/pico_stdio/stdio.c.obj
                0x10006084                stdio_put_string
 .text.stdio_set_driver_enabled
                0x10006180       0x30 CMakeFiles/str-freertos.dir/C_/Users/gmira/.pico-sdk/sdk/2.1.1/src/rp2_common/pico_stdio/stdio.c.obj
                0x10006180                stdio_set_driver_enabled
 .text.stdio_init_all
                0x100061b0        0x8 CMakeFiles/str-freertos.dir/C_/Users/gmira/.pico-sdk/sdk/2.1.1/src/rp2_common/pico_stdio/stdio.c.obj
                0x100061b0                stdio_init_all
 .text.__wrap_putchar
                0x100061b8       0x94 CMakeFiles/str-freertos.dir/C_/Users/gmira/.pico-sdk/sdk/2.1.1/src/rp2_common/pico_stdio/stdio.c.obj
                0x100061b8                __wrap_putchar
                0x100061b8                stdio_putchar
 .text.__wrap_puts
                0x1000624c       0x3c CMakeFiles/str-freertos.dir/C_/Users/gmira/.pico-sdk/sdk/2.1.1/src/rp2_common/pico_stdio/stdio.c.obj
                0x1000624c                stdio_puts
                0x1000624c                __wrap_puts
 .text.__wrap_vprintf
                0x10006288       0xcc CMakeFiles/str-freertos.dir/C_/Users/gmira/.pico-sdk/sdk/2.1.1/src/rp2_common/pico_stdio/stdio.c.obj
                0x10006288                stdio_vprintf
                0x10006288                __wrap_vprintf
 .text.__wrap_printf
                0x10006354       0x18 CMakeFiles/str-freertos.dir/C_/Users/gmira/.pico-sdk/sdk/2.1.1/src/rp2_common/pico_stdio/stdio.c.obj
                0x10006354                __wrap_printf
                0x10006354                stdio_printf
 .text.resetd_init
                0x1000636c        0x4 CMakeFiles/str-freertos.dir/C_/Users/gmira/.pico-sdk/sdk/2.1.1/src/rp2_common/pico_stdio_usb/reset_interface.c.obj
 .text.resetd_reset
                0x10006370        0xc CMakeFiles/str-freertos.dir/C_/Users/gmira/.pico-sdk/sdk/2.1.1/src/rp2_common/pico_stdio_usb/reset_interface.c.obj
 .text.resetd_open
                0x1000637c       0x28 CMakeFiles/str-freertos.dir/C_/Users/gmira/.pico-sdk/sdk/2.1.1/src/rp2_common/pico_stdio_usb/reset_interface.c.obj
 .text.resetd_xfer_cb
                0x100063a4        0x4 CMakeFiles/str-freertos.dir/C_/Users/gmira/.pico-sdk/sdk/2.1.1/src/rp2_common/pico_stdio_usb/reset_interface.c.obj
 .text.resetd_control_xfer_cb
                0x100063a8       0x54 CMakeFiles/str-freertos.dir/C_/Users/gmira/.pico-sdk/sdk/2.1.1/src/rp2_common/pico_stdio_usb/reset_interface.c.obj
 .text.tud_descriptor_bos_cb
                0x100063fc        0x8 CMakeFiles/str-freertos.dir/C_/Users/gmira/.pico-sdk/sdk/2.1.1/src/rp2_common/pico_stdio_usb/reset_interface.c.obj
                0x100063fc                tud_descriptor_bos_cb
 .text.tud_vendor_control_xfer_cb
                0x10006404       0x34 CMakeFiles/str-freertos.dir/C_/Users/gmira/.pico-sdk/sdk/2.1.1/src/rp2_common/pico_stdio_usb/reset_interface.c.obj
                0x10006404                tud_vendor_control_xfer_cb
 .text.usbd_app_driver_get_cb
                0x10006438        0xc CMakeFiles/str-freertos.dir/C_/Users/gmira/.pico-sdk/sdk/2.1.1/src/rp2_common/pico_stdio_usb/reset_interface.c.obj
                0x10006438                usbd_app_driver_get_cb
 .text.tud_cdc_line_coding_cb
                0x10006444       0x2c CMakeFiles/str-freertos.dir/C_/Users/gmira/.pico-sdk/sdk/2.1.1/src/rp2_common/pico_stdio_usb/reset_interface.c.obj
                0x10006444                tud_cdc_line_coding_cb
 .text.stdio_usb_set_chars_available_callback
                0x10006470       0x14 CMakeFiles/str-freertos.dir/C_/Users/gmira/.pico-sdk/sdk/2.1.1/src/rp2_common/pico_stdio_usb/stdio_usb.c.obj
                0x10006470                stdio_usb_set_chars_available_callback
 .text.usb_irq  0x10006484       0x10 CMakeFiles/str-freertos.dir/C_/Users/gmira/.pico-sdk/sdk/2.1.1/src/rp2_common/pico_stdio_usb/stdio_usb.c.obj
 .text.timer_task
                0x10006494       0x64 CMakeFiles/str-freertos.dir/C_/Users/gmira/.pico-sdk/sdk/2.1.1/src/rp2_common/pico_stdio_usb/stdio_usb.c.obj
 .text.stdio_usb_in_chars
                0x100064f8       0x8c CMakeFiles/str-freertos.dir/C_/Users/gmira/.pico-sdk/sdk/2.1.1/src/rp2_common/pico_stdio_usb/stdio_usb.c.obj
                0x100064f8                stdio_usb_in_chars
 .text.stdio_usb_out_flush
                0x10006584       0x4c CMakeFiles/str-freertos.dir/C_/Users/gmira/.pico-sdk/sdk/2.1.1/src/rp2_common/pico_stdio_usb/stdio_usb.c.obj
 .text.stdio_usb_out_chars
                0x100065d0      0x100 CMakeFiles/str-freertos.dir/C_/Users/gmira/.pico-sdk/sdk/2.1.1/src/rp2_common/pico_stdio_usb/stdio_usb.c.obj
 .text.low_priority_worker_irq
                0x100066d0       0xc8 CMakeFiles/str-freertos.dir/C_/Users/gmira/.pico-sdk/sdk/2.1.1/src/rp2_common/pico_stdio_usb/stdio_usb.c.obj
 .text.stdio_usb_init
                0x10006798       0xe8 CMakeFiles/str-freertos.dir/C_/Users/gmira/.pico-sdk/sdk/2.1.1/src/rp2_common/pico_stdio_usb/stdio_usb.c.obj
                0x10006798                stdio_usb_init
 .text.tud_descriptor_device_cb
                0x10006880        0x8 CMakeFiles/str-freertos.dir/C_/Users/gmira/.pico-sdk/sdk/2.1.1/src/rp2_common/pico_stdio_usb/stdio_usb_descriptors.c.obj
                0x10006880                tud_descriptor_device_cb
 .text.tud_descriptor_configuration_cb
                0x10006888        0x8 CMakeFiles/str-freertos.dir/C_/Users/gmira/.pico-sdk/sdk/2.1.1/src/rp2_common/pico_stdio_usb/stdio_usb_descriptors.c.obj
                0x10006888                tud_descriptor_configuration_cb
 .text.tud_descriptor_string_cb
                0x10006890       0x78 CMakeFiles/str-freertos.dir/C_/Users/gmira/.pico-sdk/sdk/2.1.1/src/rp2_common/pico_stdio_usb/stdio_usb_descriptors.c.obj
                0x10006890                tud_descriptor_string_cb
 .text.startup._retrieve_unique_id_on_boot
                0x10006908       0x10 CMakeFiles/str-freertos.dir/C_/Users/gmira/.pico-sdk/sdk/2.1.1/src/rp2_common/pico_unique_id/unique_id.c.obj
 .text.pico_get_unique_board_id_string
                0x10006918      0x1a8 CMakeFiles/str-freertos.dir/C_/Users/gmira/.pico-sdk/sdk/2.1.1/src/rp2_common/pico_unique_id/unique_id.c.obj
                0x10006918                pico_get_unique_board_id_string
 .text.flash_get_unique_id
                0x10006ac0       0x3c CMakeFiles/str-freertos.dir/C_/Users/gmira/.pico-sdk/sdk/2.1.1/src/rp2_common/hardware_flash/flash.c.obj
                0x10006ac0                flash_get_unique_id
 .text.dcd_init
                0x10006afc       0x90 CMakeFiles/str-freertos.dir/C_/Users/gmira/.pico-sdk/sdk/2.1.1/lib/tinyusb/src/portable/raspberrypi/rp2040/dcd_rp2040.c.obj
                0x10006afc                dcd_init
 .text.dcd_int_enable
                0x10006b8c        0xc CMakeFiles/str-freertos.dir/C_/Users/gmira/.pico-sdk/sdk/2.1.1/lib/tinyusb/src/portable/raspberrypi/rp2040/dcd_rp2040.c.obj
                0x10006b8c                dcd_int_enable
 .text.dcd_set_address
                0x10006b98       0x14 CMakeFiles/str-freertos.dir/C_/Users/gmira/.pico-sdk/sdk/2.1.1/lib/tinyusb/src/portable/raspberrypi/rp2040/dcd_rp2040.c.obj
                0x10006b98                dcd_set_address
 .text.dcd_sof_enable
                0x10006bac       0x1c CMakeFiles/str-freertos.dir/C_/Users/gmira/.pico-sdk/sdk/2.1.1/lib/tinyusb/src/portable/raspberrypi/rp2040/dcd_rp2040.c.obj
                0x10006bac                dcd_sof_enable
 .text.dcd_edpt0_status_complete
                0x10006bc8       0x1c CMakeFiles/str-freertos.dir/C_/Users/gmira/.pico-sdk/sdk/2.1.1/lib/tinyusb/src/portable/raspberrypi/rp2040/dcd_rp2040.c.obj
                0x10006bc8                dcd_edpt0_status_complete
 .text.dcd_edpt_open
                0x10006be4      0x114 CMakeFiles/str-freertos.dir/C_/Users/gmira/.pico-sdk/sdk/2.1.1/lib/tinyusb/src/portable/raspberrypi/rp2040/dcd_rp2040.c.obj
                0x10006be4                dcd_edpt_open
 .text.dcd_edpt_close_all
                0x10006cf8        0x8 CMakeFiles/str-freertos.dir/C_/Users/gmira/.pico-sdk/sdk/2.1.1/lib/tinyusb/src/portable/raspberrypi/rp2040/dcd_rp2040.c.obj
                0x10006cf8                dcd_edpt_close_all
 .text.dcd_edpt_xfer
                0x10006d00       0x24 CMakeFiles/str-freertos.dir/C_/Users/gmira/.pico-sdk/sdk/2.1.1/lib/tinyusb/src/portable/raspberrypi/rp2040/dcd_rp2040.c.obj
                0x10006d00                dcd_edpt_xfer
 .text.dcd_edpt_stall
                0x10006d24       0x3c CMakeFiles/str-freertos.dir/C_/Users/gmira/.pico-sdk/sdk/2.1.1/lib/tinyusb/src/portable/raspberrypi/rp2040/dcd_rp2040.c.obj
                0x10006d24                dcd_edpt_stall
 .text.dcd_edpt_clear_stall
                0x10006d60       0x30 CMakeFiles/str-freertos.dir/C_/Users/gmira/.pico-sdk/sdk/2.1.1/lib/tinyusb/src/portable/raspberrypi/rp2040/dcd_rp2040.c.obj
                0x10006d60                dcd_edpt_clear_stall
 .text.rp2040_usb_init
                0x10006d90       0x40 CMakeFiles/str-freertos.dir/C_/Users/gmira/.pico-sdk/sdk/2.1.1/lib/tinyusb/src/portable/raspberrypi/rp2040/rp2040_usb.c.obj
                0x10006d90                rp2040_usb_init
 .text.hw_endpoint_xfer_start
                0x10006dd0       0x40 CMakeFiles/str-freertos.dir/C_/Users/gmira/.pico-sdk/sdk/2.1.1/lib/tinyusb/src/portable/raspberrypi/rp2040/rp2040_usb.c.obj
                0x10006dd0                hw_endpoint_xfer_start
 .text.tud_event_hook_cb
                0x10006e10        0x4 CMakeFiles/str-freertos.dir/C_/Users/gmira/.pico-sdk/sdk/2.1.1/lib/tinyusb/src/device/usbd.c.obj
                0x10006e10                tud_event_hook_cb
 .text.tud_sof_cb
                0x10006e14        0x4 CMakeFiles/str-freertos.dir/C_/Users/gmira/.pico-sdk/sdk/2.1.1/lib/tinyusb/src/device/usbd.c.obj
                0x10006e14                tud_sof_cb
 .text.tud_descriptor_device_qualifier_cb
                0x10006e18        0x4 CMakeFiles/str-freertos.dir/C_/Users/gmira/.pico-sdk/sdk/2.1.1/lib/tinyusb/src/device/usbd.c.obj
                0x10006e18                tud_descriptor_device_qualifier_cb
 .text.tud_descriptor_other_speed_configuration_cb
                0x10006e1c        0x4 CMakeFiles/str-freertos.dir/C_/Users/gmira/.pico-sdk/sdk/2.1.1/lib/tinyusb/src/device/usbd.c.obj
                0x10006e1c                tud_descriptor_other_speed_configuration_cb
 .text.tud_mount_cb
                0x10006e20        0x4 CMakeFiles/str-freertos.dir/C_/Users/gmira/.pico-sdk/sdk/2.1.1/lib/tinyusb/src/device/usbd.c.obj
                0x10006e20                tud_mount_cb
 .text.tud_umount_cb
                0x10006e24        0x4 CMakeFiles/str-freertos.dir/C_/Users/gmira/.pico-sdk/sdk/2.1.1/lib/tinyusb/src/device/usbd.c.obj
                0x10006e24                tud_umount_cb
 .text.tud_suspend_cb
                0x10006e28        0x4 CMakeFiles/str-freertos.dir/C_/Users/gmira/.pico-sdk/sdk/2.1.1/lib/tinyusb/src/device/usbd.c.obj
                0x10006e28                tud_suspend_cb
 .text.tud_resume_cb
                0x10006e2c        0x4 CMakeFiles/str-freertos.dir/C_/Users/gmira/.pico-sdk/sdk/2.1.1/lib/tinyusb/src/device/usbd.c.obj
                0x10006e2c                tud_resume_cb
 .text.tud_mounted
                0x10006e30       0x10 CMakeFiles/str-freertos.dir/C_/Users/gmira/.pico-sdk/sdk/2.1.1/lib/tinyusb/src/device/usbd.c.obj
                0x10006e30                tud_mounted
 .text.tud_suspended
                0x10006e40       0x10 CMakeFiles/str-freertos.dir/C_/Users/gmira/.pico-sdk/sdk/2.1.1/lib/tinyusb/src/device/usbd.c.obj
                0x10006e40                tud_suspended
 .text.tud_rhport_init
                0x10006e50       0xf4 CMakeFiles/str-freertos.dir/C_/Users/gmira/.pico-sdk/sdk/2.1.1/lib/tinyusb/src/device/usbd.c.obj
                0x10006e50                tud_rhport_init
 .text.tud_task_ext
                0x10006f44      0x800 CMakeFiles/str-freertos.dir/C_/Users/gmira/.pico-sdk/sdk/2.1.1/lib/tinyusb/src/device/usbd.c.obj
                0x10006f44                tud_task_ext
 .text.usbd_open_edpt_pair
                0x10007744       0x9c CMakeFiles/str-freertos.dir/C_/Users/gmira/.pico-sdk/sdk/2.1.1/lib/tinyusb/src/device/usbd.c.obj
                0x10007744                usbd_open_edpt_pair
 .text.usbd_edpt_open
                0x100077e0       0x34 CMakeFiles/str-freertos.dir/C_/Users/gmira/.pico-sdk/sdk/2.1.1/lib/tinyusb/src/device/usbd.c.obj
                0x100077e0                usbd_edpt_open
 .text.usbd_edpt_claim
                0x10007814       0x28 CMakeFiles/str-freertos.dir/C_/Users/gmira/.pico-sdk/sdk/2.1.1/lib/tinyusb/src/device/usbd.c.obj
                0x10007814                usbd_edpt_claim
 .text.usbd_edpt_release
                0x1000783c       0x28 CMakeFiles/str-freertos.dir/C_/Users/gmira/.pico-sdk/sdk/2.1.1/lib/tinyusb/src/device/usbd.c.obj
                0x1000783c                usbd_edpt_release
 .text.usbd_edpt_xfer
                0x10007864       0x4c CMakeFiles/str-freertos.dir/C_/Users/gmira/.pico-sdk/sdk/2.1.1/lib/tinyusb/src/device/usbd.c.obj
                0x10007864                usbd_edpt_xfer
 .text.tud_control_status
                0x100078b0       0x2c CMakeFiles/str-freertos.dir/C_/Users/gmira/.pico-sdk/sdk/2.1.1/lib/tinyusb/src/device/usbd_control.c.obj
                0x100078b0                tud_control_status
 .text.tud_control_xfer
                0x100078dc       0xa8 CMakeFiles/str-freertos.dir/C_/Users/gmira/.pico-sdk/sdk/2.1.1/lib/tinyusb/src/device/usbd_control.c.obj
                0x100078dc                tud_control_xfer
 .text.usbd_control_reset
                0x10007984       0x14 CMakeFiles/str-freertos.dir/C_/Users/gmira/.pico-sdk/sdk/2.1.1/lib/tinyusb/src/device/usbd_control.c.obj
                0x10007984                usbd_control_reset
 .text.usbd_control_set_complete_callback
                0x10007998        0xc CMakeFiles/str-freertos.dir/C_/Users/gmira/.pico-sdk/sdk/2.1.1/lib/tinyusb/src/device/usbd_control.c.obj
                0x10007998                usbd_control_set_complete_callback
 .text.usbd_control_set_request
                0x100079a4       0x1c CMakeFiles/str-freertos.dir/C_/Users/gmira/.pico-sdk/sdk/2.1.1/lib/tinyusb/src/device/usbd_control.c.obj
                0x100079a4                usbd_control_set_request
 .text.usbd_control_xfer_cb
                0x100079c0       0xec CMakeFiles/str-freertos.dir/C_/Users/gmira/.pico-sdk/sdk/2.1.1/lib/tinyusb/src/device/usbd_control.c.obj
                0x100079c0                usbd_control_xfer_cb
 .text._prep_out_transaction.isra.0
                0x10007aac       0x6c CMakeFiles/str-freertos.dir/C_/Users/gmira/.pico-sdk/sdk/2.1.1/lib/tinyusb/src/class/cdc/cdc_device.c.obj
 .text.tud_cdc_n_connected
                0x10007b18       0x2c CMakeFiles/str-freertos.dir/C_/Users/gmira/.pico-sdk/sdk/2.1.1/lib/tinyusb/src/class/cdc/cdc_device.c.obj
                0x10007b18                tud_cdc_n_connected
 .text.tud_cdc_n_available
                0x10007b44       0x14 CMakeFiles/str-freertos.dir/C_/Users/gmira/.pico-sdk/sdk/2.1.1/lib/tinyusb/src/class/cdc/cdc_device.c.obj
                0x10007b44                tud_cdc_n_available
 .text.tud_cdc_n_read
                0x10007b58       0x88 CMakeFiles/str-freertos.dir/C_/Users/gmira/.pico-sdk/sdk/2.1.1/lib/tinyusb/src/class/cdc/cdc_device.c.obj
                0x10007b58                tud_cdc_n_read
 .text.tud_cdc_n_write_flush
                0x10007be0       0x74 CMakeFiles/str-freertos.dir/C_/Users/gmira/.pico-sdk/sdk/2.1.1/lib/tinyusb/src/class/cdc/cdc_device.c.obj
                0x10007be0                tud_cdc_n_write_flush
 .text.tud_cdc_n_write
                0x10007c54       0x40 CMakeFiles/str-freertos.dir/C_/Users/gmira/.pico-sdk/sdk/2.1.1/lib/tinyusb/src/class/cdc/cdc_device.c.obj
                0x10007c54                tud_cdc_n_write
 .text.tud_cdc_n_write_available
                0x10007c94       0x14 CMakeFiles/str-freertos.dir/C_/Users/gmira/.pico-sdk/sdk/2.1.1/lib/tinyusb/src/class/cdc/cdc_device.c.obj
                0x10007c94                tud_cdc_n_write_available
 .text.cdcd_init
                0x10007ca8       0x70 CMakeFiles/str-freertos.dir/C_/Users/gmira/.pico-sdk/sdk/2.1.1/lib/tinyusb/src/class/cdc/cdc_device.c.obj
                0x10007ca8                cdcd_init
 .text.cdcd_deinit
                0x10007d18       0x30 CMakeFiles/str-freertos.dir/C_/Users/gmira/.pico-sdk/sdk/2.1.1/lib/tinyusb/src/class/cdc/cdc_device.c.obj
                0x10007d18                cdcd_deinit
 .text.cdcd_reset
                0x10007d48       0x4c CMakeFiles/str-freertos.dir/C_/Users/gmira/.pico-sdk/sdk/2.1.1/lib/tinyusb/src/class/cdc/cdc_device.c.obj
                0x10007d48                cdcd_reset
 .text.cdcd_open
                0x10007d94       0xa4 CMakeFiles/str-freertos.dir/C_/Users/gmira/.pico-sdk/sdk/2.1.1/lib/tinyusb/src/class/cdc/cdc_device.c.obj
                0x10007d94                cdcd_open
 .text.cdcd_control_xfer_cb
                0x10007e38       0xe8 CMakeFiles/str-freertos.dir/C_/Users/gmira/.pico-sdk/sdk/2.1.1/lib/tinyusb/src/class/cdc/cdc_device.c.obj
                0x10007e38                cdcd_control_xfer_cb
 .text.cdcd_xfer_cb
                0x10007f20      0x100 CMakeFiles/str-freertos.dir/C_/Users/gmira/.pico-sdk/sdk/2.1.1/lib/tinyusb/src/class/cdc/cdc_device.c.obj
                0x10007f20                cdcd_xfer_cb
 .text.vendord_init
                0x10008020       0x5c CMakeFiles/str-freertos.dir/C_/Users/gmira/.pico-sdk/sdk/2.1.1/lib/tinyusb/src/class/vendor/vendor_device.c.obj
                0x10008020                vendord_init
 .text.vendord_deinit
                0x1000807c       0x1c CMakeFiles/str-freertos.dir/C_/Users/gmira/.pico-sdk/sdk/2.1.1/lib/tinyusb/src/class/vendor/vendor_device.c.obj
                0x1000807c                vendord_deinit
 .text.vendord_reset
                0x10008098       0x28 CMakeFiles/str-freertos.dir/C_/Users/gmira/.pico-sdk/sdk/2.1.1/lib/tinyusb/src/class/vendor/vendor_device.c.obj
                0x10008098                vendord_reset
 .text.vendord_open
                0x100080c0      0x120 CMakeFiles/str-freertos.dir/C_/Users/gmira/.pico-sdk/sdk/2.1.1/lib/tinyusb/src/class/vendor/vendor_device.c.obj
                0x100080c0                vendord_open
 .text.vendord_xfer_cb
                0x100081e0       0x9c CMakeFiles/str-freertos.dir/C_/Users/gmira/.pico-sdk/sdk/2.1.1/lib/tinyusb/src/class/vendor/vendor_device.c.obj
                0x100081e0                vendord_xfer_cb
 .text.tusb_rhport_init
                0x1000827c       0x4c CMakeFiles/str-freertos.dir/C_/Users/gmira/.pico-sdk/sdk/2.1.1/lib/tinyusb/src/tusb.c.obj
                0x1000827c                tusb_rhport_init
 .text.tu_edpt_claim
                0x100082c8       0x50 CMakeFiles/str-freertos.dir/C_/Users/gmira/.pico-sdk/sdk/2.1.1/lib/tinyusb/src/tusb.c.obj
                0x100082c8                tu_edpt_claim
 .text.tu_edpt_release
                0x10008318       0x38 CMakeFiles/str-freertos.dir/C_/Users/gmira/.pico-sdk/sdk/2.1.1/lib/tinyusb/src/tusb.c.obj
                0x10008318                tu_edpt_release
 .text.tu_edpt_validate
                0x10008350       0x7c CMakeFiles/str-freertos.dir/C_/Users/gmira/.pico-sdk/sdk/2.1.1/lib/tinyusb/src/tusb.c.obj
                0x10008350                tu_edpt_validate
 .text.tu_edpt_bind_driver
                0x100083cc       0x34 CMakeFiles/str-freertos.dir/C_/Users/gmira/.pico-sdk/sdk/2.1.1/lib/tinyusb/src/tusb.c.obj
                0x100083cc                tu_edpt_bind_driver
 .text.tu_edpt_stream_init
                0x10008400       0x6c CMakeFiles/str-freertos.dir/C_/Users/gmira/.pico-sdk/sdk/2.1.1/lib/tinyusb/src/tusb.c.obj
                0x10008400                tu_edpt_stream_init
 .text.tu_edpt_stream_deinit
                0x1000846c        0x4 CMakeFiles/str-freertos.dir/C_/Users/gmira/.pico-sdk/sdk/2.1.1/lib/tinyusb/src/tusb.c.obj
                0x1000846c                tu_edpt_stream_deinit
 .text.tu_edpt_stream_write_zlp_if_needed
                0x10008470       0x68 CMakeFiles/str-freertos.dir/C_/Users/gmira/.pico-sdk/sdk/2.1.1/lib/tinyusb/src/tusb.c.obj
                0x10008470                tu_edpt_stream_write_zlp_if_needed
 .text.tu_edpt_stream_write_xfer
                0x100084d8       0x68 CMakeFiles/str-freertos.dir/C_/Users/gmira/.pico-sdk/sdk/2.1.1/lib/tinyusb/src/tusb.c.obj
                0x100084d8                tu_edpt_stream_write_xfer
 .text.tu_edpt_stream_read_xfer
                0x10008540       0xd8 CMakeFiles/str-freertos.dir/C_/Users/gmira/.pico-sdk/sdk/2.1.1/lib/tinyusb/src/tusb.c.obj
                0x10008540                tu_edpt_stream_read_xfer
 .text.tu_fifo_config
                0x10008618       0x6c CMakeFiles/str-freertos.dir/C_/Users/gmira/.pico-sdk/sdk/2.1.1/lib/tinyusb/src/common/tusb_fifo.c.obj
                0x10008618                tu_fifo_config
 .text.tu_fifo_count
                0x10008684       0x2c CMakeFiles/str-freertos.dir/C_/Users/gmira/.pico-sdk/sdk/2.1.1/lib/tinyusb/src/common/tusb_fifo.c.obj
                0x10008684                tu_fifo_count
 .text.tu_fifo_empty
                0x100086b0       0x10 CMakeFiles/str-freertos.dir/C_/Users/gmira/.pico-sdk/sdk/2.1.1/lib/tinyusb/src/common/tusb_fifo.c.obj
                0x100086b0                tu_fifo_empty
 .text.tu_fifo_remaining
                0x100086c0       0x2c CMakeFiles/str-freertos.dir/C_/Users/gmira/.pico-sdk/sdk/2.1.1/lib/tinyusb/src/common/tusb_fifo.c.obj
                0x100086c0                tu_fifo_remaining
 .text.tu_fifo_read
                0x100086ec       0x9c CMakeFiles/str-freertos.dir/C_/Users/gmira/.pico-sdk/sdk/2.1.1/lib/tinyusb/src/common/tusb_fifo.c.obj
                0x100086ec                tu_fifo_read
 .text.tu_fifo_read_n
                0x10008788       0xe8 CMakeFiles/str-freertos.dir/C_/Users/gmira/.pico-sdk/sdk/2.1.1/lib/tinyusb/src/common/tusb_fifo.c.obj
                0x10008788                tu_fifo_read_n
 .text.tu_fifo_write
                0x10008870       0xa4 CMakeFiles/str-freertos.dir/C_/Users/gmira/.pico-sdk/sdk/2.1.1/lib/tinyusb/src/common/tusb_fifo.c.obj
                0x10008870                tu_fifo_write
 .text.tu_fifo_write_n
                0x10008914      0x178 CMakeFiles/str-freertos.dir/C_/Users/gmira/.pico-sdk/sdk/2.1.1/lib/tinyusb/src/common/tusb_fifo.c.obj
                0x10008914                tu_fifo_write_n
 .text.tu_fifo_clear
                0x10008a8c       0x40 CMakeFiles/str-freertos.dir/C_/Users/gmira/.pico-sdk/sdk/2.1.1/lib/tinyusb/src/common/tusb_fifo.c.obj
                0x10008a8c                tu_fifo_clear
 .text.tu_fifo_set_overwritable
                0x10008acc       0x48 CMakeFiles/str-freertos.dir/C_/Users/gmira/.pico-sdk/sdk/2.1.1/lib/tinyusb/src/common/tusb_fifo.c.obj
                0x10008acc                tu_fifo_set_overwritable
 .text.i2c_write_blocking_internal.constprop.0
                0x10008b14       0xf8 CMakeFiles/str-freertos.dir/C_/Users/gmira/.pico-sdk/sdk/2.1.1/src/rp2_common/hardware_i2c/i2c.c.obj
 .text.i2c_set_baudrate
                0x10008c0c       0xc0 CMakeFiles/str-freertos.dir/C_/Users/gmira/.pico-sdk/sdk/2.1.1/src/rp2_common/hardware_i2c/i2c.c.obj
                0x10008c0c                i2c_set_baudrate
 .text.i2c_init
                0x10008ccc       0x50 CMakeFiles/str-freertos.dir/C_/Users/gmira/.pico-sdk/sdk/2.1.1/src/rp2_common/hardware_i2c/i2c.c.obj
                0x10008ccc                i2c_init
 .text.i2c_write_blocking
                0x10008d1c       0x14 CMakeFiles/str-freertos.dir/C_/Users/gmira/.pico-sdk/sdk/2.1.1/src/rp2_common/hardware_i2c/i2c.c.obj
                0x10008d1c                i2c_write_blocking
 .text.pio_claim_unused_sm
                0x10008d30       0x38 CMakeFiles/str-freertos.dir/C_/Users/gmira/.pico-sdk/sdk/2.1.1/src/rp2_common/hardware_pio/pio.c.obj
                0x10008d30                pio_claim_unused_sm
 .text.pio_add_program
                0x10008d68       0xf8 CMakeFiles/str-freertos.dir/C_/Users/gmira/.pico-sdk/sdk/2.1.1/src/rp2_common/hardware_pio/pio.c.obj
                0x10008d68                pio_add_program
 .text.pio_sm_set_consecutive_pindirs
                0x10008e60       0xb4 CMakeFiles/str-freertos.dir/C_/Users/gmira/.pico-sdk/sdk/2.1.1/src/rp2_common/hardware_pio/pio.c.obj
                0x10008e60                pio_sm_set_consecutive_pindirs
 .text.pio_sm_init
                0x10008f14       0x9c CMakeFiles/str-freertos.dir/C_/Users/gmira/.pico-sdk/sdk/2.1.1/src/rp2_common/hardware_pio/pio.c.obj
                0x10008f14                pio_sm_init
 .text.adc_init
                0x10008fb0       0x38 CMakeFiles/str-freertos.dir/C_/Users/gmira/.pico-sdk/sdk/2.1.1/src/rp2_common/hardware_adc/adc.c.obj
                0x10008fb0                adc_init
 .text.dma_claim_unused_channel
                0x10008fe8       0x24 CMakeFiles/str-freertos.dir/C_/Users/gmira/.pico-sdk/sdk/2.1.1/src/rp2_common/hardware_dma/dma.c.obj
                0x10008fe8                dma_claim_unused_channel
 .text.pvPortMalloc
                0x1000900c      0x124 CMakeFiles/str-freertos.dir/FreeRTOS/portable/MemMang/heap_4.c.obj
                0x1000900c                pvPortMalloc
 .text.vPortFree
                0x10009130       0x98 CMakeFiles/str-freertos.dir/FreeRTOS/portable/MemMang/heap_4.c.obj
                0x10009130                vPortFree
 *fill*         0x100091c8        0x8 
 .text.vPortStartFirstTask
                0x100091d0       0x34 CMakeFiles/str-freertos.dir/FreeRTOS/portable/ThirdParty/GCC/RP2040/port.c.obj
 *fill*         0x10009204        0xc 
 .text.xPortPendSVHandler
                0x10009210       0x64 CMakeFiles/str-freertos.dir/FreeRTOS/portable/ThirdParty/GCC/RP2040/port.c.obj
                0x10009210                xPortPendSVHandler
 .text.prvTaskExitError
                0x10009274        0x8 CMakeFiles/str-freertos.dir/FreeRTOS/portable/ThirdParty/GCC/RP2040/port.c.obj
 .text.prvFIFOInterruptHandler
                0x1000927c       0x78 CMakeFiles/str-freertos.dir/FreeRTOS/portable/ThirdParty/GCC/RP2040/port.c.obj
 .text.vPortSVCHandler
                0x100092f4        0x4 CMakeFiles/str-freertos.dir/FreeRTOS/portable/ThirdParty/GCC/RP2040/port.c.obj
                0x100092f4                vPortSVCHandler
 .text.pxPortInitialiseStack
                0x100092f8       0x20 CMakeFiles/str-freertos.dir/FreeRTOS/portable/ThirdParty/GCC/RP2040/port.c.obj
                0x100092f8                pxPortInitialiseStack
 .text.vPortYield
                0x10009318       0x18 CMakeFiles/str-freertos.dir/FreeRTOS/portable/ThirdParty/GCC/RP2040/port.c.obj
                0x10009318                vPortYield
 .text.vPortEnterCritical
                0x10009330       0x18 CMakeFiles/str-freertos.dir/FreeRTOS/portable/ThirdParty/GCC/RP2040/port.c.obj
                0x10009330                vPortEnterCritical
 .text.vPortExitCritical
                0x10009348       0x14 CMakeFiles/str-freertos.dir/FreeRTOS/portable/ThirdParty/GCC/RP2040/port.c.obj
                0x10009348                vPortExitCritical
 .text.ulSetInterruptMaskFromISR
                0x1000935c        0x8 CMakeFiles/str-freertos.dir/FreeRTOS/portable/ThirdParty/GCC/RP2040/port.c.obj
                0x1000935c                ulSetInterruptMaskFromISR
 .text.vClearInterruptMaskFromISR
                0x10009364        0x8 CMakeFiles/str-freertos.dir/FreeRTOS/portable/ThirdParty/GCC/RP2040/port.c.obj
                0x10009364                vClearInterruptMaskFromISR
 .text.xPortSysTickHandler
                0x1000936c       0x24 CMakeFiles/str-freertos.dir/FreeRTOS/portable/ThirdParty/GCC/RP2040/port.c.obj
                0x1000936c                xPortSysTickHandler
 .text.vPortSetupTimerInterrupt
                0x10009390       0x34 CMakeFiles/str-freertos.dir/FreeRTOS/portable/ThirdParty/GCC/RP2040/port.c.obj
                0x10009390                vPortSetupTimerInterrupt
 .text.xPortStartScheduler
                0x100093c4       0x9c CMakeFiles/str-freertos.dir/FreeRTOS/portable/ThirdParty/GCC/RP2040/port.c.obj
                0x100093c4                xPortStartScheduler
 .text.ulPortLockGetCurrentOwnerId
                0x10009460       0x2c CMakeFiles/str-freertos.dir/FreeRTOS/portable/ThirdParty/GCC/RP2040/port.c.obj
                0x10009460                ulPortLockGetCurrentOwnerId
 .text.vPortLockInternalSpinUnlockWithWait
                0x1000948c       0x68 CMakeFiles/str-freertos.dir/FreeRTOS/portable/ThirdParty/GCC/RP2040/port.c.obj
                0x1000948c                vPortLockInternalSpinUnlockWithWait
 .text.vPortLockInternalSpinUnlockWithNotify
                0x100094f4       0xc8 CMakeFiles/str-freertos.dir/FreeRTOS/portable/ThirdParty/GCC/RP2040/port.c.obj
                0x100094f4                vPortLockInternalSpinUnlockWithNotify
 .text.xPortLockInternalSpinUnlockWithBestEffortWaitOrTimeout
                0x100095bc       0xf4 CMakeFiles/str-freertos.dir/FreeRTOS/portable/ThirdParty/GCC/RP2040/port.c.obj
                0x100095bc                xPortLockInternalSpinUnlockWithBestEffortWaitOrTimeout
 .text.startup.prvRuntimeInitializer
                0x100096b0       0x28 CMakeFiles/str-freertos.dir/FreeRTOS/portable/ThirdParty/GCC/RP2040/port.c.obj
 .text.vEventGroupSetBitsCallback
                0x100096d8       0x90 CMakeFiles/str-freertos.dir/FreeRTOS/event_groups.c.obj
                0x100096d8                vEventGroupSetBitsCallback
 .text.xEventGroupCreate
                0x10009768       0x18 CMakeFiles/str-freertos.dir/FreeRTOS/event_groups.c.obj
                0x10009768                xEventGroupCreate
 .text.xEventGroupWaitBits
                0x10009780       0xb8 CMakeFiles/str-freertos.dir/FreeRTOS/event_groups.c.obj
                0x10009780                xEventGroupWaitBits
 .text.xEventGroupSetBits
                0x10009838       0x9c CMakeFiles/str-freertos.dir/FreeRTOS/event_groups.c.obj
                0x10009838                xEventGroupSetBits
 .text.xEventGroupSetBitsFromISR
                0x100098d4       0x18 CMakeFiles/str-freertos.dir/FreeRTOS/event_groups.c.obj
                0x100098d4                xEventGroupSetBitsFromISR
 .text.vListInitialise
                0x100098ec       0x18 CMakeFiles/str-freertos.dir/FreeRTOS/list.c.obj
                0x100098ec                vListInitialise
 .text.vListInitialiseItem
                0x10009904        0x8 CMakeFiles/str-freertos.dir/FreeRTOS/list.c.obj
                0x10009904                vListInitialiseItem
 .text.vListInsert
                0x1000990c       0x30 CMakeFiles/str-freertos.dir/FreeRTOS/list.c.obj
                0x1000990c                vListInsert
 .text.uxListRemove
                0x1000993c       0x20 CMakeFiles/str-freertos.dir/FreeRTOS/list.c.obj
                0x1000993c                uxListRemove
 .text.prvUnlockQueue
                0x1000995c      0x17c CMakeFiles/str-freertos.dir/FreeRTOS/queue.c.obj
 .text.prvNotifyQueueSetContainer
                0x10009ad8       0x90 CMakeFiles/str-freertos.dir/FreeRTOS/queue.c.obj
 .text.xQueueGenericCreate
                0x10009b68       0xa4 CMakeFiles/str-freertos.dir/FreeRTOS/queue.c.obj
                0x10009b68                xQueueGenericCreate
 .text.xQueueGenericSend
                0x10009c0c      0x1d4 CMakeFiles/str-freertos.dir/FreeRTOS/queue.c.obj
                0x10009c0c                xQueueGenericSend
 .text.xQueueCreateMutex
                0x10009de0       0x6c CMakeFiles/str-freertos.dir/FreeRTOS/queue.c.obj
                0x10009de0                xQueueCreateMutex
 .text.xQueueGenericSendFromISR
                0x10009e4c      0x150 CMakeFiles/str-freertos.dir/FreeRTOS/queue.c.obj
                0x10009e4c                xQueueGenericSendFromISR
 .text.xQueueGiveFromISR
                0x10009f9c       0x7c CMakeFiles/str-freertos.dir/FreeRTOS/queue.c.obj
                0x10009f9c                xQueueGiveFromISR
 .text.xQueueReceive
                0x1000a018      0x11c CMakeFiles/str-freertos.dir/FreeRTOS/queue.c.obj
                0x1000a018                xQueueReceive
 .text.xQueueSemaphoreTake
                0x1000a134      0x144 CMakeFiles/str-freertos.dir/FreeRTOS/queue.c.obj
                0x1000a134                xQueueSemaphoreTake
 .text.vQueueAddToRegistry
                0x1000a278      0x118 CMakeFiles/str-freertos.dir/FreeRTOS/queue.c.obj
                0x1000a278                vQueueAddToRegistry
 .text.vQueueWaitForMessageRestricted
                0x1000a390       0x48 CMakeFiles/str-freertos.dir/FreeRTOS/queue.c.obj
                0x1000a390                vQueueWaitForMessageRestricted
 .text.prvAddNewTaskToReadyList
                0x1000a3d8      0x124 CMakeFiles/str-freertos.dir/FreeRTOS/tasks.c.obj
 .text.prvCreateTask
                0x1000a4fc      0x130 CMakeFiles/str-freertos.dir/FreeRTOS/tasks.c.obj
 .text.prvIdleTask
                0x1000a62c       0x60 CMakeFiles/str-freertos.dir/FreeRTOS/tasks.c.obj
 .text.xTaskIncrementTick.part.0
                0x1000a68c      0x194 CMakeFiles/str-freertos.dir/FreeRTOS/tasks.c.obj
 .text.xTaskCreate
                0x1000a820       0x24 CMakeFiles/str-freertos.dir/FreeRTOS/tasks.c.obj
                0x1000a820                xTaskCreate
 .text.vTaskStartScheduler
                0x1000a844       0x74 CMakeFiles/str-freertos.dir/FreeRTOS/tasks.c.obj
                0x1000a844                vTaskStartScheduler
 .text.vTaskSuspendAll
                0x1000a8b8       0x10 CMakeFiles/str-freertos.dir/FreeRTOS/tasks.c.obj
                0x1000a8b8                vTaskSuspendAll
 .text.xTaskResumeAll
                0x1000a8c8      0x188 CMakeFiles/str-freertos.dir/FreeRTOS/tasks.c.obj
                0x1000a8c8                xTaskResumeAll
 .text.xTaskDelayUntil
                0x1000aa50       0xb4 CMakeFiles/str-freertos.dir/FreeRTOS/tasks.c.obj
                0x1000aa50                xTaskDelayUntil
 .text.vTaskDelay
                0x1000ab04       0x84 CMakeFiles/str-freertos.dir/FreeRTOS/tasks.c.obj
                0x1000ab04                vTaskDelay
 .text.xTaskGetTickCount
                0x1000ab88        0xc CMakeFiles/str-freertos.dir/FreeRTOS/tasks.c.obj
                0x1000ab88                xTaskGetTickCount
 .text.uxTaskGetNumberOfTasks
                0x1000ab94        0xc CMakeFiles/str-freertos.dir/FreeRTOS/tasks.c.obj
                0x1000ab94                uxTaskGetNumberOfTasks
 .text.xTaskIncrementTick
                0x1000aba0       0x24 CMakeFiles/str-freertos.dir/FreeRTOS/tasks.c.obj
                0x1000aba0                xTaskIncrementTick
 .text.vTaskSwitchContext
                0x1000abc4       0x7c CMakeFiles/str-freertos.dir/FreeRTOS/tasks.c.obj
                0x1000abc4                vTaskSwitchContext
 .text.vTaskPlaceOnEventList
                0x1000ac40       0xa0 CMakeFiles/str-freertos.dir/FreeRTOS/tasks.c.obj
                0x1000ac40                vTaskPlaceOnEventList
 .text.vTaskPlaceOnUnorderedEventList
                0x1000ace0       0xc4 CMakeFiles/str-freertos.dir/FreeRTOS/tasks.c.obj
                0x1000ace0                vTaskPlaceOnUnorderedEventList
 .text.vTaskPlaceOnEventListRestricted
                0x1000ada4       0xf4 CMakeFiles/str-freertos.dir/FreeRTOS/tasks.c.obj
                0x1000ada4                vTaskPlaceOnEventListRestricted
 .text.xTaskRemoveFromEventList
                0x1000ae98       0xcc CMakeFiles/str-freertos.dir/FreeRTOS/tasks.c.obj
                0x1000ae98                xTaskRemoveFromEventList
 .text.vTaskRemoveFromUnorderedEventList
                0x1000af64       0x94 CMakeFiles/str-freertos.dir/FreeRTOS/tasks.c.obj
                0x1000af64                vTaskRemoveFromUnorderedEventList
 .text.vTaskInternalSetTimeOutState
                0x1000aff8       0x18 CMakeFiles/str-freertos.dir/FreeRTOS/tasks.c.obj
                0x1000aff8                vTaskInternalSetTimeOutState
 .text.xTaskCheckForTimeOut
                0x1000b010       0x74 CMakeFiles/str-freertos.dir/FreeRTOS/tasks.c.obj
                0x1000b010                xTaskCheckForTimeOut
 .text.vTaskMissedYield
                0x1000b084        0xc CMakeFiles/str-freertos.dir/FreeRTOS/tasks.c.obj
                0x1000b084                vTaskMissedYield
 .text.xTaskGetCurrentTaskHandle
                0x1000b090        0xc CMakeFiles/str-freertos.dir/FreeRTOS/tasks.c.obj
                0x1000b090                xTaskGetCurrentTaskHandle
 .text.xTaskPriorityInherit
                0x1000b09c       0x94 CMakeFiles/str-freertos.dir/FreeRTOS/tasks.c.obj
                0x1000b09c                xTaskPriorityInherit
 .text.xTaskPriorityDisinherit
                0x1000b130       0x64 CMakeFiles/str-freertos.dir/FreeRTOS/tasks.c.obj
                0x1000b130                xTaskPriorityDisinherit
 .text.vTaskPriorityDisinheritAfterTimeout
                0x1000b194       0x7c CMakeFiles/str-freertos.dir/FreeRTOS/tasks.c.obj
                0x1000b194                vTaskPriorityDisinheritAfterTimeout
 .text.uxTaskResetEventItemValue
                0x1000b210       0x18 CMakeFiles/str-freertos.dir/FreeRTOS/tasks.c.obj
                0x1000b210                uxTaskResetEventItemValue
 .text.pvTaskIncrementMutexHeldCount
                0x1000b228       0x14 CMakeFiles/str-freertos.dir/FreeRTOS/tasks.c.obj
                0x1000b228                pvTaskIncrementMutexHeldCount
 .text.prvTimerTask
                0x1000b23c      0x39c CMakeFiles/str-freertos.dir/FreeRTOS/timers.c.obj
 .text.xTimerCreateTimerTask
                0x1000b5d8       0x8c CMakeFiles/str-freertos.dir/FreeRTOS/timers.c.obj
                0x1000b5d8                xTimerCreateTimerTask
 .text.xTimerPendFunctionCallFromISR
                0x1000b664       0x2c CMakeFiles/str-freertos.dir/FreeRTOS/timers.c.obj
                0x1000b664                xTimerPendFunctionCallFromISR
 .text.exception_set_exclusive_handler
                0x1000b690       0x48 CMakeFiles/str-freertos.dir/C_/Users/gmira/.pico-sdk/sdk/2.1.1/src/rp2_common/hardware_exception/exception.c.obj
                0x1000b690                exception_set_exclusive_handler
 .text.calloc   0x1000b6d8       0x18 C:/Users/gmira/.pico-sdk/toolchain/14_2_Rel1/bin/../lib/gcc/arm-none-eabi/14.2.1/thumb/v6-m/nofp\libg.a(libc_a-calloc.o)
                0x1000b6d8                calloc
 .text._calloc_r
                0x1000b6f0       0xa8 C:/Users/gmira/.pico-sdk/toolchain/14_2_Rel1/bin/../lib/gcc/arm-none-eabi/14.2.1/thumb/v6-m/nofp\libg.a(libc_a-callocr.o)
                0x1000b6f0                _calloc_r
 .text.malloc   0x1000b798       0x14 C:/Users/gmira/.pico-sdk/toolchain/14_2_Rel1/bin/../lib/gcc/arm-none-eabi/14.2.1/thumb/v6-m/nofp\libg.a(libc_a-malloc.o)
                0x1000b798                malloc
 .text.free     0x1000b7ac       0x14 C:/Users/gmira/.pico-sdk/toolchain/14_2_Rel1/bin/../lib/gcc/arm-none-eabi/14.2.1/thumb/v6-m/nofp\libg.a(libc_a-malloc.o)
                0x1000b7ac                free
 .text._malloc_r
                0x1000b7c0      0x5cc C:/Users/gmira/.pico-sdk/toolchain/14_2_Rel1/bin/../lib/gcc/arm-none-eabi/14.2.1/thumb/v6-m/nofp\libg.a(libc_a-mallocr.o)
                0x1000b7c0                _malloc_r
 .text.__malloc_lock
                0x1000bd8c       0x10 C:/Users/gmira/.pico-sdk/toolchain/14_2_Rel1/bin/../lib/gcc/arm-none-eabi/14.2.1/thumb/v6-m/nofp\libg.a(libc_a-mlock.o)
                0x1000bd8c                __malloc_lock
 .text.__malloc_unlock
                0x1000bd9c       0x10 C:/Users/gmira/.pico-sdk/toolchain/14_2_Rel1/bin/../lib/gcc/arm-none-eabi/14.2.1/thumb/v6-m/nofp\libg.a(libc_a-mlock.o)
                0x1000bd9c                __malloc_unlock
 .text._sbrk_r  0x1000bdac       0x24 C:/Users/gmira/.pico-sdk/toolchain/14_2_Rel1/bin/../lib/gcc/arm-none-eabi/14.2.1/thumb/v6-m/nofp\libg.a(libc_a-sbrkr.o)
                0x1000bdac                _sbrk_r
 .text.__errno  0x1000bdd0        0xc C:/Users/gmira/.pico-sdk/toolchain/14_2_Rel1/bin/../lib/gcc/arm-none-eabi/14.2.1/thumb/v6-m/nofp\libg.a(libc_a-errno.o)
                0x1000bdd0                __errno
 .text.__retarget_lock_acquire_recursive
                0x1000bddc        0x4 C:/Users/gmira/.pico-sdk/toolchain/14_2_Rel1/bin/../lib/gcc/arm-none-eabi/14.2.1/thumb/v6-m/nofp\libg.a(libc_a-lock.o)
                0x1000bddc                __retarget_lock_acquire_recursive
 .text.__retarget_lock_release_recursive
                0x1000bde0        0x4 C:/Users/gmira/.pico-sdk/toolchain/14_2_Rel1/bin/../lib/gcc/arm-none-eabi/14.2.1/thumb/v6-m/nofp\libg.a(libc_a-lock.o)
                0x1000bde0                __retarget_lock_release_recursive
 .text.sysconf  0x1000bde4       0x1c C:/Users/gmira/.pico-sdk/toolchain/14_2_Rel1/bin/../lib/gcc/arm-none-eabi/14.2.1/thumb/v6-m/nofp\libg.a(libc_a-sysconf.o)
                0x1000bde4                sysconf
 .text.strlen   0x1000be00       0x5c C:/Users/gmira/.pico-sdk/toolchain/14_2_Rel1/bin/../lib/gcc/arm-none-eabi/14.2.1/thumb/v6-m/nofp\libg.a(libc_a-strlen-stub.o)
                0x1000be00                strlen
 .text._malloc_trim_r
                0x1000be5c       0xb4 C:/Users/gmira/.pico-sdk/toolchain/14_2_Rel1/bin/../lib/gcc/arm-none-eabi/14.2.1/thumb/v6-m/nofp\libg.a(libc_a-freer.o)
                0x1000be5c                _malloc_trim_r
 .text._free_r  0x1000bf10      0x1f0 C:/Users/gmira/.pico-sdk/toolchain/14_2_Rel1/bin/../lib/gcc/arm-none-eabi/14.2.1/thumb/v6-m/nofp\libg.a(libc_a-freer.o)
                0x1000bf10                _free_r
 *(.fini)
 .fini          0x1000c100        0x4 C:/Users/gmira/.pico-sdk/toolchain/14_2_Rel1/bin/../lib/gcc/arm-none-eabi/14.2.1/thumb/v6-m/nofp/crti.o
                0x1000c100                _fini
 *fill*         0x1000c104        0x4 
 .fini.__stub   0x1000c108       0xd0 linker stubs
 *crtbegin.o(.ctors)
 *crtbegin?.o(.ctors)
 *(EXCLUDE_FILE(*crtend.o *crtend?.o) .ctors)
 *(SORT_BY_NAME(.ctors.*))
 *(.ctors)
 *crtbegin.o(.dtors)
 *crtbegin?.o(.dtors)
 *(EXCLUDE_FILE(*crtend.o *crtend?.o) .dtors)
 *(SORT_BY_NAME(.dtors.*))
 *(.dtors)
                0x1000c1d8                        . = ALIGN (0x4)
                0x1000c1d8                        PROVIDE (__preinit_array_start = .)
 *(SORT_BY_NAME(.preinit_array.*))
 .preinit_array.00100
                0x1000c1d8        0x4 CMakeFiles/str-freertos.dir/C_/Users/gmira/.pico-sdk/sdk/2.1.1/src/rp2_common/pico_runtime_init/runtime_init.c.obj
                0x1000c1d8                __pre_init_runtime_init_early_resets
 .preinit_array.00101
                0x1000c1dc        0x4 CMakeFiles/str-freertos.dir/C_/Users/gmira/.pico-sdk/sdk/2.1.1/src/rp2_common/pico_runtime_init/runtime_init.c.obj
                0x1000c1dc                __pre_init_runtime_init_usb_power_down
 .preinit_array.00275
                0x1000c1e0        0x4 CMakeFiles/str-freertos.dir/C_/Users/gmira/.pico-sdk/sdk/2.1.1/src/rp2_common/pico_bit_ops/bit_ops_aeabi.S.obj
 .preinit_array.00300
                0x1000c1e4        0x4 CMakeFiles/str-freertos.dir/C_/Users/gmira/.pico-sdk/sdk/2.1.1/src/rp2_common/pico_mem_ops/mem_ops_aeabi.S.obj
 .preinit_array.00350
                0x1000c1e8        0x4 CMakeFiles/str-freertos.dir/C_/Users/gmira/.pico-sdk/sdk/2.1.1/src/rp2_common/pico_double/double_aeabi_rp2040.S.obj
 .preinit_array.00350
                0x1000c1ec        0x4 CMakeFiles/str-freertos.dir/C_/Users/gmira/.pico-sdk/sdk/2.1.1/src/rp2_common/pico_float/float_aeabi_rp2040.S.obj
 .preinit_array.00500
                0x1000c1f0        0x4 CMakeFiles/str-freertos.dir/C_/Users/gmira/.pico-sdk/sdk/2.1.1/src/rp2_common/pico_runtime_init/runtime_init.c.obj
                0x1000c1f0                __pre_init_runtime_init_clocks
 .preinit_array.00600
                0x1000c1f4        0x4 CMakeFiles/str-freertos.dir/C_/Users/gmira/.pico-sdk/sdk/2.1.1/src/rp2_common/pico_runtime_init/runtime_init.c.obj
                0x1000c1f4                __pre_init_runtime_init_post_clock_resets
 .preinit_array.00700
                0x1000c1f8        0x4 CMakeFiles/str-freertos.dir/C_/Users/gmira/.pico-sdk/sdk/2.1.1/src/rp2_common/pico_runtime_init/runtime_init.c.obj
                0x1000c1f8                __pre_init_runtime_init_rp2040_gpio_ie_disable
 .preinit_array.01000
                0x1000c1fc        0x4 CMakeFiles/str-freertos.dir/C_/Users/gmira/.pico-sdk/sdk/2.1.1/src/rp2_common/pico_runtime_init/runtime_init.c.obj
                0x1000c1fc                __pre_init_runtime_init_spin_locks_reset
 .preinit_array.01100
                0x1000c200        0x4 CMakeFiles/str-freertos.dir/C_/Users/gmira/.pico-sdk/sdk/2.1.1/src/common/pico_sync/mutex.c.obj
                0x1000c200                __pre_init_runtime_init_mutex
 .preinit_array.10080
                0x1000c204        0x4 CMakeFiles/str-freertos.dir/C_/Users/gmira/.pico-sdk/sdk/2.1.1/src/rp2_common/pico_runtime_init/runtime_init.c.obj
                0x1000c204                __pre_init_runtime_init_install_ram_vector_table
 .preinit_array.11000
                0x1000c208        0x4 CMakeFiles/str-freertos.dir/C_/Users/gmira/.pico-sdk/sdk/2.1.1/src/common/pico_time/time.c.obj
                0x1000c208                __pre_init_runtime_init_default_alarm_pool
 .preinit_array.YYYYY
                0x1000c20c        0x4 CMakeFiles/str-freertos.dir/C_/Users/gmira/.pico-sdk/sdk/2.1.1/src/rp2_common/pico_runtime/runtime.c.obj
                0x1000c20c                __pre_init_first_per_core_initializer
 .preinit_array.ZZZZZ.01200
                0x1000c210        0x4 CMakeFiles/str-freertos.dir/C_/Users/gmira/.pico-sdk/sdk/2.1.1/src/rp2_common/hardware_irq/irq.c.obj
                0x1000c210                __pre_init_runtime_init_per_core_irq_priorities
 *(.preinit_array)
                0x1000c214                        PROVIDE (__preinit_array_end = .)
                0x1000c214                        . = ALIGN (0x4)
                0x1000c214                        PROVIDE (__init_array_start = .)
 *(SORT_BY_NAME(.init_array.*))
 *(.init_array)
 .init_array    0x1000c214        0x4 C:/Users/gmira/.pico-sdk/toolchain/14_2_Rel1/bin/../lib/gcc/arm-none-eabi/14.2.1/thumb/v6-m/nofp/crtbegin.o
 .init_array    0x1000c218        0x4 CMakeFiles/str-freertos.dir/C_/Users/gmira/.pico-sdk/sdk/2.1.1/src/rp2_common/pico_unique_id/unique_id.c.obj
 .init_array    0x1000c21c        0x4 CMakeFiles/str-freertos.dir/FreeRTOS/portable/ThirdParty/GCC/RP2040/port.c.obj
                0x1000c220                        PROVIDE (__init_array_end = .)
                0x1000c220                        . = ALIGN (0x4)
                [!provide]                        PROVIDE (__fini_array_start = .)
 *(SORT_BY_NAME(.fini_array.*))
 *(.fini_array)
                [!provide]                        PROVIDE (__fini_array_end = .)
 *(.eh_frame*)
 .eh_frame      0x1000c220        0x0 C:/Users/gmira/.pico-sdk/toolchain/14_2_Rel1/bin/../lib/gcc/arm-none-eabi/14.2.1/thumb/v6-m/nofp/crtbegin.o
                0x1000c220                        . = ALIGN (0x4)

.glue_7         0x1000c220        0x0
 .glue_7        0x1000c220        0x0 linker stubs

.glue_7t        0x1000c220        0x0
 .glue_7t       0x1000c220        0x0 linker stubs

.vfp11_veneer   0x1000c220        0x0
 .vfp11_veneer  0x1000c220        0x0 linker stubs

.v4_bx          0x1000c220        0x0
 .v4_bx         0x1000c220        0x0 linker stubs

.iplt           0x1000c220        0x0
 .iplt          0x1000c220        0x0 C:/Users/gmira/.pico-sdk/toolchain/14_2_Rel1/bin/../lib/gcc/arm-none-eabi/14.2.1/thumb/v6-m/nofp/crtbegin.o

.rodata         0x1000c220      0xd64
 *(EXCLUDE_FILE(*libm.a: *libc.a:*lib_a-mem*.o *libgcc.a:) .rodata*)
 .rodata.task_analysis_report.str1.4
                0x1000c220      0x4dc CMakeFiles/str-freertos.dir/src/main.c.obj
                                0x15c (size before relaxing)
 .rodata.task_gerencia_display.str1.4
                0x1000c6fc       0x39 CMakeFiles/str-freertos.dir/src/main.c.obj
 .rodata.task_logica_airbag.str1.4
                0x1000c6fc       0x23 CMakeFiles/str-freertos.dir/src/main.c.obj
 .rodata.main.str1.4
                0x1000c6fc      0x132 CMakeFiles/str-freertos.dir/src/main.c.obj
 .rodata        0x1000c6fc       0x39 CMakeFiles/str-freertos.dir/src/main.c.obj
 *fill*         0x1000c735        0x3 
 .rodata.ssd1306_draw_string
                0x1000c738       0xe0 CMakeFiles/str-freertos.dir/include/ssd1306_i2c.c.obj
 .rodata.font   0x1000c818      0x168 CMakeFiles/str-freertos.dir/include/ssd1306_i2c.c.obj
 .rodata        0x1000c980       0x1a CMakeFiles/str-freertos.dir/include/ssd1306_i2c.c.obj
 *fill*         0x1000c99a        0x2 
 .rodata.ws2818b_program
                0x1000c99c        0x8 CMakeFiles/str-freertos.dir/include/neopixel.c.obj
 .rodata.ws2818b_program_instructions
                0x1000c9a4        0x8 CMakeFiles/str-freertos.dir/include/neopixel.c.obj
 .rodata.panic.str1.4
                0x1000c9ac       0x12 CMakeFiles/str-freertos.dir/C_/Users/gmira/.pico-sdk/sdk/2.1.1/src/rp2_common/pico_platform_panic/panic.c.obj
 .rodata.panic_unsupported.str1.4
                0x1000c9ac        0xe CMakeFiles/str-freertos.dir/C_/Users/gmira/.pico-sdk/sdk/2.1.1/src/rp2_common/pico_platform_panic/panic.c.obj
 .rodata.spin_lock_claim_unused.str1.4
                0x1000c9ac       0x1b CMakeFiles/str-freertos.dir/C_/Users/gmira/.pico-sdk/sdk/2.1.1/src/rp2_common/hardware_sync/sync.c.obj
 .rodata.user_irq_claim_unused.str1.4
                0x1000c9ac       0x1b CMakeFiles/str-freertos.dir/C_/Users/gmira/.pico-sdk/sdk/2.1.1/src/rp2_common/hardware_irq/irq.c.obj
 .rodata.timer_hardware_alarm_claim.str1.4
                0x1000c9ac       0x22 CMakeFiles/str-freertos.dir/C_/Users/gmira/.pico-sdk/sdk/2.1.1/src/rp2_common/hardware_timer/timer.c.obj
 .rodata.hard_assertion_failure.str1.4
                0x1000c9ac        0xc CMakeFiles/str-freertos.dir/C_/Users/gmira/.pico-sdk/sdk/2.1.1/src/rp2_common/pico_runtime/runtime.c.obj
 .rodata.__wrap_malloc.str1.4
                0x1000c9ac        0xe CMakeFiles/str-freertos.dir/C_/Users/gmira/.pico-sdk/sdk/2.1.1/src/rp2_common/pico_malloc/malloc.c.obj
 .rodata.str1.4
                0x1000c9ac       0x44 CMakeFiles/str-freertos.dir/C_/Users/gmira/.pico-sdk/sdk/2.1.1/src/rp2_common/pico_standard_binary_info/standard_binary_info.c.obj
 .rodata.__bi_84
                0x1000c9ac        0xc CMakeFiles/str-freertos.dir/C_/Users/gmira/.pico-sdk/sdk/2.1.1/src/rp2_common/pico_standard_binary_info/standard_binary_info.c.obj
 .rodata.__bi_78
                0x1000c9b8        0xc CMakeFiles/str-freertos.dir/C_/Users/gmira/.pico-sdk/sdk/2.1.1/src/rp2_common/pico_standard_binary_info/standard_binary_info.c.obj
 .rodata.__bi_54
                0x1000c9c4        0xc CMakeFiles/str-freertos.dir/C_/Users/gmira/.pico-sdk/sdk/2.1.1/src/rp2_common/pico_standard_binary_info/standard_binary_info.c.obj
 .rodata.__bi_48
                0x1000c9d0        0xc CMakeFiles/str-freertos.dir/C_/Users/gmira/.pico-sdk/sdk/2.1.1/src/rp2_common/pico_standard_binary_info/standard_binary_info.c.obj
 .rodata.__bi_42
                0x1000c9dc        0xc CMakeFiles/str-freertos.dir/C_/Users/gmira/.pico-sdk/sdk/2.1.1/src/rp2_common/pico_standard_binary_info/standard_binary_info.c.obj
 .rodata.__bi_34
                0x1000c9e8        0xc CMakeFiles/str-freertos.dir/C_/Users/gmira/.pico-sdk/sdk/2.1.1/src/rp2_common/pico_standard_binary_info/standard_binary_info.c.obj
 .rodata.__bi_26
                0x1000c9f4        0xc CMakeFiles/str-freertos.dir/C_/Users/gmira/.pico-sdk/sdk/2.1.1/src/rp2_common/pico_standard_binary_info/standard_binary_info.c.obj
 .rodata._ftoa.str1.4
                0x1000ca00       0x15 CMakeFiles/str-freertos.dir/C_/Users/gmira/.pico-sdk/sdk/2.1.1/src/rp2_common/pico_printf/printf.c.obj
 .rodata._vsnprintf
                0x1000ca00      0x19c CMakeFiles/str-freertos.dir/C_/Users/gmira/.pico-sdk/sdk/2.1.1/src/rp2_common/pico_printf/printf.c.obj
 *fill*         0x1000cb9c        0x4 
 .rodata.pow10.0