Archive member included to satisfy reference by file (symbol)

C:/Users/gmira/.pico-sdk/toolchain/14_2_Rel1/bin/../lib/gcc/arm-none-eabi/14.2.1/thumb/v6-m/nofp\libgcc.a(_dvmd_tls.o)
                              CMakeFiles/str_veicular_freertos.dir/C_/Users/gmira/.pico-sdk/sdk/2.1.1/src/rp2_common/pico_divider/divider_hardware.S.obj (__aeabi_idiv0)
C:/Users/gmira/.pico-sdk/toolchain/14_2_Rel1/bin/../lib/gcc/arm-none-eabi/14.2.1/thumb/v6-m/nofp\libg.a(libc_a-calloc.o)
                              CMakeFiles/str_veicular_freertos.dir/C_/Users/gmira/.pico-sdk/sdk/2.1.1/src/rp2_common/pico_malloc/malloc.c.obj (calloc)
C:/Users/gmira/.pico-sdk/toolchain/14_2_Rel1/bin/../lib/gcc/arm-none-eabi/14.2.1/thumb/v6-m/nofp\libg.a(libc_a-callocr.o)
                              C:/Users/gmira/.pico-sdk/toolchain/14_2_Rel1/bin/../lib/gcc/arm-none-eabi/14.2.1/thumb/v6-m/nofp\libg.a(libc_a-calloc.o) (_calloc_r)
C:/Users/gmira/.pico-sdk/toolchain/14_2_Rel1/bin/../lib/gcc/arm-none-eabi/14.2.1/thumb/v6-m/nofp\libg.a(libc_a-malloc.o)
                              CMakeFiles/str_veicular_freertos.dir/C_/Users/gmira/.pico-sdk/sdk/2.1.1/src/rp2_common/pico_malloc/malloc.c.obj (malloc)
C:/Users/gmira/.pico-sdk/toolchain/14_2_Rel1/bin/../lib/gcc/arm-none-eabi/14.2.1/thumb/v6-m/nofp\libg.a(libc_a-mallocr.o)
                              C:/Users/gmira/.pico-sdk/toolchain/14_2_Rel1/bin/../lib/gcc/arm-none-eabi/14.2.1/thumb/v6-m/nofp\libg.a(libc_a-callocr.o) (_malloc_r)
C:/Users/gmira/.pico-sdk/toolchain/14_2_Rel1/bin/../lib/gcc/arm-none-eabi/14.2.1/thumb/v6-m/nofp\libg.a(libc_a-mlock.o)
                              C:/Users/gmira/.pico-sdk/toolchain/14_2_Rel1/bin/../lib/gcc/arm-none-eabi/14.2.1/thumb/v6-m/nofp\libg.a(libc_a-mallocr.o) (__malloc_lock)
C:/Users/gmira/.pico-sdk/toolchain/14_2_Rel1/bin/../lib/gcc/arm-none-eabi/14.2.1/thumb/v6-m/nofp\libg.a(libc_a-realloc.o)
                              CMakeFiles/str_veicular_freertos.dir/C_/Users/gmira/.pico-sdk/sdk/2.1.1/src/rp2_common/pico_malloc/malloc.c.obj (realloc)
C:/Users/gmira/.pico-sdk/toolchain/14_2_Rel1/bin/../lib/gcc/arm-none-eabi/14.2.1/thumb/v6-m/nofp\libg.a(libc_a-reallocr.o)
                              C:/Users/gmira/.pico-sdk/toolchain/14_2_Rel1/bin/../lib/gcc/arm-none-eabi/14.2.1/thumb/v6-m/nofp\libg.a(libc_a-realloc.o) (_realloc_r)
C:/Users/gmira/.pico-sdk/toolchain/14_2_Rel1/bin/../lib/gcc/arm-none-eabi/14.2.1/thumb/v6-m/nofp\libg.a(libc_a-ctype_.o)
                              CMakeFiles/str_veicular_freertos.dir/include/ssd1306_i2c.c.obj (_ctype_)
C:/Users/gmira/.pico-sdk/toolchain/14_2_Rel1/bin/../lib/gcc/arm-none-eabi/14.2.1/thumb/v6-m/nofp\libg.a(libc_a-memcmp.o)
                              CMakeFiles/str_veicular_freertos.dir/C_/Users/gmira/.pico-sdk/sdk/2.1.1/src/rp2_common/pico_atomic/atomic.c.obj (memcmp)
C:/Users/gmira/.pico-sdk/toolchain/14_2_Rel1/bin/../lib/gcc/arm-none-eabi/14.2.1/thumb/v6-m/nofp\libg.a(libc_a-memmove.o)
                              C:/Users/gmira/.pico-sdk/toolchain/14_2_Rel1/bin/../lib/gcc/arm-none-eabi/14.2.1/thumb/v6-m/nofp\libg.a(libc_a-reallocr.o) (memmove)
C:/Users/gmira/.pico-sdk/toolchain/14_2_Rel1/bin/../lib/gcc/arm-none-eabi/14.2.1/thumb/v6-m/nofp\libg.a(libc_a-lcltime_r.o)
                              CMakeFiles/str_veicular_freertos.dir/C_/Users/gmira/.pico-sdk/sdk/2.1.1/src/common/pico_util/datetime.c.obj (localtime_r)
C:/Users/gmira/.pico-sdk/toolchain/14_2_Rel1/bin/../lib/gcc/arm-none-eabi/14.2.1/thumb/v6-m/nofp\libg.a(libc_a-mktime.o)
                              CMakeFiles/str_veicular_freertos.dir/C_/Users/gmira/.pico-sdk/sdk/2.1.1/src/common/pico_util/datetime.c.obj (mktime)
C:/Users/gmira/.pico-sdk/toolchain/14_2_Rel1/bin/../lib/gcc/arm-none-eabi/14.2.1/thumb/v6-m/nofp\libg.a(libc_a-month_lengths.o)
                              C:/Users/gmira/.pico-sdk/toolchain/14_2_Rel1/bin/../lib/gcc/arm-none-eabi/14.2.1/thumb/v6-m/nofp\libg.a(libc_a-lcltime_r.o) (__month_lengths)
C:/Users/gmira/.pico-sdk/toolchain/14_2_Rel1/bin/../lib/gcc/arm-none-eabi/14.2.1/thumb/v6-m/nofp\libg.a(libc_a-tzcalc_limits.o)
                              C:/Users/gmira/.pico-sdk/toolchain/14_2_Rel1/bin/../lib/gcc/arm-none-eabi/14.2.1/thumb/v6-m/nofp\libg.a(libc_a-lcltime_r.o) (__tzcalc_limits)
C:/Users/gmira/.pico-sdk/toolchain/14_2_Rel1/bin/../lib/gcc/arm-none-eabi/14.2.1/thumb/v6-m/nofp\libg.a(libc_a-tzlock.o)
                              C:/Users/gmira/.pico-sdk/toolchain/14_2_Rel1/bin/../lib/gcc/arm-none-eabi/14.2.1/thumb/v6-m/nofp\libg.a(libc_a-lcltime_r.o) (__tz_lock)
C:/Users/gmira/.pico-sdk/toolchain/14_2_Rel1/bin/../lib/gcc/arm-none-eabi/14.2.1/thumb/v6-m/nofp\libg.a(libc_a-tzset.o)
                              C:/Users/gmira/.pico-sdk/toolchain/14_2_Rel1/bin/../lib/gcc/arm-none-eabi/14.2.1/thumb/v6-m/nofp\libg.a(libc_a-lcltime_r.o) (_tzset_unlocked)
C:/Users/gmira/.pico-sdk/toolchain/14_2_Rel1/bin/../lib/gcc/arm-none-eabi/14.2.1/thumb/v6-m/nofp\libg.a(libc_a-tzset_r.o)
[...]
Memory Configuration

Name             Origin             Length             Attributes
FLASH            0x10000000         0x00200000         xr
RAM              0x20000000         0x00040000         xrw
SCRATCH_X        0x20040000         0x00001000         xrw
SCRATCH_Y        0x20041000         0x00001000         xrw
*default*        0x00000000         0xffffffff

Linker script and memory map

LOAD C:/Users/gmira/.pico-sdk/toolchain/14_2_Rel1/bin/../lib/gcc/arm-none-eabi/14.2.1/thumb/v6-m/nofp/crti.o
LOAD C:/Users/gmira/.pico-sdk/toolchain/14_2_Rel1/bin/../lib/gcc/arm-none-eabi/14.2.1/thumb/v6-m/nofp/crtbegin.o
LOAD C:/Users/gmira/.pico-sdk/toolchain/14_2_Rel1/bin/../lib/gcc/arm-none-eabi/14.2.1/thumb/v6-m/nofp/crt0.o

.flash_begin    0x10000000        0x0
                0x10000000                        __flash_binary_start = .

.boot2          0x10000000      0x100
                0x10000000                        __boot2_start__ = .
 *(.boot2)
 .boot2         0x10000000      0x100 pico-sdk/src/rp2040/boot_stage2/CMakeFiles/bs2_default_library.dir/./bs2_default_padded_checksummed.S.obj
                0x10000100                        __boot2_end__ = .
                0x00000001                        ASSERT (((__boot2_end__ - __boot2_start__) == 0x100), ERROR: Pico second stage bootloader must be 256 bytes in size)

.text           0x10000100     0xb6a0
                0x10000100                        __logical_binary_start = .
 *(.vectors)
 .vectors       0x10000100       0xd4 CMakeFiles/str_veicular_freertos.dir/C_/Users/gmira/.pico-sdk/sdk/2.1.1/src/rp2_common/pico_crt0/crt0.S.obj
                0x10000100                __VECTOR_TABLE
                0x10000100                __vectors
                0x100001c0                isr_invalid
                0x100001c0                __default_isrs_start
                0x100001c2                isr_nmi
                0x100001c4                isr_hardfault
                0x100001c6                isr_svcall
                0x100001c8                isr_pendsv
                0x100001ca                isr_systick
                0x100001cc                isr_irq23
                0x100001cc                isr_irq18
                0x100001cc                isr_irq11
                0x100001cc                isr_irq28
                0x100001cc                isr_irq19
                0x100001cc                isr_irq0
                0x100001cc                isr_irq6
                0x100001cc                isr_irq5
                0x100001cc                isr_irq12
                0x100001cc                isr_irq22
                0x100001cc                isr_irq31
                0x100001cc                isr_irq17
                0x100001cc                isr_irq27
                0x100001cc                isr_irq30
                0x100001cc                isr_irq2
                0x100001cc                isr_irq10
                0x100001cc                isr_irq8
                0x100001cc                isr_irq24
                0x100001cc                isr_irq1
                0x100001cc                isr_irq7
                0x100001cc                isr_irq21
                0x100001cc                isr_irq20
                0x100001cc                isr_irq15
                0x100001cc                isr_irq25
                0x100001cc                isr_irq13
                0x100001cc                __unhandled_user_irq
                0x100001cc                isr_irq4
                0x100001cc                isr_irq16
                0x100001cc                isr_irq29
                0x100001cc                isr_irq26
                0x100001cc                __default_isrs_end
                0x100001cc                isr_irq3
                0x100001cc                isr_irq14
                0x100001cc                isr_irq9
                0x100001d2                unhandled_user_irq_num_in_r0
 *(.binary_info_header)
 .binary_info_header
                0x100001d4       0x14 CMakeFiles/str_veicular_freertos.dir/C_/Users/gmira/.pico-sdk/sdk/2.1.1/src/rp2_common/pico_crt0/crt0.S.obj
                0x100001e8                        __binary_info_header_end = .
 *(.embedded_block)
                0x100001e8                        __embedded_block_end = .
 *(.reset)
 .reset         0x100001e8       0x9c CMakeFiles/str_veicular_freertos.dir/C_/Users/gmira/.pico-sdk/sdk/2.1.1/src/rp2_common/pico_crt0/crt0.S.obj
                0x100001e8                _entry_point
 *(.init)
 .init          0x10000284        0x4 C:/Users/gmira/.pico-sdk/toolchain/14_2_Rel1/bin/../lib/gcc/arm-none-eabi/14.2.1/thumb/v6-m/nofp/crti.o
                0x10000284                _init
 *(EXCLUDE_FILE(*libm.a: *libc.a:*lib_a-mem*.o *libgcc.a:) .text*)
 .text.register_tm_clones
                0x10000288       0x28 C:/Users/gmira/.pico-sdk/toolchain/14_2_Rel1/bin/../lib/gcc/arm-none-eabi/14.2.1/thumb/v6-m/nofp/crtbegin.o
 .text.frame_dummy
                0x100002b0       0x24 C:/Users/gmira/.pico-sdk/toolchain/14_2_Rel1/bin/../lib/gcc/arm-none-eabi/14.2.1/thumb/v6-m/nofp/crtbegin.o
 .text.task_monitor_rpm
                0x100002d4       0x5c CMakeFiles/str_veicular_freertos.dir/src/main.c.obj
                0x100002d4                task_monitor_rpm
 .text.task_monitor_velocidade
                0x10000330       0x74 CMakeFiles/str_veicular_freertos.dir/src/main.c.obj
                0x10000330                task_monitor_velocidade
 .text.task_monitor_temperatura
                0x100003a4       0xb4 CMakeFiles/str_veicular_freertos.dir/src/main.c.obj
                0x100003a4                task_monitor_temperatura
 .text.task_monitor_combustivel
                0x10000458       0x9c CMakeFiles/str_veicular_freertos.dir/src/main.c.obj
                0x10000458                task_monitor_combustivel
 .text.task_logica_abs
                0x100004f4       0xcc CMakeFiles/str_veicular_freertos.dir/src/main.c.obj
                0x100004f4                task_logica_abs
 .text.task_logica_airbag
                0x100005c0       0x70 CMakeFiles/str_veicular_freertos.dir/src/main.c.obj
                0x100005c0                task_logica_airbag
 .text.task_comando_piloto
                0x10000630       0xc0 CMakeFiles/str_veicular_freertos.dir/src/main.c.obj
                0x10000630                task_comando_piloto
 .text.task_gerencia_display
                0x100006f0      0x134 CMakeFiles/str_veicular_freertos.dir/src/main.c.obj
                0x100006f0                task_gerencia_display
 .text.gpio_callback_isr
                0x10000824       0x5c CMakeFiles/str_veicular_freertos.dir/src/main.c.obj
                0x10000824                gpio_callback_isr
 .text.init_hardware
                0x10000880      0x12c CMakeFiles/str_veicular_freertos.dir/src/main.c.obj
                0x10000880                init_hardware
 .text.startup.main
                0x100009ac      0x180 CMakeFiles/str_veicular_freertos.dir/src/main.c.obj
                0x100009ac                main
 .text.calculate_render_area_buffer_length
                0x10000b2c       0x18 CMakeFiles/str_veicular_freertos.dir/include/ssd1306_i2c.c.obj
                0x10000b2c                calculate_render_area_buffer_length
 .text.ssd1306_init
                0x10000b44       0x58 CMakeFiles/str_veicular_freertos.dir/include/ssd1306_i2c.c.obj
                0x10000b44                ssd1306_init
 .text.render_on_display
                0x10000b9c       0x98 CMakeFiles/str_veicular_freertos.dir/include/ssd1306_i2c.c.obj
                0x10000b9c                render_on_display
 .text.ssd1306_draw_string
                0x10000c34      0x190 CMakeFiles/str_veicular_freertos.dir/include/ssd1306_i2c.c.obj
                0x10000c34                ssd1306_draw_string
 .text.ws2818b_program_init
                0x10000dc4       0xdc CMakeFiles/str_veicular_freertos.dir/include/neopixel.c.obj
                0x10000dc4                ws2818b_program_init
 .text.npInit   0x10000ea0       0xf0 CMakeFiles/str_veicular_freertos.dir/include/neopixel.c.obj
                0x10000ea0                npInit
 .text.npSetLED
                0x10000f90       0x18 CMakeFiles/str_veicular_freertos.dir/include/neopixel.c.obj
                0x10000f90                npSetLED
 .text.npClear  0x10000fa8       0x8c CMakeFiles/str_veicular_freertos.dir/include/neopixel.c.obj
                0x10000fa8                npClear
 .text.npWrite  0x10001034       0x68 CMakeFiles/str_veicular_freertos.dir/include/neopixel.c.obj
                0x10001034                npWrite
 .text.gpio_default_irq_handler
                0x1000109c      0x2c8 CMakeFiles/str_veicular_freertos.dir/C_/Users/gmira/.pico-sdk/sdk/2.1.1/src/rp2_common/hardware_gpio/gpio.c.obj
 .text.gpio_set_function
                0x10001364       0x34 CMakeFiles/str_veicular_freertos.dir/C_/Users/gmira/.pico-sdk/sdk/2.1.1/src/rp2_common/hardware_gpio/gpio.c.obj
                0x10001364                gpio_set_function
 .text.gpio_set_pulls
                0x10001398       0x28 CMakeFiles/str_veicular_freertos.dir/C_/Users/gmira/.pico-sdk/sdk/2.1.1/src/rp2_common/hardware_gpio/gpio.c.obj
                0x10001398                gpio_set_pulls
 .text.gpio_set_irq_enabled_with_callback
                0x100013c0       0xd0 CMakeFiles/str_veicular_freertos.dir/C_/Users/gmira/.pico-sdk/sdk/2.1.1/src/rp2_common/hardware_gpio/gpio.c.obj
                0x100013c0                gpio_set_irq_enabled_with_callback
 .text.gpio_set_input_enabled
                0x10001490       0x28 CMakeFiles/str_veicular_freertos.dir/C_/Users/gmira/.pico-sdk/sdk/2.1.1/src/rp2_common/hardware_gpio/gpio.c.obj
                0x10001490                gpio_set_input_enabled
 .text.gpio_init
                0x100014b8       0x40 CMakeFiles/str_veicular_freertos.dir/C_/Users/gmira/.pico-sdk/sdk/2.1.1/src/rp2_common/hardware_gpio/gpio.c.obj
                0x100014b8                gpio_init
 .text.rp2040_chip_version
                0x100014f8        0xc CMakeFiles/str_veicular_freertos.dir/C_/Users/gmira/.pico-sdk/sdk/2.1.1/src/rp2040/pico_platform/platform.c.obj
                0x100014f8                rp2040_chip_version
 .text.panic    0x10001504       0x30 CMakeFiles/str_veicular_freertos.dir/C_/Users/gmira/.pico-sdk/sdk/2.1.1/src/rp2_common/pico_platform_panic/panic.c.obj
                0x10001504                panic
 .text.panic_unsupported
                0x10001534        0xc CMakeFiles/str_veicular_freertos.dir/C_/Users/gmira/.pico-sdk/sdk/2.1.1/src/rp2_common/pico_platform_panic/panic.c.obj
                0x10001534                panic_unsupported
 .text.hw_claim_lock
                0x10001540       0x18 CMakeFiles/str_veicular_freertos.dir/C_/Users/gmira/.pico-sdk/sdk/2.1.1/src/common/hardware_claim/claim.c.obj
                0x10001540                hw_claim_lock
 .text.hw_claim_unlock
                0x10001558       0x14 CMakeFiles/str_veicular_freertos.dir/C_/Users/gmira/.pico-sdk/sdk/2.1.1/src/common/hardware_claim/claim.c.obj
                0x10001558                hw_claim_unlock
 .text.hw_claim_or_assert
                0x1000156c       0x44 CMakeFiles/str_veicular_freertos.dir/C_/Users/gmira/.pico-sdk/sdk/2.1.1/src/common/hardware_claim/claim.c.obj
                0x1000156c                hw_claim_or_assert
 .text.hw_claim_unused_from_range
                0x100015b0       0x88 CMakeFiles/str_veicular_freertos.dir/C_/Users/gmira/.pico-sdk/sdk/2.1.1/src/common/hardware_claim/claim.c.obj
                0x100015b0                hw_claim_unused_from_range
 .text.next_striped_spin_lock_num
                0x10001638       0x18 CMakeFiles/str_veicular_freertos.dir/C_/Users/gmira/.pico-sdk/sdk/2.1.1/src/rp2_common/hardware_sync/sync.c.obj
                0x10001638                next_striped_spin_lock_num
 .text.spin_lock_claim_unused
                0x10001650       0x24 CMakeFiles/str_veicular_freertos.dir/C_/Users/gmira/.pico-sdk/sdk/2.1.1/src/rp2_common/hardware_sync/sync.c.obj
                0x10001650                spin_lock_claim_unused
 .text.spin_locks_reset
                0x10001674       0x1c CMakeFiles/str_veicular_freertos.dir/C_/Users/gmira/.pico-sdk/sdk/2.1.1/src/rp2_common/hardware_sync_spin_lock/sync_spin_lock.c.obj
                0x10001674                spin_locks_reset
 .text.runtime_init_per_core_irq_priorities
                0x10001690       0x24 CMakeFiles/str_veicular_freertos.dir/C_/Users/gmira/.pico-sdk/sdk/2.1.1/src/rp2_common/hardware_irq/irq.c.obj
                0x10001690                runtime_init_per_core_irq_priorities
 .text.irq_set_enabled
                0x100016b4       0x24 CMakeFiles/str_veicular_freertos.dir/C_/Users/gmira/.pico-sdk/sdk/2.1.1/src/rp2_common/hardware_irq/irq.c.obj
                0x100016b4                irq_set_enabled
 .text.irq_is_enabled
                0x100016d8       0x18 CMakeFiles/str_veicular_freertos.dir/C_/Users/gmira/.pico-sdk/sdk/2.1.1/src/rp2_common/hardware_irq/irq.c.obj
                0x100016d8                irq_is_enabled
 .text.irq_set_pending
                0x100016f0       0x10 CMakeFiles/str_veicular_freertos.dir/C_/Users/gmira/.pico-sdk/sdk/2.1.1/src/rp2_common/hardware_irq/irq.c.obj
                0x100016f0                irq_set_pending
 .text.irq_has_shared_handler
                0x10001700       0x24 CMakeFiles/str_veicular_freertos.dir/C_/Users/gmira/.pico-sdk/sdk/2.1.1/src/rp2_common/hardware_irq/irq.c.obj
                0x10001700                irq_has_shared_handler
 .text.irq_set_exclusive_handler
                0x10001724       0x54 CMakeFiles/str_veicular_freertos.dir/C_/Users/gmira/.pico-sdk/sdk/2.1.1/src/rp2_common/hardware_irq/irq.c.obj
                0x10001724                irq_set_exclusive_handler
 .text.irq_add_shared_handler
                0x10001778      0x1f4 CMakeFiles/str_veicular_freertos.dir/C_/Users/gmira/.pico-sdk/sdk/2.1.1/src/rp2_common/hardware_irq/irq.c.obj
                0x10001778                irq_add_shared_handler
 .text.irq_remove_handler
                0x1000196c      0x1d4 CMakeFiles/str_veicular_freertos.dir/C_/Users/gmira/.pico-sdk/sdk/2.1.1/src/rp2_common/hardware_irq/irq.c.obj
                0x1000196c                irq_remove_handler
 .text.irq_set_priority
                0x10001b40       0x28 CMakeFiles/str_veicular_freertos.dir/C_/Users/gmira/.pico-sdk/sdk/2.1.1/src/rp2_common/hardware_irq/irq.c.obj
                0x10001b40                irq_set_priority
 .text.irq_add_tail_to_free_list
                0x10001b68       0xb4 CMakeFiles/str_veicular_freertos.dir/C_/Users/gmira/.pico-sdk/sdk/2.1.1/src/rp2_common/hardware_irq/irq.c.obj
                0x10001b68                irq_add_tail_to_free_list
 .text.user_irq_claim_unused
                0x10001c1c       0x2c CMakeFiles/str_veicular_freertos.dir/C_/Users/gmira/.pico-sdk/sdk/2.1.1/src/rp2_common/hardware_irq/irq.c.obj
                0x10001c1c                user_irq_claim_unused
 .text.lock_init
                0x10001c48       0x10 CMakeFiles/str_veicular_freertos.dir/C_/Users/gmira/.pico-sdk/sdk/2.1.1/src/common/pico_sync/lock_core.c.obj
                0x10001c48                lock_init
 .text.runtime_init_mutex
                0x10001c58       0x54 CMakeFiles/str_veicular_freertos.dir/C_/Users/gmira/.pico-sdk/sdk/2.1.1/src/common/pico_sync/mutex.c.obj
                0x10001c58                runtime_init_mutex
 .text.mutex_init
                0x10001cac       0x1c CMakeFiles/str_veicular_freertos.dir/C_/Users/gmira/.pico-sdk/sdk/2.1.1/src/common/pico_sync/mutex.c.obj
                0x10001cac                mutex_init
 .text.critical_section_init
                0x10001cc8       0x1c CMakeFiles/str_veicular_freertos.dir/C_/Users/gmira/.pico-sdk/sdk/2.1.1/src/common/pico_sync/critical_section.c.obj
                0x10001cc8                critical_section_init
 .text.critical_section_init_with_lock_num
                0x10001ce4       0x14 CMakeFiles/str_veicular_freertos.dir/C_/Users/gmira/.pico-sdk/sdk/2.1.1/src/common/pico_sync/critical_section.c.obj
                0x10001ce4                critical_section_init_with_lock_num
 .text.alarm_pool_irq_handler
                0x10001cf8      0x300 CMakeFiles/str_veicular_freertos.dir/C_/Users/gmira/.pico-sdk/sdk/2.1.1/src/common/pico_time/time.c.obj
 .text.sleep_until_callback
                0x10001ff8       0x24 CMakeFiles/str_veicular_freertos.dir/C_/Users/gmira/.pico-sdk/sdk/2.1.1/src/common/pico_time/time.c.obj
 .text.runtime_init_default_alarm_pool
                0x1000201c       0xdc CMakeFiles/str_veicular_freertos.dir/C_/Users/gmira/.pico-sdk/sdk/2.1.1/src/common/pico_time/time.c.obj
                0x1000201c                runtime_init_default_alarm_pool
 .text.alarm_pool_get_default
                0x100020f8        0x8 CMakeFiles/str_veicular_freertos.dir/C_/Users/gmira/.pico-sdk/sdk/2.1.1/src/common/pico_time/time.c.obj
                0x100020f8                alarm_pool_get_default
 .text.alarm_pool_add_alarm_at
                0x10002100       0xd0 CMakeFiles/str_veicular_freertos.dir/C_/Users/gmira/.pico-sdk/sdk/2.1.1/src/common/pico_time/time.c.obj
                0x10002100                alarm_pool_add_alarm_at
 .text.alarm_pool_add_alarm_at_force_in_context
                0x100021d0       0xb0 CMakeFiles/str_veicular_freertos.dir/C_/Users/gmira/.pico-sdk/sdk/2.1.1/src/common/pico_time/time.c.obj
                0x100021d0                alarm_pool_add_alarm_at_force_in_context
 .text.alarm_pool_cancel_alarm
                0x10002280       0x74 CMakeFiles/str_veicular_freertos.dir/C_/Users/gmira/.pico-sdk/sdk/2.1.1/src/common/pico_time/time.c.obj
                0x10002280                alarm_pool_cancel_alarm
 .text.alarm_pool_core_num
                0x100022f4        0x4 CMakeFiles/str_veicular_freertos.dir/C_/Users/gmira/.pico-sdk/sdk/2.1.1/src/common/pico_time/time.c.obj
                0x100022f4                alarm_pool_core_num
 .text.sleep_us
                0x100022f8       0xe8 CMakeFiles/str_veicular_freertos.dir/C_/Users/gmira/.pico-sdk/sdk/2.1.1/src/common/pico_time/time.c.obj
                0x100022f8                sleep_us
 .text.sleep_ms
                0x100023e0       0xf8 CMakeFiles/str_veicular_freertos.dir/C_/Users/gmira/.pico-sdk/sdk/2.1.1/src/common/pico_time/time.c.obj
                0x100023e0                sleep_ms
 .text.best_effort_wfe_or_timeout
                0x100024d8      0x10c CMakeFiles/str_veicular_freertos.dir/C_/Users/gmira/.pico-sdk/sdk/2.1.1/src/common/pico_time/time.c.obj
                0x100024d8                best_effort_wfe_or_timeout
 .text.timer_hardware_alarm_claim
                0x100025e4       0x14 CMakeFiles/str_veicular_freertos.dir/C_/Users/gmira/.pico-sdk/sdk/2.1.1/src/rp2_common/hardware_timer/timer.c.obj
                0x100025e4                timer_hardware_alarm_claim
 .text.timer_time_us_64
                0x100025f8       0x10 CMakeFiles/str_veicular_freertos.dir/C_/Users/gmira/.pico-sdk/sdk/2.1.1/src/rp2_common/hardware_timer/timer.c.obj
                0x100025f8                timer_time_us_64
 .text.time_us_64
                0x10002608       0x14 CMakeFiles/str_veicular_freertos.dir/C_/Users/gmira/.pico-sdk/sdk/2.1.1/src/rp2_common/hardware_timer/timer.c.obj
                0x10002608                time_us_64
 .text.busy_wait_until
                0x1000261c       0x20 CMakeFiles/str_veicular_freertos.dir/C_/Users/gmira/.pico-sdk/sdk/2.1.1/src/rp2_common/hardware_timer/timer.c.obj
                0x1000261c                busy_wait_until
 .text.clock_configure_int_divider
                0x1000263c       0xf4 CMakeFiles/str_veicular_freertos.dir/C_/Users/gmira/.pico-sdk/sdk/2.1.1/src/rp2_common/hardware_clocks/clocks.c.obj
                0x1000263c                clock_configure_int_divider
 .text.clock_configure_undivided
                0x10002730       0xe8 CMakeFiles/str_veicular_freertos.dir/C_/Users/gmira/.pico-sdk/sdk/2.1.1/src/rp2_common/hardware_clocks/clocks.c.obj
                0x10002730                clock_configure_undivided
 .text.clock_get_hz
                0x10002818        0xc CMakeFiles/str_veicular_freertos.dir/C_/Users/gmira/.pico-sdk/sdk/2.1.1/src/rp2_common/hardware_clocks/clocks.c.obj
                0x10002818                clock_get_hz
 .text.pll_init
                0x10002824       0xa4 CMakeFiles/str_veicular_freertos.dir/C_/Users/gmira/.pico-sdk/sdk/2.1.1/src/rp2_common/hardware_pll/pll.c.obj
                0x10002824                pll_init
 .text.watchdog_reboot
                0x100028c8       0x9c CMakeFiles/str_veicular_freertos.dir/C_/Users/gmira/.pico-sdk/sdk/2.1.1/src/rp2_common/hardware_watchdog/watchdog.c.obj
                0x100028c8                watchdog_reboot
 .text.tick_start
                0x10002964       0x10 CMakeFiles/str_veicular_freertos.dir/C_/Users/gmira/.pico-sdk/sdk/2.1.1/src/rp2_common/hardware_ticks/ticks.c.obj
                0x10002964                tick_start
 .text.rom_func_lookup
                0x10002974       0x10 CMakeFiles/str_veicular_freertos.dir/C_/Users/gmira/.pico-sdk/sdk/2.1.1/src/rp2_common/pico_bootrom/bootrom.c.obj
                0x10002974                rom_func_lookup
 .text.rom_data_lookup
                0x10002984       0x10 CMakeFiles/str_veicular_freertos.dir/C_/Users/gmira/.pico-sdk/sdk/2.1.1/src/rp2_common/pico_bootrom/bootrom.c.obj
                0x10002984                rom_data_lookup
 .text.rom_funcs_lookup
                0x10002994       0x44 CMakeFiles/str_veicular_freertos.dir/C_/Users/gmira/.pico-sdk/sdk/2.1.1/src/rp2_common/pico_bootrom/bootrom.c.obj
                0x10002994                rom_funcs_lookup
 .text.rom_reset_usb_boot_extra
                0x100029d8       0x24 CMakeFiles/str_veicular_freertos.dir/C_/Users/gmira/.pico-sdk/sdk/2.1.1/src/rp2_common/pico_bootrom/bootrom.c.obj
                0x100029d8                rom_reset_usb_boot_extra
 .text.xosc_init
                0x100029fc       0x28 CMakeFiles/str_veicular_freertos.dir/C_/Users/gmira/.pico-sdk/sdk/2.1.1/src/rp2_common/hardware_xosc/xosc.c.obj
                0x100029fc                xosc_init
 .text.first_per_core_initializer
                0x10002a24        0x4 CMakeFiles/str_veicular_freertos.dir/C_/Users/gmira/.pico-sdk/sdk/2.1.1/src/rp2_common/pico_runtime/runtime.c.obj
 .text.hard_assertion_failure
                0x10002a28        0xc CMakeFiles/str_veicular_freertos.dir/C_/Users/gmira/.pico-sdk/sdk/2.1.1/src/rp2_common/pico_runtime/runtime.c.obj
                0x10002a28                hard_assertion_failure
 .text.runtime_run_initializers
                0x10002a34       0x28 CMakeFiles/str_veicular_freertos.dir/C_/Users/gmira/.pico-sdk/sdk/2.1.1/src/rp2_common/pico_runtime/runtime.c.obj
                0x10002a34                runtime_run_initializers
 .text.runtime_init_early_resets
                0x10002a5c       0x2c CMakeFiles/str_veicular_freertos.dir/C_/Users/gmira/.pico-sdk/sdk/2.1.1/src/rp2_common/pico_runtime_init/runtime_init.c.obj
                0x10002a5c                runtime_init_early_resets
 .text.runtime_init_usb_power_down
                0x10002a88       0x1c CMakeFiles/str_veicular_freertos.dir/C_/Users/gmira/.pico-sdk/sdk/2.1.1/src/rp2_common/pico_runtime_init/runtime_init.c.obj
                0x10002a88                runtime_init_usb_power_down
 .text.runtime_init_post_clock_resets
                0x10002aa4       0x20 CMakeFiles/str_veicular_freertos.dir/C_/Users/gmira/.pico-sdk/sdk/2.1.1/src/rp2_common/pico_runtime_init/runtime_init.c.obj
                0x10002aa4                runtime_init_post_clock_resets
 .text.runtime_init_rp2040_gpio_ie_disable
                0x10002ac4       0x14 CMakeFiles/str_veicular_freertos.dir/C_/Users/gmira/.pico-sdk/sdk/2.1.1/src/rp2_common/pico_runtime_init/runtime_init.c.obj
                0x10002ac4                runtime_init_rp2040_gpio_ie_disable
 .text.runtime_init_spin_locks_reset
                0x10002ad8        0x8 CMakeFiles/str_veicular_freertos.dir/C_/Users/gmira/.pico-sdk/sdk/2.1.1/src/rp2_common/pico_runtime_init/runtime_init.c.obj
                0x10002ad8                runtime_init_spin_locks_reset
 .text.runtime_init_install_ram_vector_table
                0x10002ae0       0x1c CMakeFiles/str_veicular_freertos.dir/C_/Users/gmira/.pico-sdk/sdk/2.1.1/src/rp2_common/pico_runtime_init/runtime_init.c.obj
                0x10002ae0                runtime_init_install_ram_vector_table
 .text.runtime_init_clocks
                0x10002afc       0xd8 CMakeFiles/str_veicular_freertos.dir/C_/Users/gmira/.pico-sdk/sdk/2.1.1/src/rp2_common/pico_runtime_init/runtime_init_clocks.c.obj
                0x10002afc                runtime_init_clocks
 .text          0x10002bd4       0x10 CMakeFiles/str_veicular_freertos.dir/C_/Users/gmira/.pico-sdk/sdk/2.1.1/src/rp2_common/pico_bit_ops/bit_ops_aeabi.S.obj
 .text.__wrap___aeabi_idiv
                0x10002be4       0x50 CMakeFiles/str_veicular_freertos.dir/C_/Users/gmira/.pico-sdk/sdk/2.1.1/src/rp2_common/pico_divider/divider_hardware.S.obj
                0x10002be4                __wrap___aeabi_idivmod
                0x10002be4                divmod_s32s32
                0x10002be4                div_s32s32
                0x10002be4                __wrap___aeabi_idiv
                0x10002bec                divmod_s32s32_unsafe
                0x10002c18                divmod_s32s32_savestate
 .text.__wrap___aeabi_uidiv
                0x10002c34       0x4c CMakeFiles/str_veicular_freertos.dir/C_/Users/gmira/.pico-sdk/sdk/2.1.1/src/rp2_common/pico_divider/divider_hardware.S.obj
                0x10002c34                __wrap___aeabi_uidiv
                0x10002c34                __wrap___aeabi_uidivmod
                0x10002c34                div_u32u32
                0x10002c34                divmod_u32u32
                0x10002c3c                divmod_u32u32_unsafe
                0x10002c64                divmod_u32u32_savestate
 .text.__wrap___aeabi_ldiv
                0x10002c80      0x424 CMakeFiles/str_veicular_freertos.dir/C_/Users/gmira/.pico-sdk/sdk/2.1.1/src/rp2_common/pico_divider/divider_hardware.S.obj
                0x10002c80                div_s64s64
                0x10002c80                divmod_s64s64
                0x10002c80                __wrap___aeabi_ldivmod
                0x10002cb0                divmod_u64u64
                0x10002cb0                div_u64u64
                0x10002cb0                __wrap___aeabi_uldivmod
                0x10002cc0                divmod_u64u64_savestate
                0x10002ce0                divmod_s64s64_unsafe
                0x10002d68                divmod_u64u64_unsafe
 .text.__wrap___aeabi_darithmetic
                0x100030a4       0x80 CMakeFiles/str_veicular_freertos.dir/C_/Users/gmira/.pico-sdk/sdk/2.1.1/src/rp2_common/pico_double/double_aeabi_rp2040.S.obj
                0x100030a4                __wrap___aeabi_drsub
                0x100030aa                __wrap___aeabi_dsub
                0x100030bc                __wrap___aeabi_dadd
                0x100030ce                __wrap___aeabi_ddiv
                0x1000310a                __wrap___aeabi_dmul
 .text.__wrap___aeabi_cdcmple
                0x10003124       0x6c CMakeFiles/str_veicular_freertos.dir/C_/Users/gmira/.pico-sdk/sdk/2.1.1/src/rp2_common/pico_double/double_aeabi_rp2040.S.obj
                0x10003124                __wrap___aeabi_cdrcmple
                0x10003134                __wrap___aeabi_cdcmpeq
                0x10003134                __wrap___aeabi_cdcmple
 .text.__wrap___aeabi_dcmplt
                0x10003190        0xc CMakeFiles/str_veicular_freertos.dir/C_/Users/gmira/.pico-sdk/sdk/2.1.1/src/rp2_common/pico_double/double_aeabi_rp2040.S.obj
                0x10003190                __wrap___aeabi_dcmplt
 .text.__wrap___aeabi_dcmple
                0x1000319c       0x10 CMakeFiles/str_veicular_freertos.dir/C_/Users/gmira/.pico-sdk/sdk/2.1.1/src/rp2_common/pico_double/double_aeabi_rp2040.S.obj
                0x1000319c                __wrap___aeabi_dcmple
 .text.__wrap___aeabi_dcmpge
                0x100031ac       0x10 CMakeFiles/str_veicular_freertos.dir/C_/Users/gmira/.pico-sdk/sdk/2.1.1/src/rp2_common/pico_double/double_aeabi_rp2040.S.obj
                0x100031ac                __wrap___aeabi_dcmpge
 .text.__wrap___aeabi_dcmpgt
                0x100031bc        0xa CMakeFiles/str_veicular_freertos.dir/C_/Users/gmira/.pico-sdk/sdk/2.1.1/src/rp2_common/pico_double/double_aeabi_rp2040.S.obj
                0x100031bc                __wrap___aeabi_dcmpgt
 .text.__wrap___aeabi_dcmpun
                0x100031c6       0x18 CMakeFiles/str_veicular_freertos.dir/C_/Users/gmira/.pico-sdk/sdk/2.1.1/src/rp2_common/pico_double/double_aeabi_rp2040.S.obj
                0x100031c6                __wrap___aeabi_dcmpun
 *fill*         0x100031de        0x2 
 .text.__wrap___aeabi_i2d
                0x100031e0       0x38 CMakeFiles/str_veicular_freertos.dir/C_/Users/gmira/.pico-sdk/sdk/2.1.1/src/rp2_common/pico_double/double_aeabi_rp2040.S.obj
                0x100031e0                uint2double
                0x100031e0                __wrap___aeabi_ui2d
                0x100031e8                int2double
                0x100031e8                __wrap___aeabi_i2d
 .text.__wrap___aeabi_d2iz
                0x10003218       0x48 CMakeFiles/str_veicular_freertos.dir/C_/Users/gmira/.pico-sdk/sdk/2.1.1/src/rp2_common/pico_double/double_aeabi_rp2040.S.obj
                0x10003218                double2int_z
                0x10003218                __wrap___aeabi_d2iz
 .text.__wrap___aeabi_d2uiz
                0x10003260       0x18 CMakeFiles/str_veicular_freertos.dir/C_/Users/gmira/.pico-sdk/sdk/2.1.1/src/rp2_common/pico_double/double_aeabi_rp2040.S.obj
                0x10003260                double2uint
                0x10003260                __wrap___aeabi_d2uiz
                0x10003260                double2uint_z
 .text.__aeabi_double_init
                0x10003278       0xa4 CMakeFiles/str_veicular_freertos.dir/C_/Users/gmira/.pico-sdk/sdk/2.1.1/src/rp2_common/pico_double/double_init_rom_rp2040.c.obj
                0x10003278                __aeabi_double_init
 .text.double_table_shim_on_use_helper
                0x1000331c       0x2c CMakeFiles/str_veicular_freertos.dir/C_/Users/gmira/.pico-sdk/sdk/2.1.1/src/rp2_common/pico_double/double_v1_rom_shim_rp2040.S.obj
                0x1000331c                double_table_shim_on_use_helper
 .text.__wrap___aeabi_dsub
                0x10003348       0x10 CMakeFiles/str_veicular_freertos.dir/C_/Users/gmira/.pico-sdk/sdk/2.1.1/src/rp2_common/pico_double/double_v1_rom_shim_rp2040.S.obj
                0x10003348                drsub_shim
                0x1000334e                dsub_shim
 .text.dadd_shim
                0x10003358      0x15c CMakeFiles/str_veicular_freertos.dir/C_/Users/gmira/.pico-sdk/sdk/2.1.1/src/rp2_common/pico_double/double_v1_rom_shim_rp2040.S.obj
                0x10003358                dadd_shim
 .text.dmul_shim
                0x100034b4      0x15c CMakeFiles/str_veicular_freertos.dir/C_/Users/gmira/.pico-sdk/sdk/2.1.1/src/rp2_common/pico_double/double_v1_rom_shim_rp2040.S.obj
                0x100034b4                dmul_shim
 .text.ddiv_shim
                0x10003610      0x1b0 CMakeFiles/str_veicular_freertos.dir/C_/Users/gmira/.pico-sdk/sdk/2.1.1/src/rp2_common/pico_double/double_v1_rom_shim_rp2040.S.obj
                0x10003610                ddiv_shim
 .text.double2uint_shim
                0x100037c0        0xe CMakeFiles/str_veicular_freertos.dir/C_/Users/gmira/.pico-sdk/sdk/2.1.1/src/rp2_common/pico_double/double_v1_rom_shim_rp2040.S.obj
                0x100037c0                double2uint_shim
                0x100037c2                double2ufix_shim
 *fill*         0x100037ce        0x2 
 .text.double2uint64_shim
                0x100037d0       0x70 CMakeFiles/str_veicular_freertos.dir/C_/Users/gmira/.pico-sdk/sdk/2.1.1/src/rp2_common/pico_double/double_v1_rom_shim_rp2040.S.obj
                0x100037d0                double2uint64_shim
                0x100037d2                double2ufix64_shim
                0x100037f2                d2fix_a
 .text.dunpacks
                0x10003840       0x3c CMakeFiles/str_veicular_freertos.dir/C_/Users/gmira/.pico-sdk/sdk/2.1.1/src/rp2_common/pico_double/double_v1_rom_shim_rp2040.S.obj
                0x10003840                dunpacks
 .text.__aeabi_lmul
                0x1000387c       0x32 CMakeFiles/str_veicular_freertos.dir/C_/Users/gmira/.pico-sdk/sdk/2.1.1/src/rp2_common/pico_int64_ops/pico_int64_ops_aeabi.S.obj
                0x1000387c                __wrap___aeabi_lmul
 *fill*         0x100038ae        0x2 
 .text.__wrap___aeabi_farithmetic
                0x100038b0       0x48 CMakeFiles/str_veicular_freertos.dir/C_/Users/gmira/.pico-sdk/sdk/2.1.1/src/rp2_common/pico_float/float_aeabi_rp2040.S.obj
                0x100038b0                __wrap___aeabi_frsub
                0x100038b6                __wrap___aeabi_fsub
                0x100038bc                __wrap___aeabi_fadd
                0x100038c2                __wrap___aeabi_fdiv
                0x100038ea                __wrap___aeabi_fmul
 .text.__wrap___aeabi_cfcmple
                0x100038f8       0x50 CMakeFiles/str_veicular_freertos.dir/C_/Users/gmira/.pico-sdk/sdk/2.1.1/src/rp2_common/pico_float/float_aeabi_rp2040.S.obj
                0x100038f8                __wrap___aeabi_cfrcmple
                0x10003904                __wrap___aeabi_cfcmple
                0x10003904                __wrap___aeabi_cfcmpeq
 .text.__wrap___aeabi_fcmplt
                0x10003948        0xc CMakeFiles/str_veicular_freertos.dir/C_/Users/gmira/.pico-sdk/sdk/2.1.1/src/rp2_common/pico_float/float_aeabi_rp2040.S.obj
                0x10003948                __wrap___aeabi_fcmplt
 .text.__wrap___aeabi_fcmpgt
                0x10003954        0xa CMakeFiles/str_veicular_freertos.dir/C_/Users/gmira/.pico-sdk/sdk/2.1.1/src/rp2_common/pico_float/float_aeabi_rp2040.S.obj
                0x10003954                __wrap___aeabi_fcmpgt
 .text.__wrap___aeabi_ui2f
                0x1000395e        0xa CMakeFiles/str_veicular_freertos.dir/C_/Users/gmira/.pico-sdk/sdk/2.1.1/src/rp2_common/pico_float/float_aeabi_rp2040.S.obj
                0x1000395e                __wrap___aeabi_ui2f
                0x1000395e                uint2float
 .text.__wrap___aeabi_i2f
                0x10003968       0x44 CMakeFiles/str_veicular_freertos.dir/C_/Users/gmira/.pico-sdk/sdk/2.1.1/src/rp2_common/pico_float/float_aeabi_rp2040.S.obj
                0x10003968                __wrap___aeabi_i2f
                0x10003968                int2float
 .text.__wrap___aeabi_f2iz
                0x100039ac       0x4e CMakeFiles/str_veicular_freertos.dir/C_/Users/gmira/.pico-sdk/sdk/2.1.1/src/rp2_common/pico_float/float_aeabi_rp2040.S.obj
                0x100039ac                float2int_z
                0x100039ac                __wrap___aeabi_f2iz
 *fill*         0x100039fa        0x2 
 .text.float2int
                0x100039fc       0x14 CMakeFiles/str_veicular_freertos.dir/C_/Users/gmira/.pico-sdk/sdk/2.1.1/src/rp2_common/pico_float/float_aeabi_rp2040.S.obj
                0x100039fc                float2int
 .text.__wrap___aeabi_f2uiz
                0x10003a10        0xc CMakeFiles/str_veicular_freertos.dir/C_/Users/gmira/.pico-sdk/sdk/2.1.1/src/rp2_common/pico_float/float_aeabi_rp2040.S.obj
                0x10003a10                float2uint_z
                0x10003a10                __wrap___aeabi_f2uiz
                0x10003a10                float2uint
 .text.__wrap___aeabi_f2d
                0x10003a1c       0x14 CMakeFiles/str_veicular_freertos.dir/C_/Users/gmira/.pico-sdk/sdk/2.1.1/src/rp2_common/pico_float/float_aeabi_rp2040.S.obj
                0x10003a1c                __wrap___aeabi_f2d
 .text.__aeabi_float_init
                0x10003a30       0x64 CMakeFiles/str_veicular_freertos.dir/C_/Users/gmira/.pico-sdk/sdk/2.1.1/src/rp2_common/pico_float/float_init_rom_rp2040.c.obj
                0x10003a30                __aeabi_float_init
 .text.float_table_shim_on_use_helper
                0x10003a94       0x2c CMakeFiles/str_veicular_freertos.dir/C_/Users/gmira/.pico-sdk/sdk/2.1.1/src/rp2_common/pico_float/float_v1_rom_shim_rp2040.S.obj
                0x10003a94                float_table_shim_on_use_helper
 .text.float232_shims
                0x10003ac0       0x18 CMakeFiles/str_veicular_freertos.dir/C_/Users/gmira/.pico-sdk/sdk/2.1.1/src/rp2_common/pico_float/float_v1_rom_shim_rp2040.S.obj
                0x10003ac0                float2int_shim
                0x10003ac2                float2fix_shim
 .text.float2double_shim
                0x10003ad8       0x30 CMakeFiles/str_veicular_freertos.dir/C_/Users/gmira/.pico-sdk/sdk/2.1.1/src/rp2_common/pico_float/float_v1_rom_shim_rp2040.S.obj
                0x10003ad8                float2double_shim
 .text.__wrap_malloc
                0x10003b08       0x3c CMakeFiles/str_veicular_freertos.dir/C_/Users/gmira/.pico-sdk/sdk/2.1.1/src/rp2_common/pico_malloc/malloc.c.obj
                0x10003b08                __wrap_malloc
 .text.__wrap_calloc
                0x10003b44       0x44 CMakeFiles/str_veicular_freertos.dir/C_/Users/gmira/.pico-sdk/sdk/2.1.1/src/rp2_common/pico_malloc/malloc.c.obj
                0x10003b44                __wrap_calloc
 .text.__wrap_free
                0x10003b88       0x20 CMakeFiles/str_veicular_freertos.dir/C_/Users/gmira/.pico-sdk/sdk/2.1.1/src/rp2_common/pico_malloc/malloc.c.obj
                0x10003b88                __wrap_free
 .text          0x10003ba8       0x10 CMakeFiles/str_veicular_freertos.dir/C_/Users/gmira/.pico-sdk/sdk/2.1.1/src/rp2_common/pico_mem_ops/mem_ops_aeabi.S.obj
                0x10003ba8                __aeabi_mem_init
 .text.memset   0x10003bb8        0xc CMakeFiles/str_veicular_freertos.dir/C_/Users/gmira/.pico-sdk/sdk/2.1.1/src/rp2_common/pico_mem_ops/mem_ops_aeabi.S.obj
                0x10003bb8                __wrap_memset
 .text.memcpy   0x10003bc4        0xc CMakeFiles/str_veicular_freertos.dir/C_/Users/gmira/.pico-sdk/sdk/2.1.1/src/rp2_common/pico_mem_ops/mem_ops_aeabi.S.obj
                0x10003bc4                __wrap_memcpy
                0x10003bc4                __wrap___aeabi_memcpy
 .text._out_buffer
                0x10003bd0        0x8 CMakeFiles/str_veicular_freertos.dir/C_/Users/gmira/.pico-sdk/sdk/2.1.1/src/rp2_common/pico_printf/printf.c.obj
 .text._out_null
                0x10003bd8        0x4 CMakeFiles/str_veicular_freertos.dir/C_/Users/gmira/.pico-sdk/sdk/2.1.1/src/rp2_common/pico_printf/printf.c.obj
 .text._out_rev
                0x10003bdc       0xac CMakeFiles/str_veicular_freertos.dir/C_/Users/gmira/.pico-sdk/sdk/2.1.1/src/rp2_common/pico_printf/printf.c.obj
 .text._ntoa_format
                0x10003c88      0x1cc CMakeFiles/str_veicular_freertos.dir/C_/Users/gmira/.pico-sdk/sdk/2.1.1/src/rp2_common/pico_printf/printf.c.obj
 .text._out_char
                0x10003e54       0x10 CMakeFiles/str_veicular_freertos.dir/C_/Users/gmira/.pico-sdk/sdk/2.1.1/src/rp2_common/pico_printf/printf.c.obj
 .text._out_fct
                0x10003e64       0x10 CMakeFiles/str_veicular_freertos.dir/C_/Users/gmira/.pico-sdk/sdk/2.1.1/src/rp2_common/pico_printf/printf.c.obj
 .text._ftoa    0x10003e74      0x4a8 CMakeFiles/str_veicular_freertos.dir/C_/Users/gmira/.pico-sdk/sdk/2.1.1/src/rp2_common/pico_printf/printf.c.obj
 .text._etoa    0x1000431c      0x57c CMakeFiles/str_veicular_freertos.dir/C_/Users/gmira/.pico-sdk/sdk/2.1.1/src/rp2_common/pico_printf/printf.c.obj
 .text._vsnprintf
                0x10004898      0xbe0 CMakeFiles/str_veicular_freertos.dir/C_/Users/gmira/.pico-sdk/sdk/2.1.1/src/rp2_common/pico_printf/printf.c.obj
 .text.__wrap_sprintf
                0x10005478       0x2c CMakeFiles/str_veicular_freertos.dir/C_/Users/gmira/.pico-sdk/sdk/2.1.1/src/rp2_common/pico_printf/printf.c.obj
                0x10005478                __wrap_sprintf
 .text.vfctprintf
                0x100054a4       0x24 CMakeFiles/str_veicular_freertos.dir/C_/Users/gmira/.pico-sdk/sdk/2.1.1/src/rp2_common/pico_printf/printf.c.obj
                0x100054a4                vfctprintf
 .text.weak_raw_vprintf
                0x100054c8       0x30 CMakeFiles/str_veicular_freertos.dir/C_/Users/gmira/.pico-sdk/sdk/2.1.1/src/rp2_common/pico_printf/printf.c.obj
                0x100054c8                weak_raw_vprintf
 .text._exit    0x100054f8        0x4 CMakeFiles/str_veicular_freertos.dir/C_/Users/gmira/.pico-sdk/sdk/2.1.1/src/rp2_common/pico_clib_interface/newlib_interface.c.obj
                0x100054f8                _exit
 .text._sbrk    0x100054fc       0x34 CMakeFiles/str_veicular_freertos.dir/C_/Users/gmira/.pico-sdk/sdk/2.1.1/src/rp2_common/pico_clib_interface/newlib_interface.c.obj
                0x100054fc                _sbrk
 .text.exit     0x10005530        0x8 CMakeFiles/str_veicular_freertos.dir/C_/Users/gmira/.pico-sdk/sdk/2.1.1/src/rp2_common/pico_clib_interface/newlib_interface.c.obj
                0x10005530                exit
 .text.runtime_init
                0x10005538       0x2c CMakeFiles/str_veicular_freertos.dir/C_/Users/gmira/.pico-sdk/sdk/2.1.1/src/rp2_common/pico_clib_interface/newlib_interface.c.obj
                0x10005538                runtime_init
 .text.stdio_out_chars_no_crlf
                0x10005564       0x10 CMakeFiles/str_veicular_freertos.dir/C_/Users/gmira/.pico-sdk/sdk/2.1.1/src/rp2_common/pico_stdio/stdio.c.obj
 .text.stdio_out_chars_crlf
                0x10005574       0xb0 CMakeFiles/str_veicular_freertos.dir/C_/Users/gmira/.pico-sdk/sdk/2.1.1/src/rp2_common/pico_stdio/stdio.c.obj
 .text.stdio_buffered_printer
                0x10005624       0x64 CMakeFiles/str_veicular_freertos.dir/C_/Users/gmira/.pico-sdk/sdk/2.1.1/src/rp2_common/pico_stdio/stdio.c.obj
 .text.stdio_put_string
                0x10005688       0xfc CMakeFiles/str_veicular_freertos.dir/C_/Users/gmira/.pico-sdk/sdk/2.1.1/src/rp2_common/pico_stdio/stdio.c.obj
                0x10005688                stdio_put_string
 .text.stdio_set_driver_enabled
                0x10005784       0x30 CMakeFiles/str_veicular_freertos.dir/C_/Users/gmira/.pico-sdk/sdk/2.1.1/src/rp2_common/pico_stdio/stdio.c.obj
                0x10005784                stdio_set_driver_enabled
 .text.stdio_init_all
                0x100057b4        0x8 CMakeFiles/str_veicular_freertos.dir/C_/Users/gmira/.pico-sdk/sdk/2.1.1/src/rp2_common/pico_stdio/stdio.c.obj
                0x100057b4                stdio_init_all
 .text.__wrap_putchar
                0x100057bc       0x94 CMakeFiles/str_veicular_freertos.dir/C_/Users/gmira/.pico-sdk/sdk/2.1.1/src/rp2_common/pico_stdio/stdio.c.obj
                0x100057bc                __wrap_putchar
                0x100057bc                stdio_putchar
 .text.__wrap_puts
                0x10005850       0x3c CMakeFiles/str_veicular_freertos.dir/C_/Users/gmira/.pico-sdk/sdk/2.1.1/src/rp2_common/pico_stdio/stdio.c.obj
                0x10005850                stdio_puts
                0x10005850                __wrap_puts
 .text.__wrap_vprintf
                0x1000588c       0xcc CMakeFiles/str_veicular_freertos.dir/C_/Users/gmira/.pico-sdk/sdk/2.1.1/src/rp2_common/pico_stdio/stdio.c.obj
                0x1000588c                stdio_vprintf
                0x1000588c                __wrap_vprintf
 .text.__wrap_printf
                0x10005958       0x18 CMakeFiles/str_veicular_freertos.dir/C_/Users/gmira/.pico-sdk/sdk/2.1.1/src/rp2_common/pico_stdio/stdio.c.obj
                0x10005958                __wrap_printf
                0x10005958                stdio_printf
 .text.resetd_init
                0x10005970        0x4 CMakeFiles/str_veicular_freertos.dir/C_/Users/gmira/.pico-sdk/sdk/2.1.1/src/rp2_common/pico_stdio_usb/reset_interface.c.obj
 .text.resetd_reset
                0x10005974        0xc CMakeFiles/str_veicular_freertos.dir/C_/Users/gmira/.pico-sdk/sdk/2.1.1/src/rp2_common/pico_stdio_usb/reset_interface.c.obj
 .text.resetd_open
                0x10005980       0x28 CMakeFiles/str_veicular_freertos.dir/C_/Users/gmira/.pico-sdk/sdk/2.1.1/src/rp2_common/pico_stdio_usb/reset_interface.c.obj
 .text.resetd_xfer_cb
                0x100059a8        0x4 CMakeFiles/str_veicular_freertos.dir/C_/Users/gmira/.pico-sdk/sdk/2.1.1/src/rp2_common/pico_stdio_usb/reset_interface.c.obj
 .text.resetd_control_xfer_cb
                0x100059ac       0x54 CMakeFiles/str_veicular_freertos.dir/C_/Users/gmira/.pico-sdk/sdk/2.1.1/src/rp2_common/pico_stdio_usb/reset_interface.c.obj
 .text.tud_descriptor_bos_cb
                0x10005a00        0x8 CMakeFiles/str_veicular_freertos.dir/C_/Users/gmira/.pico-sdk/sdk/2.1.1/src/rp2_common/pico_stdio_usb/reset_interface.c.obj
                0x10005a00                tud_descriptor_bos_cb
 .text.tud_vendor_control_xfer_cb
                0x10005a08       0x34 CMakeFiles/str_veicular_freertos.dir/C_/Users/gmira/.pico-sdk/sdk/2.1.1/src/rp2_common/pico_stdio_usb/reset_interface.c.obj
                0x10005a08                tud_vendor_control_xfer_cb
 .text.usbd_app_driver_get_cb
                0x10005a3c        0xc CMakeFiles/str_veicular_freertos.dir/C_/Users/gmira/.pico-sdk/sdk/2.1.1/src/rp2_common/pico_stdio_usb/reset_interface.c.obj
                0x10005a3c                usbd_app_driver_get_cb
 .text.tud_cdc_line_coding_cb
                0x10005a48       0x2c CMakeFiles/str_veicular_freertos.dir/C_/Users/gmira/.pico-sdk/sdk/2.1.1/src/rp2_common/pico_stdio_usb/reset_interface.c.obj
                0x10005a48                tud_cdc_line_coding_cb
 .text.stdio_usb_set_chars_available_callback
                0x10005a74       0x14 CMakeFiles/str_veicular_freertos.dir/C_/Users/gmira/.pico-sdk/sdk/2.1.1/src/rp2_common/pico_stdio_usb/stdio_usb.c.obj
                0x10005a74                stdio_usb_set_chars_available_callback
 .text.usb_irq  0x10005a88       0x10 CMakeFiles/str_veicular_freertos.dir/C_/Users/gmira/.pico-sdk/sdk/2.1.1/src/rp2_common/pico_stdio_usb/stdio_usb.c.obj
 .text.timer_task
                0x10005a98       0x64 CMakeFiles/str_veicular_freertos.dir/C_/Users/gmira/.pico-sdk/sdk/2.1.1/src/rp2_common/pico_stdio_usb/stdio_usb.c.obj
 .text.stdio_usb_in_chars
                0x10005afc       0x8c CMakeFiles/str_veicular_freertos.dir/C_/Users/gmira/.pico-sdk/sdk/2.1.1/src/rp2_common/pico_stdio_usb/stdio_usb.c.obj
                0x10005afc                stdio_usb_in_chars
 .text.stdio_usb_out_flush
                0x10005b88       0x4c CMakeFiles/str_veicular_freertos.dir/C_/Users/gmira/.pico-sdk/sdk/2.1.1/src/rp2_common/pico_stdio_usb/stdio_usb.c.obj
 .text.stdio_usb_out_chars
                0x10005bd4      0x100 CMakeFiles/str_veicular_freertos.dir/C_/Users/gmira/.pico-sdk/sdk/2.1.1/src/rp2_common/pico_stdio_usb/stdio_usb.c.obj
 .text.low_priority_worker_irq
                0x10005cd4       0xc8 CMakeFiles/str_veicular_freertos.dir/C_/Users/gmira/.pico-sdk/sdk/2.1.1/src/rp2_common/pico_stdio_usb/stdio_usb.c.obj
 .text.stdio_usb_init
                0x10005d9c       0xe8 CMakeFiles/str_veicular_freertos.dir/C_/Users/gmira/.pico-sdk/sdk/2.1.1/src/rp2_common/pico_stdio_usb/stdio_usb.c.obj
                0x10005d9c                stdio_usb_init
 .text.tud_descriptor_device_cb
                0x10005e84        0x8 CMakeFiles/str_veicular_freertos.dir/C_/Users/gmira/.pico-sdk/sdk/2.1.1/src/rp2_common/pico_stdio_usb/stdio_usb_descriptors.c.obj
                0x10005e84                tud_descriptor_device_cb
 .text.tud_descriptor_configuration_cb
                0x10005e8c        0x8 CMakeFiles/str_veicular_freertos.dir/C_/Users/gmira/.pico-sdk/sdk/2.1.1/src/rp2_common/pico_stdio_usb/stdio_usb_descriptors.c.obj
                0x10005e8c                tud_descriptor_configuration_cb
 .text.tud_descriptor_string_cb
                0x10005e94       0x78 CMakeFiles/str_veicular_freertos.dir/C_/Users/gmira/.pico-sdk/sdk/2.1.1/src/rp2_common/pico_stdio_usb/stdio_usb_descriptors.c.obj
                0x10005e94                tud_descriptor_string_cb
 .text.startup._retrieve_unique_id_on_boot
                0x10005f0c       0x10 CMakeFiles/str_veicular_freertos.dir/C_/Users/gmira/.pico-sdk/sdk/2.1.1/src/rp2_common/pico_unique_id/unique_id.c.obj
 .text.pico_get_unique_board_id_string
                0x10005f1c      0x1a8 CMakeFiles/str_veicular_freertos.dir/C_/Users/gmira/.pico-sdk/sdk/2.1.1/src/rp2_common/pico_unique_id/unique_id.c.obj
                0x10005f1c                pico_get_unique_board_id_string
 .text.flash_get_unique_id
                0x100060c4       0x3c CMakeFiles/str_veicular_freertos.dir/C_/Users/gmira/.pico-sdk/sdk/2.1.1/src/rp2_common/hardware_flash/flash.c.obj
                0x100060c4                flash_get_unique_id
 .text.dcd_init
                0x10006100       0x90 CMakeFiles/str_veicular_freertos.dir/C_/Users/gmira/.pico-sdk/sdk/2.1.1/lib/tinyusb/src/portable/raspberrypi/rp2040/dcd_rp2040.c.obj
                0x10006100                dcd_init
 .text.dcd_int_enable
                0x10006190        0xc CMakeFiles/str_veicular_freertos.dir/C_/Users/gmira/.pico-sdk/sdk/2.1.1/lib/tinyusb/src/portable/raspberrypi/rp2040/dcd_rp2040.c.obj
                0x10006190                dcd_int_enable
 .text.dcd_set_address
                0x1000619c       0x14 CMakeFiles/str_veicular_freertos.dir/C_/Users/gmira/.pico-sdk/sdk/2.1.1/lib/tinyusb/src/portable/raspberrypi/rp2040/dcd_rp2040.c.obj
                0x1000619c                dcd_set_address
 .text.dcd_sof_enable
                0x100061b0       0x1c CMakeFiles/str_veicular_freertos.dir/C_/Users/gmira/.pico-sdk/sdk/2.1.1/lib/tinyusb/src/portable/raspberrypi/rp2040/dcd_rp2040.c.obj
                0x100061b0                dcd_sof_enable
 .text.dcd_edpt0_status_complete
                0x100061cc       0x1c CMakeFiles/str_veicular_freertos.dir/C_/Users/gmira/.pico-sdk/sdk/2.1.1/lib/tinyusb/src/portable/raspberrypi/rp2040/dcd_rp2040.c.obj
                0x100061cc                dcd_edpt0_status_complete
 .text.dcd_edpt_open
                0x100061e8      0x114 CMakeFiles/str_veicular_freertos.dir/C_/Users/gmira/.pico-sdk/sdk/2.1.1/lib/tinyusb/src/portable/raspberrypi/rp2040/dcd_rp2040.c.obj
                0x100061e8                dcd_edpt_open
 .text.dcd_edpt_close_all
                0x100062fc        0x8 CMakeFiles/str_veicular_freertos.dir/C_/Users/gmira/.pico-sdk/sdk/2.1.1/lib/tinyusb/src/portable/raspberrypi/rp2040/dcd_rp2040.c.obj
                0x100062fc                dcd_edpt_close_all
 .text.dcd_edpt_xfer
                0x10006304       0x24 CMakeFiles/str_veicular_freertos.dir/C_/Users/gmira/.pico-sdk/sdk/2.1.1/lib/tinyusb/src/portable/raspberrypi/rp2040/dcd_rp2040.c.obj
                0x10006304                dcd_edpt_xfer
 .text.dcd_edpt_stall
                0x10006328       0x3c CMakeFiles/str_veicular_freertos.dir/C_/Users/gmira/.pico-sdk/sdk/2.1.1/lib/tinyusb/src/portable/raspberrypi/rp2040/dcd_rp2040.c.obj
                0x10006328                dcd_edpt_stall
 .text.dcd_edpt_clear_stall
                0x10006364       0x30 CMakeFiles/str_veicular_freertos.dir/C_/Users/gmira/.pico-sdk/sdk/2.1.1/lib/tinyusb/src/portable/raspberrypi/rp2040/dcd_rp2040.c.obj
                0x10006364                dcd_edpt_clear_stall
 .text.rp2040_usb_init
                0x10006394       0x40 CMakeFiles/str_veicular_freertos.dir/C_/Users/gmira/.pico-sdk/sdk/2.1.1/lib/tinyusb/src/portable/raspberrypi/rp2040/rp2040_usb.c.obj
                0x10006394                rp2040_usb_init
 .text.hw_endpoint_xfer_start
                0x100063d4       0x40 CMakeFiles/str_veicular_freertos.dir/C_/Users/gmira/.pico-sdk/sdk/2.1.1/lib/tinyusb/src/portable/raspberrypi/rp2040/rp2040_usb.c.obj
                0x100063d4                hw_endpoint_xfer_start
 .text.tud_event_hook_cb
                0x10006414        0x4 CMakeFiles/str_veicular_freertos.dir/C_/Users/gmira/.pico-sdk/sdk/2.1.1/lib/tinyusb/src/device/usbd.c.obj
                0x10006414                tud_event_hook_cb
 .text.tud_sof_cb
                0x10006418        0x4 CMakeFiles/str_veicular_freertos.dir/C_/Users/gmira/.pico-sdk/sdk/2.1.1/lib/tinyusb/src/device/usbd.c.obj
                0x10006418                tud_sof_cb
 .text.tud_descriptor_device_qualifier_cb
                0x1000641c        0x4 CMakeFiles/str_veicular_freertos.dir/C_/Users/gmira/.pico-sdk/sdk/2.1.1/lib/tinyusb/src/device/usbd.c.obj
                0x1000641c                tud_descriptor_device_qualifier_cb
 .text.tud_descriptor_other_speed_configuration_cb
                0x10006420        0x4 CMakeFiles/str_veicular_freertos.dir/C_/Users/gmira/.pico-sdk/sdk/2.1.1/lib/tinyusb/src/device/usbd.c.obj
                0x10006420                tud_descriptor_other_speed_configuration_cb
 .text.tud_mount_cb
                0x10006424        0x4 CMakeFiles/str_veicular_freertos.dir/C_/Users/gmira/.pico-sdk/sdk/2.1.1/lib/tinyusb/src/device/usbd.c.obj
                0x10006424                tud_mount_cb
 .text.tud_umount_cb
                0x10006428        0x4 CMakeFiles/str_veicular_freertos.dir/C_/Users/gmira/.pico-sdk/sdk/2.1.1/lib/tinyusb/src/device/usbd.c.obj
                0x10006428                tud_umount_cb
 .text.tud_suspend_cb
                0x1000642c        0x4 CMakeFiles/str_veicular_freertos.dir/C_/Users/gmira/.pico-sdk/sdk/2.1.1/lib/tinyusb/src/device/usbd.c.obj
                0x1000642c                tud_suspend_cb
 .text.tud_resume_cb
                0x10006430        0x4 CMakeFiles/str_veicular_freertos.dir/C_/Users/gmira/.pico-sdk/sdk/2.1.1/lib/tinyusb/src/device/usbd.c.obj
                0x10006430                tud_resume_cb
 .text.tud_mounted
                0x10006434       0x10 CMakeFiles/str_veicular_freertos.dir/C_/Users/gmira/.pico-sdk/sdk/2.1.1/lib/tinyusb/src/device/usbd.c.obj
                0x10006434                tud_mounted
 .text.tud_suspended
                0x10006444       0x10 CMakeFiles/str_veicular_freertos.dir/C_/Users/gmira/.pico-sdk/sdk/2.1.1/lib/tinyusb/src/device/usbd.c.obj
                0x10006444                tud_suspended
 .text.tud_rhport_init
                0x10006454       0xf4 CMakeFiles/str_veicular_freertos.dir/C_/Users/gmira/.pico-sdk/sdk/2.1.1/lib/tinyusb/src/device/usbd.c.obj
                0x10006454                tud_rhport_init
 .text.tud_task_ext
                0x10006548      0x800 CMakeFiles/str_veicular_freertos.dir/C_/Users/gmira/.pico-sdk/sdk/2.1.1/lib/tinyusb/src/device/usbd.c.obj
                0x10006548                tud_task_ext
 .text.usbd_open_edpt_pair
                0x10006d48       0x9c CMakeFiles/str_veicular_freertos.dir/C_/Users/gmira/.pico-sdk/sdk/2.1.1/lib/tinyusb/src/device/usbd.c.obj
                0x10006d48                usbd_open_edpt_pair
 .text.usbd_edpt_open
                0x10006de4       0x34 CMakeFiles/str_veicular_freertos.dir/C_/Users/gmira/.pico-sdk/sdk/2.1.1/lib/tinyusb/src/device/usbd.c.obj
                0x10006de4                usbd_edpt_open
 .text.usbd_edpt_claim
                0x10006e18       0x28 CMakeFiles/str_veicular_freertos.dir/C_/Users/gmira/.pico-sdk/sdk/2.1.1/lib/tinyusb/src/device/usbd.c.obj
                0x10006e18                usbd_edpt_claim
 .text.usbd_edpt_release
                0x10006e40       0x28 CMakeFiles/str_veicular_freertos.dir/C_/Users/gmira/.pico-sdk/sdk/2.1.1/lib/tinyusb/src/device/usbd.c.obj
                0x10006e40                usbd_edpt_release
 .text.usbd_edpt_xfer
                0x10006e68       0x4c CMakeFiles/str_veicular_freertos.dir/C_/Users/gmira/.pico-sdk/sdk/2.1.1/lib/tinyusb/src/device/usbd.c.obj
                0x10006e68                usbd_edpt_xfer
 .text.tud_control_status
                0x10006eb4       0x2c CMakeFiles/str_veicular_freertos.dir/C_/Users/gmira/.pico-sdk/sdk/2.1.1/lib/tinyusb/src/device/usbd_control.c.obj
                0x10006eb4                tud_control_status
 .text.tud_control_xfer
                0x10006ee0       0xa8 CMakeFiles/str_veicular_freertos.dir/C_/Users/gmira/.pico-sdk/sdk/2.1.1/lib/tinyusb/src/device/usbd_control.c.obj
                0x10006ee0                tud_control_xfer
 .text.usbd_control_reset
                0x10006f88       0x14 CMakeFiles/str_veicular_freertos.dir/C_/Users/gmira/.pico-sdk/sdk/2.1.1/lib/tinyusb/src/device/usbd_control.c.obj
                0x10006f88                usbd_control_reset
 .text.usbd_control_set_complete_callback
                0x10006f9c        0xc CMakeFiles/str_veicular_freertos.dir/C_/Users/gmira/.pico-sdk/sdk/2.1.1/lib/tinyusb/src/device/usbd_control.c.obj
                0x10006f9c                usbd_control_set_complete_callback
 .text.usbd_control_set_request
                0x10006fa8       0x1c CMakeFiles/str_veicular_freertos.dir/C_/Users/gmira/.pico-sdk/sdk/2.1.1/lib/tinyusb/src/device/usbd_control.c.obj
                0x10006fa8                usbd_control_set_request
 .text.usbd_control_xfer_cb
                0x10006fc4       0xec CMakeFiles/str_veicular_freertos.dir/C_/Users/gmira/.pico-sdk/sdk/2.1.1/lib/tinyusb/src/device/usbd_control.c.obj
                0x10006fc4                usbd_control_xfer_cb
 .text._prep_out_transaction.isra.0
                0x100070b0       0x6c CMakeFiles/str_veicular_freertos.dir/C_/Users/gmira/.pico-sdk/sdk/2.1.1/lib/tinyusb/src/class/cdc/cdc_device.c.obj
 .text.tud_cdc_n_connected
                0x1000711c       0x2c CMakeFiles/str_veicular_freertos.dir/C_/Users/gmira/.pico-sdk/sdk/2.1.1/lib/tinyusb/src/class/cdc/cdc_device.c.obj
                0x1000711c                tud_cdc_n_connected
 .text.tud_cdc_n_available
                0x10007148       0x14 CMakeFiles/str_veicular_freertos.dir/C_/Users/gmira/.pico-sdk/sdk/2.1.1/lib/tinyusb/src/class/cdc/cdc_device.c.obj
                0x10007148                tud_cdc_n_available
 .text.tud_cdc_n_read
                0x1000715c       0x88 CMakeFiles/str_veicular_freertos.dir/C_/Users/gmira/.pico-sdk/sdk/2.1.1/lib/tinyusb/src/class/cdc/cdc_device.c.obj
                0x1000715c                tud_cdc_n_read
 .text.tud_cdc_n_write_flush
                0x100071e4       0x74 CMakeFiles/str_veicular_freertos.dir/C_/Users/gmira/.pico-sdk/sdk/2.1.1/lib/tinyusb/src/class/cdc/cdc_device.c.obj
                0x100071e4                tud_cdc_n_write_flush
 .text.tud_cdc_n_write
                0x10007258       0x40 CMakeFiles/str_veicular_freertos.dir/C_/Users/gmira/.pico-sdk/sdk/2.1.1/lib/tinyusb/src/class/cdc/cdc_device.c.obj
                0x10007258                tud_cdc_n_write
 .text.tud_cdc_n_write_available
                0x10007298       0x14 CMakeFiles/str_veicular_freertos.dir/C_/Users/gmira/.pico-sdk/sdk/2.1.1/lib/tinyusb/src/class/cdc/cdc_device.c.obj
                0x10007298                tud_cdc_n_write_available
 .text.cdcd_init
                0x100072ac       0x70 CMakeFiles/str_veicular_freertos.dir/C_/Users/gmira/.pico-sdk/sdk/2.1.1/lib/tinyusb/src/class/cdc/cdc_device.c.obj
                0x100072ac                cdcd_init
 .text.cdcd_deinit
                0x1000731c       0x30 CMakeFiles/str_veicular_freertos.dir/C_/Users/gmira/.pico-sdk/sdk/2.1.1/lib/tinyusb/src/class/cdc/cdc_device.c.obj
                0x1000731c                cdcd_deinit
 .text.cdcd_reset
                0x1000734c       0x4c CMakeFiles/str_veicular_freertos.dir/C_/Users/gmira/.pico-sdk/sdk/2.1.1/lib/tinyusb/src/class/cdc/cdc_device.c.obj
                0x1000734c                cdcd_reset
 .text.cdcd_open
                0x10007398       0xa4 CMakeFiles/str_veicular_freertos.dir/C_/Users/gmira/.pico-sdk/sdk/2.1.1/lib/tinyusb/src/class/cdc/cdc_device.c.obj
                0x10007398                cdcd_open
 .text.cdcd_control_xfer_cb
                0x1000743c       0xe8 CMakeFiles/str_veicular_freertos.dir/C_/Users/gmira/.pico-sdk/sdk/2.1.1/lib/tinyusb/src/class/cdc/cdc_device.c.obj
                0x1000743c                cdcd_control_xfer_cb
 .text.cdcd_xfer_cb
                0x10007524      0x100 CMakeFiles/str_veicular_freertos.dir/C_/Users/gmira/.pico-sdk/sdk/2.1.1/lib/tinyusb/src/class/cdc/cdc_device.c.obj
                0x10007524                cdcd_xfer_cb
 .text.vendord_init
                0x10007624       0x5c CMakeFiles/str_veicular_freertos.dir/C_/Users/gmira/.pico-sdk/sdk/2.1.1/lib/tinyusb/src/class/vendor/vendor_device.c.obj
                0x10007624                vendord_init
 .text.vendord_deinit
                0x10007680       0x1c CMakeFiles/str_veicular_freertos.dir/C_/Users/gmira/.pico-sdk/sdk/2.1.1/lib/tinyusb/src/class/vendor/vendor_device.c.obj
                0x10007680                vendord_deinit
 .text.vendord_reset
                0x1000769c       0x28 CMakeFiles/str_veicular_freertos.dir/C_/Users/gmira/.pico-sdk/sdk/2.1.1/lib/tinyusb/src/class/vendor/vendor_device.c.obj
                0x1000769c                vendord_reset
 .text.vendord_open
                0x100076c4      0x120 CMakeFiles/str_veicular_freertos.dir/C_/Users/gmira/.pico-sdk/sdk/2.1.1/lib/tinyusb/src/class/vendor/vendor_device.c.obj
                0x100076c4                vendord_open
 .text.vendord_xfer_cb
                0x100077e4       0x9c CMakeFiles/str_veicular_freertos.dir/C_/Users/gmira/.pico-sdk/sdk/2.1.1/lib/tinyusb/src/class/vendor/vendor_device.c.obj
                0x100077e4                vendord_xfer_cb
 .text.tusb_rhport_init
                0x10007880       0x4c CMakeFiles/str_veicular_freertos.dir/C_/Users/gmira/.pico-sdk/sdk/2.1.1/lib/tinyusb/src/tusb.c.obj
                0x10007880                tusb_rhport_init
 .text.tu_edpt_claim
                0x100078cc       0x50 CMakeFiles/str_veicular_freertos.dir/C_/Users/gmira/.pico-sdk/sdk/2.1.1/lib/tinyusb/src/tusb.c.obj
                0x100078cc                tu_edpt_claim
 .text.tu_edpt_release
                0x1000791c       0x38 CMakeFiles/str_veicular_freertos.dir/C_/Users/gmira/.pico-sdk/sdk/2.1.1/lib/tinyusb/src/tusb.c.obj
                0x1000791c                tu_edpt_release
 .text.tu_edpt_validate
                0x10007954       0x7c CMakeFiles/str_veicular_freertos.dir/C_/Users/gmira/.pico-sdk/sdk/2.1.1/lib/tinyusb/src/tusb.c.obj
                0x10007954                tu_edpt_validate
 .text.tu_edpt_bind_driver
                0x100079d0       0x34 CMakeFiles/str_veicular_freertos.dir/C_/Users/gmira/.pico-sdk/sdk/2.1.1/lib/tinyusb/src/tusb.c.obj
                0x100079d0                tu_edpt_bind_driver
 .text.tu_edpt_stream_init
                0x10007a04       0x6c CMakeFiles/str_veicular_freertos.dir/C_/Users/gmira/.pico-sdk/sdk/2.1.1/lib/tinyusb/src/tusb.c.obj
                0x10007a04                tu_edpt_stream_init
 .text.tu_edpt_stream_deinit
                0x10007a70        0x4 CMakeFiles/str_veicular_freertos.dir/C_/Users/gmira/.pico-sdk/sdk/2.1.1/lib/tinyusb/src/tusb.c.obj
                0x10007a70                tu_edpt_stream_deinit
 .text.tu_edpt_stream_write_zlp_if_needed
                0x10007a74       0x68 CMakeFiles/str_veicular_freertos.dir/C_/Users/gmira/.pico-sdk/sdk/2.1.1/lib/tinyusb/src/tusb.c.obj
                0x10007a74                tu_edpt_stream_write_zlp_if_needed
 .text.tu_edpt_stream_write_xfer
                0x10007adc       0x68 CMakeFiles/str_veicular_freertos.dir/C_/Users/gmira/.pico-sdk/sdk/2.1.1/lib/tinyusb/src/tusb.c.obj
                0x10007adc                tu_edpt_stream_write_xfer
 .text.tu_edpt_stream_read_xfer
                0x10007b44       0xd8 CMakeFiles/str_veicular_freertos.dir/C_/Users/gmira/.pico-sdk/sdk/2.1.1/lib/tinyusb/src/tusb.c.obj
                0x10007b44                tu_edpt_stream_read_xfer
 .text.tu_fifo_config
                0x10007c1c       0x6c CMakeFiles/str_veicular_freertos.dir/C_/Users/gmira/.pico-sdk/sdk/2.1.1/lib/tinyusb/src/common/tusb_fifo.c.obj
                0x10007c1c                tu_fifo_config
 .text.tu_fifo_count
                0x10007c88       0x2c CMakeFiles/str_veicular_freertos.dir/C_/Users/gmira/.pico-sdk/sdk/2.1.1/lib/tinyusb/src/common/tusb_fifo.c.obj
                0x10007c88                tu_fifo_count
 .text.tu_fifo_empty
                0x10007cb4       0x10 CMakeFiles/str_veicular_freertos.dir/C_/Users/gmira/.pico-sdk/sdk/2.1.1/lib/tinyusb/src/common/tusb_fifo.c.obj
                0x10007cb4                tu_fifo_empty
 .text.tu_fifo_remaining
                0x10007cc4       0x2c CMakeFiles/str_veicular_freertos.dir/C_/Users/gmira/.pico-sdk/sdk/2.1.1/lib/tinyusb/src/common/tusb_fifo.c.obj
                0x10007cc4                tu_fifo_remaining
 .text.tu_fifo_read
                0x10007cf0       0x9c CMakeFiles/str_veicular_freertos.dir/C_/Users/gmira/.pico-sdk/sdk/2.1.1/lib/tinyusb/src/common/tusb_fifo.c.obj
                0x10007cf0                tu_fifo_read
 .text.tu_fifo_read_n
                0x10007d8c       0xe8 CMakeFiles/str_veicular_freertos.dir/C_/Users/gmira/.pico-sdk/sdk/2.1.1/lib/tinyusb/src/common/tusb_fifo.c.obj
                0x10007d8c                tu_fifo_read_n
 .text.tu_fifo_write
                0x10007e74       0xa4 CMakeFiles/str_veicular_freertos.dir/C_/Users/gmira/.pico-sdk/sdk/2.1.1/lib/tinyusb/src/common/tusb_fifo.c.obj
                0x10007e74                tu_fifo_write
 .text.tu_fifo_write_n
                0x10007f18      0x178 CMakeFiles/str_veicular_freertos.dir/C_/Users/gmira/.pico-sdk/sdk/2.1.1/lib/tinyusb/src/common/tusb_fifo.c.obj
                0x10007f18                tu_fifo_write_n
 .text.tu_fifo_clear
                0x10008090       0x40 CMakeFiles/str_veicular_freertos.dir/C_/Users/gmira/.pico-sdk/sdk/2.1.1/lib/tinyusb/src/common/tusb_fifo.c.obj
                0x10008090                tu_fifo_clear
 .text.tu_fifo_set_overwritable
                0x100080d0       0x48 CMakeFiles/str_veicular_freertos.dir/C_/Users/gmira/.pico-sdk/sdk/2.1.1/lib/tinyusb/src/common/tusb_fifo.c.obj
                0x100080d0                tu_fifo_set_overwritable
 .text.i2c_write_blocking_internal.constprop.0
                0x10008118       0xf8 CMakeFiles/str_veicular_freertos.dir/C_/Users/gmira/.pico-sdk/sdk/2.1.1/src/rp2_common/hardware_i2c/i2c.c.obj
 .text.i2c_set_baudrate
                0x10008210       0xc0 CMakeFiles/str_veicular_freertos.dir/C_/Users/gmira/.pico-sdk/sdk/2.1.1/src/rp2_common/hardware_i2c/i2c.c.obj
                0x10008210                i2c_set_baudrate
 .text.i2c_init
                0x100082d0       0x50 CMakeFiles/str_veicular_freertos.dir/C_/Users/gmira/.pico-sdk/sdk/2.1.1/src/rp2_common/hardware_i2c/i2c.c.obj
                0x100082d0                i2c_init
 .text.i2c_write_blocking
                0x10008320       0x14 CMakeFiles/str_veicular_freertos.dir/C_/Users/gmira/.pico-sdk/sdk/2.1.1/src/rp2_common/hardware_i2c/i2c.c.obj
                0x10008320                i2c_write_blocking
 .text.pio_claim_unused_sm
                0x10008334       0x38 CMakeFiles/str_veicular_freertos.dir/C_/Users/gmira/.pico-sdk/sdk/2.1.1/src/rp2_common/hardware_pio/pio.c.obj
                0x10008334                pio_claim_unused_sm
 .text.pio_add_program
                0x1000836c       0xf8 CMakeFiles/str_veicular_freertos.dir/C_/Users/gmira/.pico-sdk/sdk/2.1.1/src/rp2_common/hardware_pio/pio.c.obj
                0x1000836c                pio_add_program
 .text.pio_sm_set_consecutive_pindirs
                0x10008464       0xb4 CMakeFiles/str_veicular_freertos.dir/C_/Users/gmira/.pico-sdk/sdk/2.1.1/src/rp2_common/hardware_pio/pio.c.obj
                0x10008464                pio_sm_set_consecutive_pindirs
 .text.pio_sm_init
                0x10008518       0x9c CMakeFiles/str_veicular_freertos.dir/C_/Users/gmira/.pico-sdk/sdk/2.1.1/src/rp2_common/hardware_pio/pio.c.obj
                0x10008518                pio_sm_init
 .text.adc_init
                0x100085b4       0x38 CMakeFiles/str_veicular_freertos.dir/C_/Users/gmira/.pico-sdk/sdk/2.1.1/src/rp2_common/hardware_adc/adc.c.obj
                0x100085b4                adc_init
 .text.pvPortMalloc
                0x100085ec      0x124 CMakeFiles/str_veicular_freertos.dir/FreeRTOS/portable/MemMang/heap_4.c.obj
                0x100085ec                pvPortMalloc
 .text.vPortFree
                0x10008710       0x98 CMakeFiles/str_veicular_freertos.dir/FreeRTOS/portable/MemMang/heap_4.c.obj
                0x10008710                vPortFree
 *fill*         0x100087a8        0x8 
 .text.vPortStartFirstTask
                0x100087b0       0x34 CMakeFiles/str_veicular_freertos.dir/FreeRTOS/portable/ThirdParty/GCC/RP2040/port.c.obj
 *fill*         0x100087e4        0xc 
 .text.xPortPendSVHandler
                0x100087f0       0x64 CMakeFiles/str_veicular_freertos.dir/FreeRTOS/portable/ThirdParty/GCC/RP2040/port.c.obj
                0x100087f0                xPortPendSVHandler
 .text.prvTaskExitError
                0x10008854        0x8 CMakeFiles/str_veicular_freertos.dir/FreeRTOS/portable/ThirdParty/GCC/RP2040/port.c.obj
 .text.prvFIFOInterruptHandler
                0x1000885c       0x78 CMakeFiles/str_veicular_freertos.dir/FreeRTOS/portable/ThirdParty/GCC/RP2040/port.c.obj
 .text.vPortSVCHandler
                0x100088d4        0x4 CMakeFiles/str_veicular_freertos.dir/FreeRTOS/portable/ThirdParty/GCC/RP2040/port.c.obj
                0x100088d4                vPortSVCHandler
 .text.pxPortInitialiseStack
                0x100088d8       0x20 CMakeFiles/str_veicular_freertos.dir/FreeRTOS/portable/ThirdParty/GCC/RP2040/port.c.obj
                0x100088d8                pxPortInitialiseStack
 .text.vPortYield
                0x100088f8       0x18 CMakeFiles/str_veicular_freertos.dir/FreeRTOS/portable/ThirdParty/GCC/RP2040/port.c.obj
                0x100088f8                vPortYield
 .text.vPortEnterCritical
                0x10008910       0x18 CMakeFiles/str_veicular_freertos.dir/FreeRTOS/portable/ThirdParty/GCC/RP2040/port.c.obj
                0x10008910                vPortEnterCritical
 .text.vPortExitCritical
                0x10008928       0x14 CMakeFiles/str_veicular_freertos.dir/FreeRTOS/portable/ThirdParty/GCC/RP2040/port.c.obj
                0x10008928                vPortExitCritical
 .text.ulSetInterruptMaskFromISR
                0x1000893c        0x8 CMakeFiles/str_veicular_freertos.dir/FreeRTOS/portable/ThirdParty/GCC/RP2040/port.c.obj
                0x1000893c                ulSetInterruptMaskFromISR
 .text.vClearInterruptMaskFromISR
                0x10008944        0x8 CMakeFiles/str_veicular_freertos.dir/FreeRTOS/portable/ThirdParty/GCC/RP2040/port.c.obj
                0x10008944                vClearInterruptMaskFromISR
 .text.xPortSysTickHandler
                0x1000894c       0x24 CMakeFiles/str_veicular_freertos.dir/FreeRTOS/portable/ThirdParty/GCC/RP2040/port.c.obj
                0x1000894c                xPortSysTickHandler
 .text.vPortSetupTimerInterrupt
                0x10008970       0x34 CMakeFiles/str_veicular_freertos.dir/FreeRTOS/portable/ThirdParty/GCC/RP2040/port.c.obj
                0x10008970                vPortSetupTimerInterrupt
 .text.xPortStartScheduler
                0x100089a4       0x9c CMakeFiles/str_veicular_freertos.dir/FreeRTOS/portable/ThirdParty/GCC/RP2040/port.c.obj
                0x100089a4                xPortStartScheduler
 .text.ulPortLockGetCurrentOwnerId
                0x10008a40       0x2c CMakeFiles/str_veicular_freertos.dir/FreeRTOS/portable/ThirdParty/GCC/RP2040/port.c.obj
                0x10008a40                ulPortLockGetCurrentOwnerId
 .text.vPortLockInternalSpinUnlockWithWait
                0x10008a6c       0x68 CMakeFiles/str_veicular_freertos.dir/FreeRTOS/portable/ThirdParty/GCC/RP2040/port.c.obj
                0x10008a6c                vPortLockInternalSpinUnlockWithWait
 .text.vPortLockInternalSpinUnlockWithNotify
                0x10008ad4       0xc8 CMakeFiles/str_veicular_freertos.dir/FreeRTOS/portable/ThirdParty/GCC/RP2040/port.c.obj
                0x10008ad4                vPortLockInternalSpinUnlockWithNotify
 .text.xPortLockInternalSpinUnlockWithBestEffortWaitOrTimeout
                0x10008b9c       0xf4 CMakeFiles/str_veicular_freertos.dir/FreeRTOS/portable/ThirdParty/GCC/RP2040/port.c.obj
                0x10008b9c                xPortLockInternalSpinUnlockWithBestEffortWaitOrTimeout
 .text.startup.prvRuntimeInitializer
                0x10008c90       0x28 CMakeFiles/str_veicular_freertos.dir/FreeRTOS/portable/ThirdParty/GCC/RP2040/port.c.obj
 .text.vEventGroupSetBitsCallback
                0x10008cb8       0x90 CMakeFiles/str_veicular_freertos.dir/FreeRTOS/event_groups.c.obj
                0x10008cb8                vEventGroupSetBitsCallback
 .text.xEventGroupCreate
                0x10008d48       0x18 CMakeFiles/str_veicular_freertos.dir/FreeRTOS/event_groups.c.obj
                0x10008d48                xEventGroupCreate
 .text.xEventGroupWaitBits
                0x10008d60       0xb8 CMakeFiles/str_veicular_freertos.dir/FreeRTOS/event_groups.c.obj
                0x10008d60                xEventGroupWaitBits
 .text.xEventGroupSetBits
                0x10008e18       0x9c CMakeFiles/str_veicular_freertos.dir/FreeRTOS/event_groups.c.obj
                0x10008e18                xEventGroupSetBits
 .text.xEventGroupSetBitsFromISR
                0x10008eb4       0x18 CMakeFiles/str_veicular_freertos.dir/FreeRTOS/event_groups.c.obj
                0x10008eb4                xEventGroupSetBitsFromISR
 .text.vListInitialise
                0x10008ecc       0x18 CMakeFiles/str_veicular_freertos.dir/FreeRTOS/list.c.obj
                0x10008ecc                vListInitialise
 .text.vListInitialiseItem
                0x10008ee4        0x8 CMakeFiles/str_veicular_freertos.dir/FreeRTOS/list.c.obj
                0x10008ee4                vListInitialiseItem
 .text.vListInsert
                0x10008eec       0x30 CMakeFiles/str_veicular_freertos.dir/FreeRTOS/list.c.obj
                0x10008eec                vListInsert
 .text.uxListRemove
                0x10008f1c       0x20 CMakeFiles/str_veicular_freertos.dir/FreeRTOS/list.c.obj
                0x10008f1c                uxListRemove
 .text.prvUnlockQueue
                0x10008f3c      0x17c CMakeFiles/str_veicular_freertos.dir/FreeRTOS/queue.c.obj
 .text.prvNotifyQueueSetContainer
                0x100090b8       0x90 CMakeFiles/str_veicular_freertos.dir/FreeRTOS/queue.c.obj
 .text.xQueueGenericCreate
                0x10009148       0xa4 CMakeFiles/str_veicular_freertos.dir/FreeRTOS/queue.c.obj
                0x10009148                xQueueGenericCreate
 .text.xQueueGenericSend
                0x100091ec      0x1d4 CMakeFiles/str_veicular_freertos.dir/FreeRTOS/queue.c.obj
                0x100091ec                xQueueGenericSend
 .text.xQueueGenericSendFromISR
                0x100093c0      0x150 CMakeFiles/str_veicular_freertos.dir/FreeRTOS/queue.c.obj
                0x100093c0                xQueueGenericSendFromISR
 .text.xQueueGiveFromISR
                0x10009510       0x7c CMakeFiles/str_veicular_freertos.dir/FreeRTOS/queue.c.obj
                0x10009510                xQueueGiveFromISR
 .text.xQueueReceive
                0x1000958c      0x11c CMakeFiles/str_veicular_freertos.dir/FreeRTOS/queue.c.obj
                0x1000958c                xQueueReceive
 .text.xQueueSemaphoreTake
                0x100096a8      0x144 CMakeFiles/str_veicular_freertos.dir/FreeRTOS/queue.c.obj
                0x100096a8                xQueueSemaphoreTake
 .text.vQueueAddToRegistry
                0x100097ec      0x118 CMakeFiles/str_veicular_freertos.dir/FreeRTOS/queue.c.obj
                0x100097ec                vQueueAddToRegistry
 .text.vQueueWaitForMessageRestricted
                0x10009904       0x48 CMakeFiles/str_veicular_freertos.dir/FreeRTOS/queue.c.obj
                0x10009904                vQueueWaitForMessageRestricted
 .text.prvAddNewTaskToReadyList
                0x1000994c      0x124 CMakeFiles/str_veicular_freertos.dir/FreeRTOS/tasks.c.obj
 .text.prvCreateTask
                0x10009a70      0x130 CMakeFiles/str_veicular_freertos.dir/FreeRTOS/tasks.c.obj
 .text.prvIdleTask
                0x10009ba0       0x60 CMakeFiles/str_veicular_freertos.dir/FreeRTOS/tasks.c.obj
 .text.xTaskIncrementTick.part.0
                0x10009c00      0x194 CMakeFiles/str_veicular_freertos.dir/FreeRTOS/tasks.c.obj
 .text.xTaskCreate
                0x10009d94       0x24 CMakeFiles/str_veicular_freertos.dir/FreeRTOS/tasks.c.obj
                0x10009d94                xTaskCreate
 .text.vTaskStartScheduler
                0x10009db8       0x74 CMakeFiles/str_veicular_freertos.dir/FreeRTOS/tasks.c.obj
                0x10009db8                vTaskStartScheduler
 .text.vTaskSuspendAll
                0x10009e2c       0x10 CMakeFiles/str_veicular_freertos.dir/FreeRTOS/tasks.c.obj
                0x10009e2c                vTaskSuspendAll
 .text.xTaskResumeAll
                0x10009e3c      0x188 CMakeFiles/str_veicular_freertos.dir/FreeRTOS/tasks.c.obj
                0x10009e3c                xTaskResumeAll
 .text.xTaskDelayUntil
                0x10009fc4       0xb4 CMakeFiles/str_veicular_freertos.dir/FreeRTOS/tasks.c.obj
                0x10009fc4                xTaskDelayUntil
 .text.vTaskDelay
                0x1000a078       0x84 CMakeFiles/str_veicular_freertos.dir/FreeRTOS/tasks.c.obj
                0x1000a078                vTaskDelay
 .text.xTaskGetTickCount
                0x1000a0fc        0xc CMakeFiles/str_veicular_freertos.dir/FreeRTOS/tasks.c.obj
                0x1000a0fc                xTaskGetTickCount
 .text.uxTaskGetNumberOfTasks
                0x1000a108        0xc CMakeFiles/str_veicular_freertos.dir/FreeRTOS/tasks.c.obj
                0x1000a108                uxTaskGetNumberOfTasks
 .text.xTaskIncrementTick
                0x1000a114       0x24 CMakeFiles/str_veicular_freertos.dir/FreeRTOS/tasks.c.obj
                0x1000a114                xTaskIncrementTick
 .text.vTaskSwitchContext
                0x1000a138       0x7c CMakeFiles/str_veicular_freertos.dir/FreeRTOS/tasks.c.obj
                0x1000a138                vTaskSwitchContext
 .text.vTaskPlaceOnEventList
                0x1000a1b4       0xa0 CMakeFiles/str_veicular_freertos.dir/FreeRTOS/tasks.c.obj
                0x1000a1b4                vTaskPlaceOnEventList
 .text.vTaskPlaceOnUnorderedEventList
                0x1000a254       0xc4 CMakeFiles/str_veicular_freertos.dir/FreeRTOS/tasks.c.obj
                0x1000a254                vTaskPlaceOnUnorderedEventList
 .text.vTaskPlaceOnEventListRestricted
                0x1000a318       0xf4 CMakeFiles/str_veicular_freertos.dir/FreeRTOS/tasks.c.obj
                0x1000a318                vTaskPlaceOnEventListRestricted
 .text.xTaskRemoveFromEventList
                0x1000a40c       0xcc CMakeFiles/str_veicular_freertos.dir/FreeRTOS/tasks.c.obj
                0x1000a40c                xTaskRemoveFromEventList
 .text.vTaskRemoveFromUnorderedEventList
                0x1000a4d8       0x94 CMakeFiles/str_veicular_freertos.dir/FreeRTOS/tasks.c.obj
                0x1000a4d8                vTaskRemoveFromUnorderedEventList
 .text.vTaskInternalSetTimeOutState
                0x1000a56c       0x18 CMakeFiles/str_veicular_freertos.dir/FreeRTOS/tasks.c.obj
                0x1000a56c                vTaskInternalSetTimeOutState
 .text.xTaskCheckForTimeOut
                0x1000a584       0x74 CMakeFiles/str_veicular_freertos.dir/FreeRTOS/tasks.c.obj
                0x1000a584                xTaskCheckForTimeOut
 .text.vTaskMissedYield
                0x1000a5f8        0xc CMakeFiles/str_veicular_freertos.dir/FreeRTOS/tasks.c.obj
                0x1000a5f8                vTaskMissedYield
 .text.xTaskGetCurrentTaskHandle
                0x1000a604        0xc CMakeFiles/str_veicular_freertos.dir/FreeRTOS/tasks.c.obj
                0x1000a604                xTaskGetCurrentTaskHandle
 .text.xTaskPriorityInherit
                0x1000a610       0x94 CMakeFiles/str_veicular_freertos.dir/FreeRTOS/tasks.c.obj
                0x1000a610                xTaskPriorityInherit
 .text.xTaskPriorityDisinherit
                0x1000a6a4       0x64 CMakeFiles/str_veicular_freertos.dir/FreeRTOS/tasks.c.obj
                0x1000a6a4                xTaskPriorityDisinherit
 .text.vTaskPriorityDisinheritAfterTimeout
                0x1000a708       0x7c CMakeFiles/str_veicular_freertos.dir/FreeRTOS/tasks.c.obj
                0x1000a708                vTaskPriorityDisinheritAfterTimeout
 .text.uxTaskResetEventItemValue
                0x1000a784       0x18 CMakeFiles/str_veicular_freertos.dir/FreeRTOS/tasks.c.obj
                0x1000a784                uxTaskResetEventItemValue
 .text.pvTaskIncrementMutexHeldCount
                0x1000a79c       0x14 CMakeFiles/str_veicular_freertos.dir/FreeRTOS/tasks.c.obj
                0x1000a79c                pvTaskIncrementMutexHeldCount
 .text.prvTimerTask
                0x1000a7b0      0x39c CMakeFiles/str_veicular_freertos.dir/FreeRTOS/timers.c.obj
 .text.xTimerCreateTimerTask
                0x1000ab4c       0x8c CMakeFiles/str_veicular_freertos.dir/FreeRTOS/timers.c.obj
                0x1000ab4c                xTimerCreateTimerTask
 .text.xTimerPendFunctionCallFromISR
                0x1000abd8       0x2c CMakeFiles/str_veicular_freertos.dir/FreeRTOS/timers.c.obj
                0x1000abd8                xTimerPendFunctionCallFromISR
 .text.exception_set_exclusive_handler
                0x1000ac04       0x48 CMakeFiles/str_veicular_freertos.dir/C_/Users/gmira/.pico-sdk/sdk/2.1.1/src/rp2_common/hardware_exception/exception.c.obj
                0x1000ac04                exception_set_exclusive_handler
 .text.calloc   0x1000ac4c       0x18 C:/Users/gmira/.pico-sdk/toolchain/14_2_Rel1/bin/../lib/gcc/arm-none-eabi/14.2.1/thumb/v6-m/nofp\libg.a(libc_a-calloc.o)
                0x1000ac4c                calloc
 .text._calloc_r
                0x1000ac64       0xa8 C:/Users/gmira/.pico-sdk/toolchain/14_2_Rel1/bin/../lib/gcc/arm-none-eabi/14.2.1/thumb/v6-m/nofp\libg.a(libc_a-callocr.o)
                0x1000ac64                _calloc_r
 .text.malloc   0x1000ad0c       0x14 C:/Users/gmira/.pico-sdk/toolchain/14_2_Rel1/bin/../lib/gcc/arm-none-eabi/14.2.1/thumb/v6-m/nofp\libg.a(libc_a-malloc.o)
                0x1000ad0c                malloc
 .text.free     0x1000ad20       0x14 C:/Users/gmira/.pico-sdk/toolchain/14_2_Rel1/bin/../lib/gcc/arm-none-eabi/14.2.1/thumb/v6-m/nofp\libg.a(libc_a-malloc.o)
                0x1000ad20                free
 .text._malloc_r
                0x1000ad34      0x5cc C:/Users/gmira/.pico-sdk/toolchain/14_2_Rel1/bin/../lib/gcc/arm-none-eabi/14.2.1/thumb/v6-m/nofp\libg.a(libc_a-mallocr.o)
                0x1000ad34                _malloc_r
 .text.__malloc_lock
                0x1000b300       0x10 C:/Users/gmira/.pico-sdk/toolchain/14_2_Rel1/bin/../lib/gcc/arm-none-eabi/14.2.1/thumb/v6-m/nofp\libg.a(libc_a-mlock.o)
                0x1000b300                __malloc_lock
 .text.__malloc_unlock
                0x1000b310       0x10 C:/Users/gmira/.pico-sdk/toolchain/14_2_Rel1/bin/../lib/gcc/arm-none-eabi/14.2.1/thumb/v6-m/nofp\libg.a(libc_a-mlock.o)
                0x1000b310                __malloc_unlock
 .text._sbrk_r  0x1000b320       0x24 C:/Users/gmira/.pico-sdk/toolchain/14_2_Rel1/bin/../lib/gcc/arm-none-eabi/14.2.1/thumb/v6-m/nofp\libg.a(libc_a-sbrkr.o)
                0x1000b320                _sbrk_r
 .text.__errno  0x1000b344        0xc C:/Users/gmira/.pico-sdk/toolchain/14_2_Rel1/bin/../lib/gcc/arm-none-eabi/14.2.1/thumb/v6-m/nofp\libg.a(libc_a-errno.o)
                0x1000b344                __errno
 .text.__retarget_lock_acquire_recursive
                0x1000b350        0x4 C:/Users/gmira/.pico-sdk/toolchain/14_2_Rel1/bin/../lib/gcc/arm-none-eabi/14.2.1/thumb/v6-m/nofp\libg.a(libc_a-lock.o)
                0x1000b350                __retarget_lock_acquire_recursive
 .text.__retarget_lock_release_recursive
                0x1000b354        0x4 C:/Users/gmira/.pico-sdk/toolchain/14_2_Rel1/bin/../lib/gcc/arm-none-eabi/14.2.1/thumb/v6-m/nofp\libg.a(libc_a-lock.o)
                0x1000b354                __retarget_lock_release_recursive
 .text.sysconf  0x1000b358       0x1c C:/Users/gmira/.pico-sdk/toolchain/14_2_Rel1/bin/../lib/gcc/arm-none-eabi/14.2.1/thumb/v6-m/nofp\libg.a(libc_a-sysconf.o)
                0x1000b358                sysconf
 .text.strcpy   0x1000b374       0x10 C:/Users/gmira/.pico-sdk/toolchain/14_2_Rel1/bin/../lib/gcc/arm-none-eabi/14.2.1/thumb/v6-m/nofp\libg.a(libc_a-strcpy.o)
                0x1000b374                strcpy
 .text.strlen   0x1000b384       0x5c C:/Users/gmira/.pico-sdk/toolchain/14_2_Rel1/bin/../lib/gcc/arm-none-eabi/14.2.1/thumb/v6-m/nofp\libg.a(libc_a-strlen-stub.o)
                0x1000b384                strlen
 .text._malloc_trim_r
                0x1000b3e0       0xb4 C:/Users/gmira/.pico-sdk/toolchain/14_2_Rel1/bin/../lib/gcc/arm-none-eabi/14.2.1/thumb/v6-m/nofp\libg.a(libc_a-freer.o)
                0x1000b3e0                _malloc_trim_r
 .text._free_r  0x1000b494      0x1f0 C:/Users/gmira/.pico-sdk/toolchain/14_2_Rel1/bin/../lib/gcc/arm-none-eabi/14.2.1/thumb/v6-m/nofp\libg.a(libc_a-freer.o)
                0x1000b494                _free_r
 *(.fini)
 .fini          0x1000b684        0x4 C:/Users/gmira/.pico-sdk/toolchain/14_2_Rel1/bin/../lib/gcc/arm-none-eabi/14.2.1/thumb/v6-m/nofp/crti.o
                0x1000b684                _fini
 .fini.__stub   0x1000b688       0xd0 linker stubs
 *crtbegin.o(.ctors)
 *crtbegin?.o(.ctors)
 *(EXCLUDE_FILE(*crtend.o *crtend?.o) .ctors)
 *(SORT_BY_NAME(.ctors.*))
 *(.ctors)
 *crtbegin.o(.dtors)
 *crtbegin?.o(.dtors)
 *(EXCLUDE_FILE(*crtend.o *crtend?.o) .dtors)
 *(SORT_BY_NAME(.dtors.*))
 *(.dtors)
                0x1000b758                        . = ALIGN (0x4)
                0x1000b758                        PROVIDE (__preinit_array_start = .)
 *(SORT_BY_NAME(.preinit_array.*))
 .preinit_array.00100
                0x1000b758        0x4 CMakeFiles/str_veicular_freertos.dir/C_/Users/gmira/.pico-sdk/sdk/2.1.1/src/rp2_common/pico_runtime_init/runtime_init.c.obj
                0x1000b758                __pre_init_runtime_init_early_resets
 .preinit_array.00101
                0x1000b75c        0x4 CMakeFiles/str_veicular_freertos.dir/C_/Users/gmira/.pico-sdk/sdk/2.1.1/src/rp2_common/pico_runtime_init/runtime_init.c.obj
                0x1000b75c                __pre_init_runtime_init_usb_power_down
 .preinit_array.00275
                0x1000b760        0x4 CMakeFiles/str_veicular_freertos.dir/C_/Users/gmira/.pico-sdk/sdk/2.1.1/src/rp2_common/pico_bit_ops/bit_ops_aeabi.S.obj
 .preinit_array.00300
                0x1000b764        0x4 CMakeFiles/str_veicular_freertos.dir/C_/Users/gmira/.pico-sdk/sdk/2.1.1/src/rp2_common/pico_mem_ops/mem_ops_aeabi.S.obj
 .preinit_array.00350
                0x1000b768        0x4 CMakeFiles/str_veicular_freertos.dir/C_/Users/gmira/.pico-sdk/sdk/2.1.1/src/rp2_common/pico_double/double_aeabi_rp2040.S.obj
 .preinit_array.00350
                0x1000b76c        0x4 CMakeFiles/str_veicular_freertos.dir/C_/Users/gmira/.pico-sdk/sdk/2.1.1/src/rp2_common/pico_float/float_aeabi_rp2040.S.obj
 .preinit_array.00500
                0x1000b770        0x4 CMakeFiles/str_veicular_freertos.dir/C_/Users/gmira/.pico-sdk/sdk/2.1.1/src/rp2_common/pico_runtime_init/runtime_init.c.obj
                0x1000b770                __pre_init_runtime_init_clocks
 .preinit_array.00600
                0x1000b774        0x4 CMakeFiles/str_veicular_freertos.dir/C_/Users/gmira/.pico-sdk/sdk/2.1.1/src/rp2_common/pico_runtime_init/runtime_init.c.obj
                0x1000b774                __pre_init_runtime_init_post_clock_resets
 .preinit_array.00700
                0x1000b778        0x4 CMakeFiles/str_veicular_freertos.dir/C_/Users/gmira/.pico-sdk/sdk/2.1.1/src/rp2_common/pico_runtime_init/runtime_init.c.obj
                0x1000b778                __pre_init_runtime_init_rp2040_gpio_ie_disable
 .preinit_array.01000
                0x1000b77c        0x4 CMakeFiles/str_veicular_freertos.dir/C_/Users/gmira/.pico-sdk/sdk/2.1.1/src/rp2_common/pico_runtime_init/runtime_init.c.obj
                0x1000b77c                __pre_init_runtime_init_spin_locks_reset
 .preinit_array.01100
                0x1000b780        0x4 CMakeFiles/str_veicular_freertos.dir/C_/Users/gmira/.pico-sdk/sdk/2.1.1/src/common/pico_sync/mutex.c.obj
                0x1000b780                __pre_init_runtime_init_mutex
 .preinit_array.10080
                0x1000b784        0x4 CMakeFiles/str_veicular_freertos.dir/C_/Users/gmira/.pico-sdk/sdk/2.1.1/src/rp2_common/pico_runtime_init/runtime_init.c.obj
                0x1000b784                __pre_init_runtime_init_install_ram_vector_table
 .preinit_array.11000
                0x1000b788        0x4 CMakeFiles/str_veicular_freertos.dir/C_/Users/gmira/.pico-sdk/sdk/2.1.1/src/common/pico_time/time.c.obj
                0x1000b788                __pre_init_runtime_init_default_alarm_pool
 .preinit_array.YYYYY
                0x1000b78c        0x4 CMakeFiles/str_veicular_freertos.dir/C_/Users/gmira/.pico-sdk/sdk/2.1.1/src/rp2_common/pico_runtime/runtime.c.obj
                0x1000b78c                __pre_init_first_per_core_initializer
 .preinit_array.ZZZZZ.01200
                0x1000b790        0x4 CMakeFiles/str_veicular_freertos.dir/C_/Users/gmira/.pico-sdk/sdk/2.1.1/src/rp2_common/hardware_irq/irq.c.obj
                0x1000b790                __pre_init_runtime_init_per_core_irq_priorities
 *(.preinit_array)
                0x1000b794                        PROVIDE (__preinit_array_end = .)
                0x1000b794                        . = ALIGN (0x4)
                0x1000b794                        PROVIDE (__init_array_start = .)
 *(SORT_BY_NAME(.init_array.*))
 *(.init_array)
 .init_array    0x1000b794        0x4 C:/Users/gmira/.pico-sdk/toolchain/14_2_Rel1/bin/../lib/gcc/arm-none-eabi/14.2.1/thumb/v6-m/nofp/crtbegin.o
 .init_array    0x1000b798        0x4 CMakeFiles/str_veicular_freertos.dir/C_/Users/gmira/.pico-sdk/sdk/2.1.1/src/rp2_common/pico_unique_id/unique_id.c.obj
 .init_array    0x1000b79c        0x4 CMakeFiles/str_veicular_freertos.dir/FreeRTOS/portable/ThirdParty/GCC/RP2040/port.c.obj
                0x1000b7a0                        PROVIDE (__init_array_end = .)
                0x1000b7a0                        . = ALIGN (0x4)
                [!provide]                        PROVIDE (__fini_array_start = .)
 *(SORT_BY_NAME(.fini_array.*))
 *(.fini_array)
                [!provide]                        PROVIDE (__fini_array_end = .)
 *(.eh_frame*)
 .eh_frame      0x1000b7a0        0x0 C:/Users/gmira/.pico-sdk/toolchain/14_2_Rel1/bin/../lib/gcc/arm-none-eabi/14.2.1/thumb/v6-m/nofp/crtbegin.o
                0x1000b7a0                        . = ALIGN (0x4)

.glue_7         0x1000b7a0        0x0
 .glue_7        0x1000b7a0        0x0 linker stubs

.glue_7t        0x1000b7a0        0x0
 .glue_7t       0x1000b7a0        0x0 linker stubs

.vfp11_veneer   0x1000b7a0        0x0
 .vfp11_veneer  0x1000b7a0        0x0 linker stubs

.v4_bx          0x1000b7a0        0x0
 .v4_bx         0x1000b7a0        0x0 linker stubs

.iplt           0x1000b7a0        0x0
 .iplt          0x1000b7a0        0x0 C:/Users/gmira/.pico-sdk/toolchain/14_2_Rel1/bin/../lib/gcc/arm-none-eabi/14.2.1/thumb/v6-m/nofp/crtbegin.o

.rodata         0x1000b7a0      0xc2c
 *(EXCLUDE_FILE(*libm.a: *libc.a:*lib_a-mem*.o *libgcc.a:) .rodata*)
 .rodata.task_logica_abs.str1.4
                0x1000b7a0      0x3a0 CMakeFiles/str_veicular_freertos.dir/src/main.c.obj
                                 0x43 (size before relaxing)
 .rodata.task_logica_airbag.str1.4
                0x1000bb40       0x47 CMakeFiles/str_veicular_freertos.dir/src/main.c.obj
 .rodata.task_comando_piloto.str1.4
                0x1000bb40       0x3b CMakeFiles/str_veicular_freertos.dir/src/main.c.obj
 .rodata.task_gerencia_display.str1.4
                0x1000bb40       0x2d CMakeFiles/str_veicular_freertos.dir/src/main.c.obj
 .rodata.main.str1.4
                0x1000bb40       0xd6 CMakeFiles/str_veicular_freertos.dir/src/main.c.obj
 .rodata        0x1000bb40       0x39 CMakeFiles/str_veicular_freertos.dir/src/main.c.obj
 *fill*         0x1000bb79        0x3 
 .rodata.ssd1306_draw_string
                0x1000bb7c       0xe0 CMakeFiles/str_veicular_freertos.dir/include/ssd1306_i2c.c.obj
 *fill*         0x1000bc5c        0x4 
 .rodata.font   0x1000bc60      0x168 CMakeFiles/str_veicular_freertos.dir/include/ssd1306_i2c.c.obj
 .rodata        0x1000bdc8       0x1a CMakeFiles/str_veicular_freertos.dir/include/ssd1306_i2c.c.obj
 *fill*         0x1000bde2        0x2 
 .rodata.ws2818b_program
                0x1000bde4        0x8 CMakeFiles/str_veicular_freertos.dir/include/neopixel.c.obj
 .rodata.ws2818b_program_instructions
                0x1000bdec        0x8 CMakeFiles/str_veicular_freertos.dir/include/neopixel.c.obj
 .rodata.panic.str1.4
                0x1000bdf4       0x12 CMakeFiles/str_veicular_freertos.dir/C_/Users/gmira/.pico-sdk/sdk/2.1.1/src/rp2_common/pico_platform_panic/panic.c.obj
 .rodata.panic_unsupported.str1.4
                0x1000bdf4        0xe CMakeFiles/str_veicular_freertos.dir/C_/Users/gmira/.pico-sdk/sdk/2.1.1/src/rp2_common/pico_platform_panic/panic.c.obj
 .rodata.spin_lock_claim_unused.str1.4
                0x1000bdf4       0x1b CMakeFiles/str_veicular_freertos.dir/C_/Users/gmira/.pico-sdk/sdk/2.1.1/src/rp2_common/hardware_sync/sync.c.obj
 .rodata.user_irq_claim_unused.str1.4
                0x1000bdf4       0x1b CMakeFiles/str_veicular_freertos.dir/C_/Users/gmira/.pico-sdk/sdk/2.1.1/src/rp2_common/hardware_irq/irq.c.obj
 .rodata.timer_hardware_alarm_claim.str1.4
                0x1000bdf4       0x22 CMakeFiles/str_veicular_freertos.dir/C_/Users/gmira/.pico-sdk/sdk/2.1.1/src/rp2_common/hardware_timer/timer.c.obj
 .rodata.hard_assertion_failure.str1.4
                0x1000bdf4        0xc CMakeFiles/str_veicular_freertos.dir/C_/Users/gmira/.pico-sdk/sdk/2.1.1/src/rp2_common/pico_runtime/runtime.c.obj
 .rodata.__wrap_malloc.str1.4
                0x1000bdf4        0xe CMakeFiles/str_veicular_freertos.dir/C_/Users/gmira/.pico-sdk/sdk/2.1.1/src/rp2_common/pico_malloc/malloc.c.obj
 .rodata.str1.4
                0x1000bdf4       0x4c CMakeFiles/str_veicular_freertos.dir/C_/Users/gmira/.pico-sdk/sdk/2.1.1/src/rp2_common/pico_standard_binary_info/standard_binary_info.c.obj
 .rodata.__bi_84